[0;31;49m╔═╗╔═╗╔═╗[0m[0;35;49m┬  ┌─┐┬ ┬[0m
[0;32;49m╠═╣║  ╠╣ [0m[0;35;49m│  │ ││││[0m
[0;34;49m╩ ╩╚═╝╚  [0m[0;35;49m┴─┘└─┘└┴┘[0m
[0;30;49mA Modern Toolkit for Analytical Continuation Problems
[0m[0;30;49mPackage: [0m[0;35;49mACFlow
[0m[0;30;49mVersion: [0m[0;35;49m1.3.5-devel.230127
[0m[0;30;49mRelease: [0m[0;35;49m2023/01
[0m
[ Overview ]
Time : 2023-01-29 / 13:41:49
Para : Using 1 processor (myid = 1)
Dirs : /Users/lihuang/Working/devel/acflow/test/Y09/t20
Task : ac.toml

[ StochPX ]
Create infrastructure for Monte Carlo sampling
Randomize Monte Carlo configurations
Postprocess input data: 10 points
Build grid for input data: 10 points
Build mesh for spectrum: 501 points
Start thermalization...
Start stochastic sampling...
try =      1 -> [χ² = 3.6228e-06]
try =      2 -> [χ² = 3.5974e-06]
try =      3 -> [χ² = 3.5944e-06]
try =      4 -> [χ² = 3.7496e-06]
try =      5 -> [χ² = 3.6687e-06]
try =      6 -> [χ² = 3.5357e-06]
try =      7 -> [χ² = 3.5738e-06]
try =      8 -> [χ² = 3.6438e-06]
try =      9 -> [χ² = 3.5795e-06]
try =     10 -> [χ² = 3.6398e-06]
try =     11 -> [χ² = 3.6294e-06]
try =     12 -> [χ² = 3.5462e-06]
try =     13 -> [χ² = 3.5902e-06]
try =     14 -> [χ² = 3.5640e-06]
try =     15 -> [χ² = 3.6266e-06]
try =     16 -> [χ² = 3.5616e-06]
try =     17 -> [χ² = 3.5514e-06]
try =     18 -> [χ² = 3.5481e-06]
try =     19 -> [χ² = 3.5397e-06]
try =     20 -> [χ² = 3.6738e-06]
try =     21 -> [χ² = 3.4732e-06]
try =     22 -> [χ² = 3.5696e-06]
try =     23 -> [χ² = 3.6131e-06]
try =     24 -> [χ² = 3.7067e-06]
try =     25 -> [χ² = 3.4594e-06]
try =     26 -> [χ² = 3.5674e-06]
try =     27 -> [χ² = 3.6080e-06]
try =     28 -> [χ² = 3.6431e-06]
try =     29 -> [χ² = 3.6276e-06]
try =     30 -> [χ² = 3.4885e-06]
try =     31 -> [χ² = 3.6605e-06]
try =     32 -> [χ² = 3.4750e-06]
try =     33 -> [χ² = 3.5159e-06]
try =     34 -> [χ² = 3.7092e-06]
try =     35 -> [χ² = 3.6481e-06]
try =     36 -> [χ² = 3.6307e-06]
try =     37 -> [χ² = 3.5288e-06]
try =     38 -> [χ² = 3.4929e-06]
try =     39 -> [χ² = 3.6029e-06]
try =     40 -> [χ² = 3.5588e-06]
try =     41 -> [χ² = 3.6309e-06]
try =     42 -> [χ² = 3.6222e-06]
try =     43 -> [χ² = 3.5457e-06]
try =     44 -> [χ² = 3.5500e-06]
try =     45 -> [χ² = 3.6605e-06]
try =     46 -> [χ² = 3.5784e-06]
try =     47 -> [χ² = 3.5748e-06]
try =     48 -> [χ² = 3.5754e-06]
try =     49 -> [χ² = 3.5615e-06]
try =     50 -> [χ² = 3.5993e-06]
try =     51 -> [χ² = 3.4633e-06]
try =     52 -> [χ² = 3.5832e-06]
try =     53 -> [χ² = 3.6112e-06]
try =     54 -> [χ² = 3.6230e-06]
try =     55 -> [χ² = 3.5140e-06]
try =     56 -> [χ² = 3.5903e-06]
try =     57 -> [χ² = 3.5302e-06]
try =     58 -> [χ² = 3.4757e-06]
try =     59 -> [χ² = 3.5466e-06]
try =     60 -> [χ² = 3.6331e-06]
try =     61 -> [χ² = 3.5095e-06]
try =     62 -> [χ² = 3.5388e-06]
try =     63 -> [χ² = 3.6234e-06]
try =     64 -> [χ² = 3.6204e-06]
try =     65 -> [χ² = 3.5922e-06]
try =     66 -> [χ² = 3.6206e-06]
try =     67 -> [χ² = 3.5906e-06]
try =     68 -> [χ² = 3.6093e-06]
try =     69 -> [χ² = 3.6161e-06]
try =     70 -> [χ² = 3.5454e-06]
try =     71 -> [χ² = 3.4741e-06]
try =     72 -> [χ² = 3.5145e-06]
try =     73 -> [χ² = 3.5192e-06]
try =     74 -> [χ² = 3.5747e-06]
try =     75 -> [χ² = 3.5543e-06]
try =     76 -> [χ² = 3.5365e-06]
try =     77 -> [χ² = 3.5433e-06]
try =     78 -> [χ² = 3.6365e-06]
try =     79 -> [χ² = 3.7098e-06]
try =     80 -> [χ² = 3.7273e-06]
try =     81 -> [χ² = 3.6121e-06]
try =     82 -> [χ² = 3.6271e-06]
try =     83 -> [χ² = 3.6255e-06]
try =     84 -> [χ² = 3.5823e-06]
try =     85 -> [χ² = 3.6199e-06]
try =     86 -> [χ² = 3.5297e-06]
try =     87 -> [χ² = 3.5122e-06]
try =     88 -> [χ² = 3.5151e-06]
try =     89 -> [χ² = 3.4595e-06]
try =     90 -> [χ² = 3.6503e-06]
try =     91 -> [χ² = 3.5505e-06]
try =     92 -> [χ² = 3.5215e-06]
try =     93 -> [χ² = 3.4137e-06]
try =     94 -> [χ² = 3.5082e-06]
try =     95 -> [χ² = 3.5215e-06]
try =     96 -> [χ² = 3.5003e-06]
try =     97 -> [χ² = 3.5858e-06]
try =     98 -> [χ² = 3.5335e-06]
try =     99 -> [χ² = 3.5078e-06]
try =    100 -> [χ² = 3.5037e-06]
try =    101 -> [χ² = 3.5337e-06]
try =    102 -> [χ² = 3.4703e-06]
try =    103 -> [χ² = 3.6818e-06]
try =    104 -> [χ² = 3.7443e-06]
try =    105 -> [χ² = 3.5804e-06]
try =    106 -> [χ² = 3.3666e-06]
try =    107 -> [χ² = 3.5574e-06]
try =    108 -> [χ² = 3.5704e-06]
try =    109 -> [χ² = 3.5767e-06]
try =    110 -> [χ² = 3.6145e-06]
try =    111 -> [χ² = 3.6979e-06]
try =    112 -> [χ² = 3.5705e-06]
try =    113 -> [χ² = 3.5069e-06]
try =    114 -> [χ² = 3.5791e-06]
try =    115 -> [χ² = 3.7016e-06]
try =    116 -> [χ² = 3.5512e-06]
try =    117 -> [χ² = 3.6452e-06]
try =    118 -> [χ² = 3.7436e-06]
try =    119 -> [χ² = 3.6544e-06]
try =    120 -> [χ² = 3.6811e-06]
try =    121 -> [χ² = 3.5751e-06]
try =    122 -> [χ² = 3.6166e-06]
try =    123 -> [χ² = 3.7162e-06]
try =    124 -> [χ² = 3.6605e-06]
try =    125 -> [χ² = 3.5894e-06]
try =    126 -> [χ² = 3.6006e-06]
try =    127 -> [χ² = 3.5752e-06]
try =    128 -> [χ² = 3.6606e-06]
try =    129 -> [χ² = 3.5625e-06]
try =    130 -> [χ² = 3.5369e-06]
try =    131 -> [χ² = 3.5013e-06]
try =    132 -> [χ² = 3.4755e-06]
try =    133 -> [χ² = 3.5581e-06]
try =    134 -> [χ² = 3.6726e-06]
try =    135 -> [χ² = 3.5715e-06]
try =    136 -> [χ² = 3.7057e-06]
try =    137 -> [χ² = 3.6758e-06]
try =    138 -> [χ² = 3.7185e-06]
try =    139 -> [χ² = 3.6805e-06]
try =    140 -> [χ² = 3.6241e-06]
try =    141 -> [χ² = 3.6453e-06]
try =    142 -> [χ² = 3.6133e-06]
try =    143 -> [χ² = 3.6175e-06]
try =    144 -> [χ² = 3.6632e-06]
try =    145 -> [χ² = 3.6071e-06]
try =    146 -> [χ² = 3.6414e-06]
try =    147 -> [χ² = 3.4855e-06]
try =    148 -> [χ² = 3.5726e-06]
try =    149 -> [χ² = 3.5983e-06]
try =    150 -> [χ² = 3.5194e-06]
try =    151 -> [χ² = 3.5722e-06]
try =    152 -> [χ² = 3.5357e-06]
try =    153 -> [χ² = 3.5740e-06]
try =    154 -> [χ² = 3.5376e-06]
try =    155 -> [χ² = 3.6284e-06]
try =    156 -> [χ² = 3.3646e-06]
try =    157 -> [χ² = 3.5180e-06]
try =    158 -> [χ² = 3.6105e-06]
try =    159 -> [χ² = 3.4948e-06]
try =    160 -> [χ² = 3.6044e-06]
try =    161 -> [χ² = 3.6724e-06]
try =    162 -> [χ² = 3.5771e-06]
try =    163 -> [χ² = 3.6204e-06]
try =    164 -> [χ² = 3.5674e-06]
try =    165 -> [χ² = 3.6294e-06]
try =    166 -> [χ² = 3.5919e-06]
try =    167 -> [χ² = 3.6283e-06]
try =    168 -> [χ² = 3.5666e-06]
try =    169 -> [χ² = 3.5314e-06]
try =    170 -> [χ² = 3.5313e-06]
try =    171 -> [χ² = 3.5500e-06]
try =    172 -> [χ² = 3.5009e-06]
try =    173 -> [χ² = 3.5460e-06]
try =    174 -> [χ² = 3.6311e-06]
try =    175 -> [χ² = 3.4685e-06]
try =    176 -> [χ² = 3.6363e-06]
try =    177 -> [χ² = 3.5863e-06]
try =    178 -> [χ² = 3.5105e-06]
try =    179 -> [χ² = 3.6480e-06]
try =    180 -> [χ² = 3.5215e-06]
try =    181 -> [χ² = 3.4906e-06]
try =    182 -> [χ² = 3.5355e-06]
try =    183 -> [χ² = 3.5305e-06]
try =    184 -> [χ² = 3.4619e-06]
try =    185 -> [χ² = 3.4808e-06]
try =    186 -> [χ² = 3.5132e-06]
try =    187 -> [χ² = 3.6603e-06]
try =    188 -> [χ² = 3.6175e-06]
try =    189 -> [χ² = 3.4641e-06]
try =    190 -> [χ² = 3.5231e-06]
try =    191 -> [χ² = 3.5464e-06]
try =    192 -> [χ² = 3.6327e-06]
try =    193 -> [χ² = 3.6521e-06]
try =    194 -> [χ² = 3.5524e-06]
try =    195 -> [χ² = 3.6977e-06]
try =    196 -> [χ² = 3.6881e-06]
try =    197 -> [χ² = 3.6484e-06]
try =    198 -> [χ² = 3.5689e-06]
try =    199 -> [χ² = 3.6522e-06]
try =    200 -> [χ² = 3.5626e-06]
Mean value of χ²: 3.5816220652643006e-6
Median value of χ²: 3.576879554487225e-6
Accumulate 100 solutions to get the spectral density
The analytical continuation problem is solved successfully.
