[0;31;49m╔═╗╔═╗╔═╗[0m[0;35;49m┬  ┌─┐┬ ┬[0m
[0;32;49m╠═╣║  ╠╣ [0m[0;35;49m│  │ ││││[0m
[0;34;49m╩ ╩╚═╝╚  [0m[0;35;49m┴─┘└─┘└┴┘[0m
[0;30;49mA Modern Toolkit for Analytical Continuation Problems
[0m[0;30;49mPackage: [0m[0;35;49mACFlow
[0m[0;30;49mVersion: [0m[0;35;49m1.3.6-devel.230129
[0m[0;30;49mRelease: [0m[0;35;49m2023/01
[0m
[ Overview ]
Time : 2023-01-29 / 17:30:42
Para : Using 1 processor (myid = 1)
Dirs : /Users/lihuang/Working/devel/acflow/test/Y09/t03
Task : ac.toml

[ StochPX ]
Create infrastructure for Monte Carlo sampling
Randomize Monte Carlo configurations
Postprocess input data: 10 points
Build grid for input data: 10 points
Build mesh for spectrum: 501 points
Start thermalization...
Start stochastic sampling...
try =      1 -> [χ² = 4.4151e-07]
try =      2 -> [χ² = 3.3052e-07]
try =      3 -> [χ² = 3.4671e-07]
try =      4 -> [χ² = 4.0701e-07]
try =      5 -> [χ² = 2.7220e-07]
try =      6 -> [χ² = 2.6965e-07]
try =      7 -> [χ² = 4.1431e-07]
try =      8 -> [χ² = 3.8973e-07]
try =      9 -> [χ² = 2.8696e-07]
try =     10 -> [χ² = 3.2291e-07]
try =     11 -> [χ² = 3.4195e-07]
try =     12 -> [χ² = 4.9002e-07]
try =     13 -> [χ² = 4.3003e-07]
try =     14 -> [χ² = 2.6496e-07]
try =     15 -> [χ² = 3.9120e-07]
try =     16 -> [χ² = 3.3177e-07]
try =     17 -> [χ² = 2.0965e-07]
try =     18 -> [χ² = 3.9214e-07]
try =     19 -> [χ² = 3.3047e-07]
try =     20 -> [χ² = 3.6361e-07]
try =     21 -> [χ² = 3.4896e-07]
try =     22 -> [χ² = 3.2485e-07]
try =     23 -> [χ² = 1.9419e-07]
try =     24 -> [χ² = 3.4694e-07]
try =     25 -> [χ² = 4.2605e-07]
try =     26 -> [χ² = 2.8217e-07]
try =     27 -> [χ² = 4.5885e-07]
try =     28 -> [χ² = 2.6475e-07]
try =     29 -> [χ² = 3.9628e-07]
try =     30 -> [χ² = 4.2135e-07]
try =     31 -> [χ² = 3.9242e-07]
try =     32 -> [χ² = 4.0668e-07]
try =     33 -> [χ² = 3.1323e-07]
try =     34 -> [χ² = 3.6002e-07]
try =     35 -> [χ² = 4.4099e-07]
try =     36 -> [χ² = 3.2823e-07]
try =     37 -> [χ² = 2.9485e-07]
try =     38 -> [χ² = 5.1332e-07]
try =     39 -> [χ² = 4.0335e-07]
try =     40 -> [χ² = 3.3543e-07]
try =     41 -> [χ² = 4.2695e-07]
try =     42 -> [χ² = 4.8387e-07]
try =     43 -> [χ² = 5.4171e-07]
try =     44 -> [χ² = 4.1929e-07]
try =     45 -> [χ² = 2.9956e-07]
try =     46 -> [χ² = 2.9098e-07]
try =     47 -> [χ² = 3.7252e-07]
try =     48 -> [χ² = 2.2697e-07]
try =     49 -> [χ² = 3.4970e-07]
try =     50 -> [χ² = 3.4313e-07]
try =     51 -> [χ² = 3.1031e-07]
try =     52 -> [χ² = 2.5835e-07]
try =     53 -> [χ² = 3.9732e-07]
try =     54 -> [χ² = 3.2674e-07]
try =     55 -> [χ² = 2.4981e-07]
try =     56 -> [χ² = 2.8711e-07]
try =     57 -> [χ² = 2.5531e-07]
try =     58 -> [χ² = 2.9695e-07]
try =     59 -> [χ² = 2.6172e-07]
try =     60 -> [χ² = 2.9146e-07]
try =     61 -> [χ² = 2.8484e-07]
try =     62 -> [χ² = 3.7282e-07]
try =     63 -> [χ² = 2.4112e-07]
try =     64 -> [χ² = 3.2318e-07]
try =     65 -> [χ² = 3.4032e-07]
try =     66 -> [χ² = 4.1205e-07]
try =     67 -> [χ² = 2.5147e-07]
try =     68 -> [χ² = 2.8813e-07]
try =     69 -> [χ² = 3.6127e-07]
try =     70 -> [χ² = 2.5616e-07]
try =     71 -> [χ² = 2.8724e-07]
try =     72 -> [χ² = 3.1925e-07]
try =     73 -> [χ² = 2.5726e-07]
try =     74 -> [χ² = 3.9204e-07]
try =     75 -> [χ² = 3.2569e-07]
try =     76 -> [χ² = 3.6485e-07]
try =     77 -> [χ² = 4.5299e-07]
try =     78 -> [χ² = 2.9175e-07]
try =     79 -> [χ² = 2.9864e-07]
try =     80 -> [χ² = 2.8479e-07]
try =     81 -> [χ² = 4.0253e-07]
try =     82 -> [χ² = 3.1929e-07]
try =     83 -> [χ² = 2.6233e-07]
try =     84 -> [χ² = 3.3944e-07]
try =     85 -> [χ² = 3.7322e-07]
try =     86 -> [χ² = 3.9613e-07]
try =     87 -> [χ² = 3.1695e-07]
try =     88 -> [χ² = 3.1054e-07]
try =     89 -> [χ² = 3.3741e-07]
try =     90 -> [χ² = 3.1309e-07]
try =     91 -> [χ² = 3.8639e-07]
try =     92 -> [χ² = 3.6410e-07]
try =     93 -> [χ² = 2.4058e-07]
try =     94 -> [χ² = 3.1813e-07]
try =     95 -> [χ² = 2.7568e-07]
try =     96 -> [χ² = 2.8993e-07]
try =     97 -> [χ² = 3.1520e-07]
try =     98 -> [χ² = 2.4164e-07]
try =     99 -> [χ² = 4.6598e-07]
try =    100 -> [χ² = 3.5078e-07]
try =    101 -> [χ² = 4.4718e-07]
try =    102 -> [χ² = 2.7655e-07]
try =    103 -> [χ² = 3.8602e-07]
try =    104 -> [χ² = 2.5675e-07]
try =    105 -> [χ² = 3.9292e-07]
try =    106 -> [χ² = 3.1667e-07]
try =    107 -> [χ² = 3.2238e-07]
try =    108 -> [χ² = 3.8060e-07]
try =    109 -> [χ² = 3.0468e-07]
try =    110 -> [χ² = 2.8675e-07]
try =    111 -> [χ² = 3.4601e-07]
try =    112 -> [χ² = 4.3638e-07]
try =    113 -> [χ² = 3.9751e-07]
try =    114 -> [χ² = 3.1212e-07]
try =    115 -> [χ² = 4.2954e-07]
try =    116 -> [χ² = 2.8905e-07]
try =    117 -> [χ² = 2.9676e-07]
try =    118 -> [χ² = 2.7637e-07]
try =    119 -> [χ² = 4.4111e-07]
try =    120 -> [χ² = 3.7934e-07]
try =    121 -> [χ² = 3.2322e-07]
try =    122 -> [χ² = 3.7696e-07]
try =    123 -> [χ² = 2.6971e-07]
try =    124 -> [χ² = 3.7118e-07]
try =    125 -> [χ² = 3.0783e-07]
try =    126 -> [χ² = 3.2078e-07]
try =    127 -> [χ² = 3.0354e-07]
try =    128 -> [χ² = 3.2670e-07]
try =    129 -> [χ² = 3.1100e-07]
try =    130 -> [χ² = 3.0167e-07]
try =    131 -> [χ² = 3.0974e-07]
try =    132 -> [χ² = 2.6343e-07]
try =    133 -> [χ² = 3.5053e-07]
try =    134 -> [χ² = 3.8313e-07]
try =    135 -> [χ² = 2.7185e-07]
try =    136 -> [χ² = 2.0291e-07]
try =    137 -> [χ² = 2.7102e-07]
try =    138 -> [χ² = 3.5642e-07]
try =    139 -> [χ² = 1.8385e-07]
try =    140 -> [χ² = 2.8750e-07]
try =    141 -> [χ² = 3.2603e-07]
try =    142 -> [χ² = 2.1554e-07]
try =    143 -> [χ² = 4.0851e-07]
try =    144 -> [χ² = 3.7725e-07]
try =    145 -> [χ² = 3.5227e-07]
try =    146 -> [χ² = 3.3330e-07]
try =    147 -> [χ² = 2.4699e-07]
try =    148 -> [χ² = 3.8939e-07]
try =    149 -> [χ² = 3.5751e-07]
try =    150 -> [χ² = 3.0271e-07]
try =    151 -> [χ² = 3.8719e-07]
try =    152 -> [χ² = 3.9078e-07]
try =    153 -> [χ² = 2.3629e-07]
try =    154 -> [χ² = 3.6363e-07]
try =    155 -> [χ² = 2.7067e-07]
try =    156 -> [χ² = 3.3196e-07]
try =    157 -> [χ² = 3.6388e-07]
try =    158 -> [χ² = 2.4520e-07]
try =    159 -> [χ² = 3.9544e-07]
try =    160 -> [χ² = 2.8739e-07]
try =    161 -> [χ² = 3.8378e-07]
try =    162 -> [χ² = 5.1528e-07]
try =    163 -> [χ² = 2.9238e-07]
try =    164 -> [χ² = 4.5922e-07]
try =    165 -> [χ² = 3.3472e-07]
try =    166 -> [χ² = 2.6899e-07]
try =    167 -> [χ² = 2.5628e-07]
try =    168 -> [χ² = 2.7183e-07]
try =    169 -> [χ² = 3.0610e-07]
try =    170 -> [χ² = 3.1524e-07]
try =    171 -> [χ² = 3.3129e-07]
try =    172 -> [χ² = 3.1391e-07]
try =    173 -> [χ² = 3.7174e-07]
try =    174 -> [χ² = 3.7439e-07]
try =    175 -> [χ² = 3.4778e-07]
try =    176 -> [χ² = 3.0791e-07]
try =    177 -> [χ² = 3.3604e-07]
try =    178 -> [χ² = 3.2443e-07]
try =    179 -> [χ² = 3.7204e-07]
try =    180 -> [χ² = 3.9095e-07]
try =    181 -> [χ² = 2.7769e-07]
try =    182 -> [χ² = 1.8750e-07]
try =    183 -> [χ² = 2.6709e-07]
try =    184 -> [χ² = 3.0773e-07]
try =    185 -> [χ² = 2.8481e-07]
try =    186 -> [χ² = 5.4838e-07]
try =    187 -> [χ² = 4.6949e-07]
try =    188 -> [χ² = 2.9750e-07]
try =    189 -> [χ² = 2.3648e-07]
try =    190 -> [χ² = 3.0825e-07]
try =    191 -> [χ² = 2.6742e-07]
try =    192 -> [χ² = 2.1127e-07]
try =    193 -> [χ² = 2.9551e-07]
try =    194 -> [χ² = 3.2454e-07]
try =    195 -> [χ² = 2.9622e-07]
try =    196 -> [χ² = 4.1988e-07]
try =    197 -> [χ² = 4.7518e-07]
try =    198 -> [χ² = 3.9018e-07]
try =    199 -> [χ² = 4.8666e-07]
try =    200 -> [χ² = 6.0263e-07]
Mean value of χ²: 3.373670695541568e-7
Median value of χ²: 3.2585987182909707e-7
Accumulate 35 solutions to get the spectral density
The analytical continuation problem is solved successfully.
