[0;31;49m╔═╗╔═╗╔═╗[0m[0;35;49m┬  ┌─┐┬ ┬[0m
[0;32;49m╠═╣║  ╠╣ [0m[0;35;49m│  │ ││││[0m
[0;34;49m╩ ╩╚═╝╚  [0m[0;35;49m┴─┘└─┘└┴┘[0m
[0;30;49mA Modern Toolkit for Analytical Continuation Problems
[0m[0;30;49mPackage: [0m[0;35;49mACFlow
[0m[0;30;49mVersion: [0m[0;35;49m1.3.6-devel.230129
[0m[0;30;49mRelease: [0m[0;35;49m2023/01
[0m
[ Overview ]
Time : 2023-01-29 / 17:02:17
Para : Using 1 processor (myid = 1)
Dirs : /Users/lihuang/Working/devel/acflow/test/Y09/t30
Task : ac.toml

[ StochPX ]
Create infrastructure for Monte Carlo sampling
Randomize Monte Carlo configurations
Postprocess input data: 10 points
Build grid for input data: 10 points
Build mesh for spectrum: 501 points
Start thermalization...
Start stochastic sampling...
try =      1 -> [χ² = 2.3497e-08]
try =      2 -> [χ² = 2.3406e-08]
try =      3 -> [χ² = 2.3171e-08]
try =      4 -> [χ² = 2.3442e-08]
try =      5 -> [χ² = 2.3358e-08]
try =      6 -> [χ² = 2.3334e-08]
try =      7 -> [χ² = 2.3361e-08]
try =      8 -> [χ² = 2.3356e-08]
try =      9 -> [χ² = 2.3048e-08]
try =     10 -> [χ² = 2.3356e-08]
try =     11 -> [χ² = 2.3460e-08]
try =     12 -> [χ² = 2.3326e-08]
try =     13 -> [χ² = 2.3403e-08]
try =     14 -> [χ² = 2.3094e-08]
try =     15 -> [χ² = 2.3702e-08]
try =     16 -> [χ² = 2.3285e-08]
try =     17 -> [χ² = 2.3039e-08]
try =     18 -> [χ² = 2.3364e-08]
try =     19 -> [χ² = 2.3114e-08]
try =     20 -> [χ² = 2.3546e-08]
try =     21 -> [χ² = 2.3106e-08]
try =     22 -> [χ² = 2.3046e-08]
try =     23 -> [χ² = 2.3235e-08]
try =     24 -> [χ² = 2.3032e-08]
try =     25 -> [χ² = 2.3079e-08]
try =     26 -> [χ² = 2.3114e-08]
try =     27 -> [χ² = 2.3042e-08]
try =     28 -> [χ² = 2.3028e-08]
try =     29 -> [χ² = 2.3193e-08]
try =     30 -> [χ² = 2.3501e-08]
try =     31 -> [χ² = 2.3358e-08]
try =     32 -> [χ² = 2.3049e-08]
try =     33 -> [χ² = 2.2994e-08]
try =     34 -> [χ² = 2.3046e-08]
try =     35 -> [χ² = 2.4179e-08]
try =     36 -> [χ² = 2.3361e-08]
try =     37 -> [χ² = 2.3452e-08]
try =     38 -> [χ² = 2.5052e-08]
try =     39 -> [χ² = 2.3431e-08]
try =     40 -> [χ² = 2.3282e-08]
try =     41 -> [χ² = 2.3034e-08]
try =     42 -> [χ² = 2.3091e-08]
try =     43 -> [χ² = 2.3205e-08]
try =     44 -> [χ² = 2.3420e-08]
try =     45 -> [χ² = 2.3938e-08]
try =     46 -> [χ² = 2.3476e-08]
try =     47 -> [χ² = 2.3024e-08]
try =     48 -> [χ² = 2.3095e-08]
try =     49 -> [χ² = 2.3103e-08]
try =     50 -> [χ² = 2.3673e-08]
try =     51 -> [χ² = 2.3046e-08]
try =     52 -> [χ² = 2.3208e-08]
try =     53 -> [χ² = 2.3083e-08]
try =     54 -> [χ² = 2.3132e-08]
try =     55 -> [χ² = 2.3038e-08]
try =     56 -> [χ² = 2.3298e-08]
try =     57 -> [χ² = 2.3259e-08]
try =     58 -> [χ² = 2.3026e-08]
try =     59 -> [χ² = 2.3012e-08]
try =     60 -> [χ² = 2.3353e-08]
try =     61 -> [χ² = 2.3070e-08]
try =     62 -> [χ² = 2.3759e-08]
try =     63 -> [χ² = 2.2978e-08]
try =     64 -> [χ² = 2.3100e-08]
try =     65 -> [χ² = 2.3135e-08]
try =     66 -> [χ² = 2.3067e-08]
try =     67 -> [χ² = 2.3156e-08]
try =     68 -> [χ² = 2.3920e-08]
try =     69 -> [χ² = 2.3360e-08]
try =     70 -> [χ² = 2.3690e-08]
try =     71 -> [χ² = 2.2971e-08]
try =     72 -> [χ² = 2.3075e-08]
try =     73 -> [χ² = 2.3093e-08]
try =     74 -> [χ² = 2.3347e-08]
try =     75 -> [χ² = 2.3270e-08]
try =     76 -> [χ² = 2.3005e-08]
try =     77 -> [χ² = 2.3162e-08]
try =     78 -> [χ² = 2.3130e-08]
try =     79 -> [χ² = 2.3180e-08]
try =     80 -> [χ² = 2.3280e-08]
try =     81 -> [χ² = 2.3658e-08]
try =     82 -> [χ² = 2.3520e-08]
try =     83 -> [χ² = 2.3452e-08]
try =     84 -> [χ² = 2.3126e-08]
try =     85 -> [χ² = 2.3261e-08]
try =     86 -> [χ² = 2.3313e-08]
try =     87 -> [χ² = 2.4420e-08]
try =     88 -> [χ² = 2.2970e-08]
try =     89 -> [χ² = 2.3009e-08]
try =     90 -> [χ² = 2.3065e-08]
try =     91 -> [χ² = 2.3095e-08]
try =     92 -> [χ² = 2.3223e-08]
try =     93 -> [χ² = 2.3026e-08]
try =     94 -> [χ² = 2.3123e-08]
try =     95 -> [χ² = 2.3292e-08]
try =     96 -> [χ² = 2.3278e-08]
try =     97 -> [χ² = 2.3238e-08]
try =     98 -> [χ² = 2.2978e-08]
try =     99 -> [χ² = 2.3110e-08]
try =    100 -> [χ² = 2.3462e-08]
try =    101 -> [χ² = 2.3495e-08]
try =    102 -> [χ² = 2.3080e-08]
try =    103 -> [χ² = 2.3472e-08]
try =    104 -> [χ² = 2.2989e-08]
try =    105 -> [χ² = 2.3056e-08]
try =    106 -> [χ² = 2.3644e-08]
try =    107 -> [χ² = 2.3072e-08]
try =    108 -> [χ² = 2.3116e-08]
try =    109 -> [χ² = 2.3085e-08]
try =    110 -> [χ² = 2.3051e-08]
try =    111 -> [χ² = 2.3293e-08]
try =    112 -> [χ² = 2.3296e-08]
try =    113 -> [χ² = 2.3127e-08]
try =    114 -> [χ² = 2.3168e-08]
try =    115 -> [χ² = 2.3155e-08]
try =    116 -> [χ² = 2.2989e-08]
try =    117 -> [χ² = 2.3124e-08]
try =    118 -> [χ² = 2.3044e-08]
try =    119 -> [χ² = 2.3071e-08]
try =    120 -> [χ² = 3.1258e-08]
try =    121 -> [χ² = 2.3280e-08]
try =    122 -> [χ² = 2.3157e-08]
try =    123 -> [χ² = 2.3308e-08]
try =    124 -> [χ² = 2.3099e-08]
try =    125 -> [χ² = 2.3346e-08]
try =    126 -> [χ² = 2.3390e-08]
try =    127 -> [χ² = 2.3254e-08]
try =    128 -> [χ² = 2.3688e-08]
try =    129 -> [χ² = 2.3221e-08]
try =    130 -> [χ² = 2.3038e-08]
try =    131 -> [χ² = 2.3568e-08]
try =    132 -> [χ² = 2.3371e-08]
try =    133 -> [χ² = 2.3117e-08]
try =    134 -> [χ² = 2.3298e-08]
try =    135 -> [χ² = 2.3265e-08]
try =    136 -> [χ² = 2.3886e-08]
try =    137 -> [χ² = 2.3047e-08]
try =    138 -> [χ² = 2.3472e-08]
try =    139 -> [χ² = 2.3095e-08]
try =    140 -> [χ² = 2.3889e-08]
try =    141 -> [χ² = 2.3037e-08]
try =    142 -> [χ² = 2.3746e-08]
try =    143 -> [χ² = 2.3371e-08]
try =    144 -> [χ² = 2.4489e-08]
try =    145 -> [χ² = 2.3957e-08]
try =    146 -> [χ² = 2.3022e-08]
try =    147 -> [χ² = 2.3211e-08]
try =    148 -> [χ² = 2.3995e-08]
try =    149 -> [χ² = 2.3268e-08]
try =    150 -> [χ² = 2.3727e-08]
try =    151 -> [χ² = 2.3401e-08]
try =    152 -> [χ² = 2.3182e-08]
try =    153 -> [χ² = 2.3808e-08]
try =    154 -> [χ² = 2.3348e-08]
try =    155 -> [χ² = 2.3159e-08]
try =    156 -> [χ² = 2.3084e-08]
try =    157 -> [χ² = 2.3020e-08]
try =    158 -> [χ² = 2.3164e-08]
try =    159 -> [χ² = 2.3060e-08]
try =    160 -> [χ² = 2.3008e-08]
try =    161 -> [χ² = 2.2966e-08]
try =    162 -> [χ² = 2.3018e-08]
try =    163 -> [χ² = 2.3205e-08]
try =    164 -> [χ² = 2.3007e-08]
try =    165 -> [χ² = 2.3285e-08]
try =    166 -> [χ² = 2.3100e-08]
try =    167 -> [χ² = 2.3653e-08]
try =    168 -> [χ² = 2.3086e-08]
try =    169 -> [χ² = 2.3300e-08]
try =    170 -> [χ² = 2.3025e-08]
try =    171 -> [χ² = 2.3047e-08]
try =    172 -> [χ² = 2.3177e-08]
try =    173 -> [χ² = 2.3358e-08]
try =    174 -> [χ² = 2.3119e-08]
try =    175 -> [χ² = 2.3011e-08]
try =    176 -> [χ² = 2.3134e-08]
try =    177 -> [χ² = 2.3058e-08]
try =    178 -> [χ² = 2.3267e-08]
try =    179 -> [χ² = 2.3080e-08]
try =    180 -> [χ² = 2.3476e-08]
try =    181 -> [χ² = 2.3124e-08]
try =    182 -> [χ² = 2.2969e-08]
try =    183 -> [χ² = 2.3094e-08]
try =    184 -> [χ² = 2.3075e-08]
try =    185 -> [χ² = 2.3326e-08]
try =    186 -> [χ² = 2.3128e-08]
try =    187 -> [χ² = 2.3141e-08]
try =    188 -> [χ² = 2.3776e-08]
try =    189 -> [χ² = 2.3437e-08]
try =    190 -> [χ² = 2.3414e-08]
try =    191 -> [χ² = 2.3129e-08]
try =    192 -> [χ² = 2.2984e-08]
try =    193 -> [χ² = 2.3005e-08]
try =    194 -> [χ² = 2.4013e-08]
try =    195 -> [χ² = 2.3153e-08]
try =    196 -> [χ² = 2.3149e-08]
try =    197 -> [χ² = 2.3114e-08]
try =    198 -> [χ² = 2.3134e-08]
try =    199 -> [χ² = 2.3121e-08]
try =    200 -> [χ² = 2.3012e-08]
Mean value of χ²: 2.331113377237254e-8
Median value of χ²: 2.316628574242314e-8
Accumulate 100 solutions to get the spectral density
The analytical continuation problem is solved successfully.
