[0;31;49m╔═╗╔═╗╔═╗[0m[0;35;49m┬  ┌─┐┬ ┬[0m
[0;32;49m╠═╣║  ╠╣ [0m[0;35;49m│  │ ││││[0m
[0;34;49m╩ ╩╚═╝╚  [0m[0;35;49m┴─┘└─┘└┴┘[0m
[0;30;49mA Modern Toolkit for Analytical Continuation Problems
[0m[0;30;49mPackage: [0m[0;35;49mACFlow
[0m[0;30;49mVersion: [0m[0;35;49m1.3.6-devel.230129
[0m[0;30;49mRelease: [0m[0;35;49m2023/01
[0m
[ Overview ]
Time : 2023-01-29 / 17:01:58
Para : Using 1 processor (myid = 1)
Dirs : /Users/lihuang/Working/devel/acflow/test/Y09/t25
Task : ac.toml

[ StochPX ]
Create infrastructure for Monte Carlo sampling
Randomize Monte Carlo configurations
Postprocess input data: 10 points
Build grid for input data: 10 points
Build mesh for spectrum: 501 points
Start thermalization...
Start stochastic sampling...
try =      1 -> [χ² = 7.1537e-07]
try =      2 -> [χ² = 6.5355e-07]
try =      3 -> [χ² = 6.7287e-07]
try =      4 -> [χ² = 6.0073e-07]
try =      5 -> [χ² = 5.8299e-07]
try =      6 -> [χ² = 6.0543e-07]
try =      7 -> [χ² = 5.9529e-07]
try =      8 -> [χ² = 6.4192e-07]
try =      9 -> [χ² = 6.6615e-07]
try =     10 -> [χ² = 6.7733e-07]
try =     11 -> [χ² = 7.2824e-07]
try =     12 -> [χ² = 6.1812e-07]
try =     13 -> [χ² = 7.7908e-07]
try =     14 -> [χ² = 6.2838e-07]
try =     15 -> [χ² = 5.9318e-07]
try =     16 -> [χ² = 5.8169e-07]
try =     17 -> [χ² = 7.0917e-07]
try =     18 -> [χ² = 7.0422e-07]
try =     19 -> [χ² = 7.0847e-07]
try =     20 -> [χ² = 6.1206e-07]
try =     21 -> [χ² = 6.2084e-07]
try =     22 -> [χ² = 6.2462e-07]
try =     23 -> [χ² = 6.5538e-07]
try =     24 -> [χ² = 7.0434e-07]
try =     25 -> [χ² = 6.4048e-07]
try =     26 -> [χ² = 6.3472e-07]
try =     27 -> [χ² = 5.1886e-07]
try =     28 -> [χ² = 6.0358e-07]
try =     29 -> [χ² = 5.1799e-07]
try =     30 -> [χ² = 6.0823e-07]
try =     31 -> [χ² = 6.8080e-07]
try =     32 -> [χ² = 6.5982e-07]
try =     33 -> [χ² = 6.3232e-07]
try =     34 -> [χ² = 6.9994e-07]
try =     35 -> [χ² = 7.2213e-07]
try =     36 -> [χ² = 6.4873e-07]
try =     37 -> [χ² = 6.8037e-07]
try =     38 -> [χ² = 6.0843e-07]
try =     39 -> [χ² = 7.2482e-07]
try =     40 -> [χ² = 6.8502e-07]
try =     41 -> [χ² = 7.3839e-07]
try =     42 -> [χ² = 7.1524e-07]
try =     43 -> [χ² = 7.4521e-07]
try =     44 -> [χ² = 6.1014e-07]
try =     45 -> [χ² = 6.7623e-07]
try =     46 -> [χ² = 6.0403e-07]
try =     47 -> [χ² = 5.4152e-07]
try =     48 -> [χ² = 7.1758e-07]
try =     49 -> [χ² = 6.6561e-07]
try =     50 -> [χ² = 5.9899e-07]
try =     51 -> [χ² = 6.6779e-07]
try =     52 -> [χ² = 6.1613e-07]
try =     53 -> [χ² = 5.7515e-07]
try =     54 -> [χ² = 6.4368e-07]
try =     55 -> [χ² = 5.7988e-07]
try =     56 -> [χ² = 6.2262e-07]
try =     57 -> [χ² = 6.8945e-07]
try =     58 -> [χ² = 6.8844e-07]
try =     59 -> [χ² = 5.8235e-07]
try =     60 -> [χ² = 6.2486e-07]
try =     61 -> [χ² = 7.5151e-07]
try =     62 -> [χ² = 6.1476e-07]
try =     63 -> [χ² = 6.6808e-07]
try =     64 -> [χ² = 6.1995e-07]
try =     65 -> [χ² = 6.9829e-07]
try =     66 -> [χ² = 6.6219e-07]
try =     67 -> [χ² = 6.7307e-07]
try =     68 -> [χ² = 6.7480e-07]
try =     69 -> [χ² = 6.7724e-07]
try =     70 -> [χ² = 6.1698e-07]
try =     71 -> [χ² = 6.2717e-07]
try =     72 -> [χ² = 6.3282e-07]
try =     73 -> [χ² = 6.5378e-07]
try =     74 -> [χ² = 6.9946e-07]
try =     75 -> [χ² = 7.3091e-07]
try =     76 -> [χ² = 6.0208e-07]
try =     77 -> [χ² = 7.0738e-07]
try =     78 -> [χ² = 7.1747e-07]
try =     79 -> [χ² = 6.6434e-07]
try =     80 -> [χ² = 6.6105e-07]
try =     81 -> [χ² = 6.8237e-07]
try =     82 -> [χ² = 5.9502e-07]
try =     83 -> [χ² = 6.7743e-07]
try =     84 -> [χ² = 7.4157e-07]
try =     85 -> [χ² = 6.5204e-07]
try =     86 -> [χ² = 6.4080e-07]
try =     87 -> [χ² = 6.9095e-07]
try =     88 -> [χ² = 6.0061e-07]
try =     89 -> [χ² = 6.9156e-07]
try =     90 -> [χ² = 6.4381e-07]
try =     91 -> [χ² = 6.6515e-07]
try =     92 -> [χ² = 5.6105e-07]
try =     93 -> [χ² = 7.6873e-07]
try =     94 -> [χ² = 6.6258e-07]
try =     95 -> [χ² = 6.0859e-07]
try =     96 -> [χ² = 6.1249e-07]
try =     97 -> [χ² = 5.6640e-07]
try =     98 -> [χ² = 5.8505e-07]
try =     99 -> [χ² = 6.5904e-07]
try =    100 -> [χ² = 6.2830e-07]
try =    101 -> [χ² = 6.9230e-07]
try =    102 -> [χ² = 6.7837e-07]
try =    103 -> [χ² = 6.2554e-07]
try =    104 -> [χ² = 7.1542e-07]
try =    105 -> [χ² = 6.4230e-07]
try =    106 -> [χ² = 6.9246e-07]
try =    107 -> [χ² = 6.8383e-07]
try =    108 -> [χ² = 5.6626e-07]
try =    109 -> [χ² = 6.0218e-07]
try =    110 -> [χ² = 6.5268e-07]
try =    111 -> [χ² = 6.4690e-07]
try =    112 -> [χ² = 7.2094e-07]
try =    113 -> [χ² = 5.5403e-07]
try =    114 -> [χ² = 6.2542e-07]
try =    115 -> [χ² = 6.5541e-07]
try =    116 -> [χ² = 6.3199e-07]
try =    117 -> [χ² = 5.7261e-07]
try =    118 -> [χ² = 5.9413e-07]
try =    119 -> [χ² = 6.4482e-07]
try =    120 -> [χ² = 5.7400e-07]
try =    121 -> [χ² = 6.0798e-07]
try =    122 -> [χ² = 6.6435e-07]
try =    123 -> [χ² = 6.5059e-07]
try =    124 -> [χ² = 6.9133e-07]
try =    125 -> [χ² = 6.8194e-07]
try =    126 -> [χ² = 6.1527e-07]
try =    127 -> [χ² = 6.0080e-07]
try =    128 -> [χ² = 7.8714e-07]
try =    129 -> [χ² = 6.6123e-07]
try =    130 -> [χ² = 6.8284e-07]
try =    131 -> [χ² = 6.9962e-07]
try =    132 -> [χ² = 6.6262e-07]
try =    133 -> [χ² = 6.5705e-07]
try =    134 -> [χ² = 5.9932e-07]
try =    135 -> [χ² = 6.0192e-07]
try =    136 -> [χ² = 6.6293e-07]
try =    137 -> [χ² = 6.5672e-07]
try =    138 -> [χ² = 6.5031e-07]
try =    139 -> [χ² = 7.4315e-07]
try =    140 -> [χ² = 6.7474e-07]
try =    141 -> [χ² = 5.8601e-07]
try =    142 -> [χ² = 7.0220e-07]
try =    143 -> [χ² = 6.7575e-07]
try =    144 -> [χ² = 5.6675e-07]
try =    145 -> [χ² = 6.2515e-07]
try =    146 -> [χ² = 5.7812e-07]
try =    147 -> [χ² = 5.8308e-07]
try =    148 -> [χ² = 6.3262e-07]
try =    149 -> [χ² = 5.8913e-07]
try =    150 -> [χ² = 6.9422e-07]
try =    151 -> [χ² = 9.2634e-07]
try =    152 -> [χ² = 7.7841e-07]
try =    153 -> [χ² = 5.9834e-07]
try =    154 -> [χ² = 5.1438e-07]
try =    155 -> [χ² = 6.1989e-07]
try =    156 -> [χ² = 5.8997e-07]
try =    157 -> [χ² = 7.1339e-07]
try =    158 -> [χ² = 6.5114e-07]
try =    159 -> [χ² = 6.5451e-07]
try =    160 -> [χ² = 7.3094e-07]
try =    161 -> [χ² = 5.8733e-07]
try =    162 -> [χ² = 6.7948e-07]
try =    163 -> [χ² = 7.1082e-07]
try =    164 -> [χ² = 6.0972e-07]
try =    165 -> [χ² = 6.2964e-07]
try =    166 -> [χ² = 6.9372e-07]
try =    167 -> [χ² = 6.8410e-07]
try =    168 -> [χ² = 6.3606e-07]
try =    169 -> [χ² = 6.6952e-07]
try =    170 -> [χ² = 6.7927e-07]
try =    171 -> [χ² = 7.4167e-07]
try =    172 -> [χ² = 5.6164e-07]
try =    173 -> [χ² = 6.2428e-07]
try =    174 -> [χ² = 4.9865e-07]
try =    175 -> [χ² = 7.1353e-07]
try =    176 -> [χ² = 7.0846e-07]
try =    177 -> [χ² = 5.9005e-07]
try =    178 -> [χ² = 6.2970e-07]
try =    179 -> [χ² = 7.1436e-07]
try =    180 -> [χ² = 7.5968e-07]
try =    181 -> [χ² = 7.7563e-07]
try =    182 -> [χ² = 7.0619e-07]
try =    183 -> [χ² = 5.9896e-07]
try =    184 -> [χ² = 6.3827e-07]
try =    185 -> [χ² = 6.4169e-07]
try =    186 -> [χ² = 5.9035e-07]
try =    187 -> [χ² = 7.0176e-07]
try =    188 -> [χ² = 7.1123e-07]
try =    189 -> [χ² = 5.8754e-07]
try =    190 -> [χ² = 5.6770e-07]
try =    191 -> [χ² = 6.0148e-07]
try =    192 -> [χ² = 6.7571e-07]
try =    193 -> [χ² = 6.0215e-07]
try =    194 -> [χ² = 6.6524e-07]
try =    195 -> [χ² = 5.2592e-07]
try =    196 -> [χ² = 5.8215e-07]
try =    197 -> [χ² = 5.9532e-07]
try =    198 -> [χ² = 6.2067e-07]
try =    199 -> [χ² = 6.0534e-07]
try =    200 -> [χ² = 6.4387e-07]
Mean value of χ²: 6.496423163433192e-7
Median value of χ²: 6.504511690976726e-7
Accumulate 100 solutions to get the spectral density
The analytical continuation problem is solved successfully.
