[0;31;49m╔═╗╔═╗╔═╗[0m[0;35;49m┬  ┌─┐┬ ┬[0m
[0;32;49m╠═╣║  ╠╣ [0m[0;35;49m│  │ ││││[0m
[0;34;49m╩ ╩╚═╝╚  [0m[0;35;49m┴─┘└─┘└┴┘[0m
[0;30;49mA Modern Toolkit for Analytical Continuation Problems
[0m[0;30;49mPackage: [0m[0;35;49mACFlow
[0m[0;30;49mVersion: [0m[0;35;49m1.3.6-devel.230129
[0m[0;30;49mRelease: [0m[0;35;49m2023/01
[0m
[ Overview ]
Time : 2023-01-29 / 17:30:32
Para : Using 1 processor (myid = 1)
Dirs : /Users/lihuang/Working/devel/acflow/test/Y09/t01
Task : ac.toml

[ StochPX ]
Create infrastructure for Monte Carlo sampling
Randomize Monte Carlo configurations
Postprocess input data: 10 points
Build grid for input data: 10 points
Build mesh for spectrum: 501 points
Start thermalization...
Start stochastic sampling...
try =      1 -> [χ² = 4.4272e-07]
try =      2 -> [χ² = 5.7370e-07]
try =      3 -> [χ² = 4.2484e-07]
try =      4 -> [χ² = 3.5978e-07]
try =      5 -> [χ² = 3.1854e-07]
try =      6 -> [χ² = 4.6502e-07]
try =      7 -> [χ² = 2.9513e-07]
try =      8 -> [χ² = 3.7116e-07]
try =      9 -> [χ² = 5.3184e-07]
try =     10 -> [χ² = 3.7940e-07]
try =     11 -> [χ² = 4.2128e-07]
try =     12 -> [χ² = 2.6455e-07]
try =     13 -> [χ² = 4.2560e-07]
try =     14 -> [χ² = 4.9122e-07]
try =     15 -> [χ² = 5.1893e-07]
try =     16 -> [χ² = 4.8935e-07]
try =     17 -> [χ² = 4.4638e-07]
try =     18 -> [χ² = 4.4418e-07]
try =     19 -> [χ² = 3.3202e-07]
try =     20 -> [χ² = 4.3832e-07]
try =     21 -> [χ² = 4.3094e-07]
try =     22 -> [χ² = 4.2420e-07]
try =     23 -> [χ² = 3.0699e-07]
try =     24 -> [χ² = 3.0865e-07]
try =     25 -> [χ² = 4.5553e-07]
try =     26 -> [χ² = 4.7050e-07]
try =     27 -> [χ² = 4.6969e-07]
try =     28 -> [χ² = 4.1488e-07]
try =     29 -> [χ² = 5.6441e-07]
try =     30 -> [χ² = 3.8826e-07]
try =     31 -> [χ² = 3.3533e-07]
try =     32 -> [χ² = 3.9681e-07]
try =     33 -> [χ² = 3.6163e-07]
try =     34 -> [χ² = 4.2841e-07]
try =     35 -> [χ² = 4.5481e-07]
try =     36 -> [χ² = 3.0780e-07]
try =     37 -> [χ² = 3.4716e-07]
try =     38 -> [χ² = 3.1124e-07]
try =     39 -> [χ² = 3.1808e-07]
try =     40 -> [χ² = 3.5232e-07]
try =     41 -> [χ² = 4.7704e-07]
try =     42 -> [χ² = 4.1836e-07]
try =     43 -> [χ² = 3.0423e-07]
try =     44 -> [χ² = 5.1514e-07]
try =     45 -> [χ² = 3.9695e-07]
try =     46 -> [χ² = 3.3367e-07]
try =     47 -> [χ² = 4.7759e-07]
try =     48 -> [χ² = 4.2696e-07]
try =     49 -> [χ² = 4.3867e-07]
try =     50 -> [χ² = 2.5571e-07]
try =     51 -> [χ² = 3.3110e-07]
try =     52 -> [χ² = 3.6846e-07]
try =     53 -> [χ² = 3.0203e-07]
try =     54 -> [χ² = 4.8144e-07]
try =     55 -> [χ² = 5.5865e-07]
try =     56 -> [χ² = 4.2582e-07]
try =     57 -> [χ² = 4.1290e-07]
try =     58 -> [χ² = 6.2078e-07]
try =     59 -> [χ² = 4.2539e-07]
try =     60 -> [χ² = 3.3847e-07]
try =     61 -> [χ² = 4.5135e-07]
try =     62 -> [χ² = 3.6899e-07]
try =     63 -> [χ² = 4.2400e-07]
try =     64 -> [χ² = 4.3874e-07]
try =     65 -> [χ² = 3.3672e-07]
try =     66 -> [χ² = 6.6618e-07]
try =     67 -> [χ² = 4.4519e-07]
try =     68 -> [χ² = 4.4021e-07]
try =     69 -> [χ² = 3.7167e-07]
try =     70 -> [χ² = 4.3988e-07]
try =     71 -> [χ² = 3.2484e-07]
try =     72 -> [χ² = 2.9159e-07]
try =     73 -> [χ² = 4.4862e-07]
try =     74 -> [χ² = 2.8751e-07]
try =     75 -> [χ² = 4.1125e-07]
try =     76 -> [χ² = 4.3957e-07]
try =     77 -> [χ² = 5.8861e-07]
try =     78 -> [χ² = 5.5825e-07]
try =     79 -> [χ² = 4.9270e-07]
try =     80 -> [χ² = 4.5280e-07]
try =     81 -> [χ² = 3.8331e-07]
try =     82 -> [χ² = 3.5820e-07]
try =     83 -> [χ² = 3.5798e-07]
try =     84 -> [χ² = 4.3437e-07]
try =     85 -> [χ² = 4.5534e-07]
try =     86 -> [χ² = 3.6702e-07]
try =     87 -> [χ² = 4.4040e-07]
try =     88 -> [χ² = 2.8109e-07]
try =     89 -> [χ² = 3.5947e-07]
try =     90 -> [χ² = 5.0610e-07]
try =     91 -> [χ² = 3.9036e-07]
try =     92 -> [χ² = 3.8498e-07]
try =     93 -> [χ² = 3.0006e-07]
try =     94 -> [χ² = 5.7404e-07]
try =     95 -> [χ² = 3.9078e-07]
try =     96 -> [χ² = 4.7299e-07]
try =     97 -> [χ² = 2.3425e-07]
try =     98 -> [χ² = 2.9757e-07]
try =     99 -> [χ² = 3.2674e-07]
try =    100 -> [χ² = 4.4986e-07]
try =    101 -> [χ² = 6.1397e-07]
try =    102 -> [χ² = 4.4760e-07]
try =    103 -> [χ² = 3.5651e-07]
try =    104 -> [χ² = 3.5574e-07]
try =    105 -> [χ² = 4.2561e-07]
try =    106 -> [χ² = 2.9510e-07]
try =    107 -> [χ² = 3.3977e-07]
try =    108 -> [χ² = 3.0615e-07]
try =    109 -> [χ² = 4.5645e-07]
try =    110 -> [χ² = 3.4993e-07]
try =    111 -> [χ² = 5.3958e-07]
try =    112 -> [χ² = 4.8629e-07]
try =    113 -> [χ² = 6.1790e-07]
try =    114 -> [χ² = 6.7159e-07]
try =    115 -> [χ² = 3.1947e-07]
try =    116 -> [χ² = 3.8378e-07]
try =    117 -> [χ² = 4.6492e-07]
try =    118 -> [χ² = 5.4793e-07]
try =    119 -> [χ² = 4.1260e-07]
try =    120 -> [χ² = 3.9766e-07]
try =    121 -> [χ² = 4.8387e-07]
try =    122 -> [χ² = 6.1626e-07]
try =    123 -> [χ² = 3.7163e-07]
try =    124 -> [χ² = 3.9777e-07]
try =    125 -> [χ² = 3.5776e-07]
try =    126 -> [χ² = 3.4118e-07]
try =    127 -> [χ² = 5.7225e-07]
try =    128 -> [χ² = 2.9613e-07]
try =    129 -> [χ² = 5.0300e-07]
try =    130 -> [χ² = 3.2925e-07]
try =    131 -> [χ² = 5.0215e-07]
try =    132 -> [χ² = 3.2232e-07]
try =    133 -> [χ² = 3.6697e-07]
try =    134 -> [χ² = 3.2967e-07]
try =    135 -> [χ² = 4.2544e-07]
try =    136 -> [χ² = 2.4558e-07]
try =    137 -> [χ² = 2.9716e-07]
try =    138 -> [χ² = 4.0193e-07]
try =    139 -> [χ² = 3.6128e-07]
try =    140 -> [χ² = 3.7684e-07]
try =    141 -> [χ² = 2.9915e-07]
try =    142 -> [χ² = 2.7636e-07]
try =    143 -> [χ² = 3.3504e-07]
try =    144 -> [χ² = 4.1938e-07]
try =    145 -> [χ² = 5.4221e-07]
try =    146 -> [χ² = 3.8223e-07]
try =    147 -> [χ² = 3.6096e-07]
try =    148 -> [χ² = 3.8622e-07]
try =    149 -> [χ² = 3.4470e-07]
try =    150 -> [χ² = 4.2027e-07]
try =    151 -> [χ² = 3.6252e-07]
try =    152 -> [χ² = 4.1016e-07]
try =    153 -> [χ² = 5.9763e-07]
try =    154 -> [χ² = 4.5387e-07]
try =    155 -> [χ² = 4.1617e-07]
try =    156 -> [χ² = 4.6032e-07]
try =    157 -> [χ² = 3.7128e-07]
try =    158 -> [χ² = 4.3281e-07]
try =    159 -> [χ² = 4.9771e-07]
try =    160 -> [χ² = 3.6494e-07]
try =    161 -> [χ² = 4.3817e-07]
try =    162 -> [χ² = 4.9509e-07]
try =    163 -> [χ² = 3.6054e-07]
try =    164 -> [χ² = 2.4572e-07]
try =    165 -> [χ² = 4.4792e-07]
try =    166 -> [χ² = 3.6628e-07]
try =    167 -> [χ² = 3.1568e-07]
try =    168 -> [χ² = 4.8660e-07]
try =    169 -> [χ² = 4.7490e-07]
try =    170 -> [χ² = 4.0422e-07]
try =    171 -> [χ² = 3.8820e-07]
try =    172 -> [χ² = 5.4939e-07]
try =    173 -> [χ² = 4.8796e-07]
try =    174 -> [χ² = 3.5467e-07]
try =    175 -> [χ² = 3.3296e-07]
try =    176 -> [χ² = 3.5022e-07]
try =    177 -> [χ² = 4.4146e-07]
try =    178 -> [χ² = 4.2285e-07]
try =    179 -> [χ² = 3.3023e-07]
try =    180 -> [χ² = 4.5064e-07]
try =    181 -> [χ² = 4.1715e-07]
try =    182 -> [χ² = 4.0911e-07]
try =    183 -> [χ² = 2.7971e-07]
try =    184 -> [χ² = 4.0464e-07]
try =    185 -> [χ² = 4.4595e-07]
try =    186 -> [χ² = 5.4084e-07]
try =    187 -> [χ² = 3.4796e-07]
try =    188 -> [χ² = 2.5370e-07]
try =    189 -> [χ² = 4.9489e-07]
try =    190 -> [χ² = 4.7476e-07]
try =    191 -> [χ² = 5.2059e-07]
try =    192 -> [χ² = 3.7057e-07]
try =    193 -> [χ² = 2.4689e-07]
try =    194 -> [χ² = 3.2387e-07]
try =    195 -> [χ² = 4.1508e-07]
try =    196 -> [χ² = 3.8136e-07]
try =    197 -> [χ² = 4.8203e-07]
try =    198 -> [χ² = 4.1709e-07]
try =    199 -> [χ² = 3.9660e-07]
try =    200 -> [χ² = 3.0511e-07]
Mean value of χ²: 4.096347197413927e-7
Median value of χ²: 4.1070506377801955e-7
Accumulate 48 solutions to get the spectral density
The analytical continuation problem is solved successfully.
