[0;31;49m╔═╗╔═╗╔═╗[0m[0;35;49m┬  ┌─┐┬ ┬[0m
[0;32;49m╠═╣║  ╠╣ [0m[0;35;49m│  │ ││││[0m
[0;34;49m╩ ╩╚═╝╚  [0m[0;35;49m┴─┘└─┘└┴┘[0m
[0;30;49mA Modern Toolkit for Analytical Continuation Problems
[0m[0;30;49mPackage: [0m[0;35;49mACFlow
[0m[0;30;49mVersion: [0m[0;35;49m1.3.5-devel.230127
[0m[0;30;49mRelease: [0m[0;35;49m2023/01
[0m
[ Overview ]
Time : 2023-01-29 / 13:41:54
Para : Using 1 processor (myid = 1)
Dirs : /Users/lihuang/Working/devel/acflow/test/Y09/t25
Task : ac.toml

[ StochPX ]
Create infrastructure for Monte Carlo sampling
Randomize Monte Carlo configurations
Postprocess input data: 10 points
Build grid for input data: 10 points
Build mesh for spectrum: 501 points
Start thermalization...
Start stochastic sampling...
try =      1 -> [χ² = 4.2191e-07]
try =      2 -> [χ² = 4.2986e-07]
try =      3 -> [χ² = 3.9442e-07]
try =      4 -> [χ² = 4.0695e-07]
try =      5 -> [χ² = 3.5648e-07]
try =      6 -> [χ² = 3.7373e-07]
try =      7 -> [χ² = 3.1693e-07]
try =      8 -> [χ² = 3.8165e-07]
try =      9 -> [χ² = 3.1443e-07]
try =     10 -> [χ² = 3.2527e-07]
try =     11 -> [χ² = 3.7156e-07]
try =     12 -> [χ² = 4.0659e-07]
try =     13 -> [χ² = 3.6239e-07]
try =     14 -> [χ² = 4.1419e-07]
try =     15 -> [χ² = 3.6793e-07]
try =     16 -> [χ² = 4.4235e-07]
try =     17 -> [χ² = 4.1896e-07]
try =     18 -> [χ² = 4.1306e-07]
try =     19 -> [χ² = 3.9642e-07]
try =     20 -> [χ² = 3.6205e-07]
try =     21 -> [χ² = 3.3893e-07]
try =     22 -> [χ² = 3.5541e-07]
try =     23 -> [χ² = 4.0216e-07]
try =     24 -> [χ² = 3.2507e-07]
try =     25 -> [χ² = 4.0951e-07]
try =     26 -> [χ² = 3.1047e-07]
try =     27 -> [χ² = 3.5982e-07]
try =     28 -> [χ² = 3.6695e-07]
try =     29 -> [χ² = 4.2126e-07]
try =     30 -> [χ² = 4.0632e-07]
try =     31 -> [χ² = 3.8384e-07]
try =     32 -> [χ² = 3.8187e-07]
try =     33 -> [χ² = 4.1321e-07]
try =     34 -> [χ² = 3.9053e-07]
try =     35 -> [χ² = 3.5499e-07]
try =     36 -> [χ² = 3.6606e-07]
try =     37 -> [χ² = 3.5651e-07]
try =     38 -> [χ² = 3.5434e-07]
try =     39 -> [χ² = 2.9889e-07]
try =     40 -> [χ² = 3.7935e-07]
try =     41 -> [χ² = 3.8749e-07]
try =     42 -> [χ² = 3.9050e-07]
try =     43 -> [χ² = 3.4557e-07]
try =     44 -> [χ² = 3.4775e-07]
try =     45 -> [χ² = 3.3935e-07]
try =     46 -> [χ² = 4.0200e-07]
try =     47 -> [χ² = 3.8087e-07]
try =     48 -> [χ² = 3.8590e-07]
try =     49 -> [χ² = 3.9691e-07]
try =     50 -> [χ² = 4.0278e-07]
try =     51 -> [χ² = 3.8494e-07]
try =     52 -> [χ² = 4.2926e-07]
try =     53 -> [χ² = 3.9764e-07]
try =     54 -> [χ² = 3.4312e-07]
try =     55 -> [χ² = 4.0943e-07]
try =     56 -> [χ² = 3.5351e-07]
try =     57 -> [χ² = 3.2361e-07]
try =     58 -> [χ² = 3.8675e-07]
try =     59 -> [χ² = 3.6480e-07]
try =     60 -> [χ² = 4.2809e-07]
try =     61 -> [χ² = 4.1837e-07]
try =     62 -> [χ² = 3.3469e-07]
try =     63 -> [χ² = 3.7914e-07]
try =     64 -> [χ² = 3.7389e-07]
try =     65 -> [χ² = 3.4339e-07]
try =     66 -> [χ² = 3.6821e-07]
try =     67 -> [χ² = 3.5864e-07]
try =     68 -> [χ² = 3.5020e-07]
try =     69 -> [χ² = 3.6838e-07]
try =     70 -> [χ² = 3.7484e-07]
try =     71 -> [χ² = 3.9649e-07]
try =     72 -> [χ² = 3.5477e-07]
try =     73 -> [χ² = 3.3711e-07]
try =     74 -> [χ² = 4.3184e-07]
try =     75 -> [χ² = 4.0781e-07]
try =     76 -> [χ² = 4.1694e-07]
try =     77 -> [χ² = 3.6359e-07]
try =     78 -> [χ² = 4.1028e-07]
try =     79 -> [χ² = 3.8886e-07]
try =     80 -> [χ² = 4.0888e-07]
try =     81 -> [χ² = 3.7172e-07]
try =     82 -> [χ² = 3.1664e-07]
try =     83 -> [χ² = 3.2263e-07]
try =     84 -> [χ² = 3.2944e-07]
try =     85 -> [χ² = 3.0481e-07]
try =     86 -> [χ² = 3.5071e-07]
try =     87 -> [χ² = 3.8628e-07]
try =     88 -> [χ² = 3.4948e-07]
try =     89 -> [χ² = 3.7153e-07]
try =     90 -> [χ² = 3.8842e-07]
try =     91 -> [χ² = 3.3976e-07]
try =     92 -> [χ² = 3.3722e-07]
try =     93 -> [χ² = 3.3653e-07]
try =     94 -> [χ² = 3.6638e-07]
try =     95 -> [χ² = 2.9371e-07]
try =     96 -> [χ² = 3.4913e-07]
try =     97 -> [χ² = 3.7575e-07]
try =     98 -> [χ² = 3.7090e-07]
try =     99 -> [χ² = 3.6783e-07]
try =    100 -> [χ² = 3.8300e-07]
try =    101 -> [χ² = 3.8740e-07]
try =    102 -> [χ² = 3.3872e-07]
try =    103 -> [χ² = 4.2232e-07]
try =    104 -> [χ² = 4.0049e-07]
try =    105 -> [χ² = 3.6228e-07]
try =    106 -> [χ² = 3.7481e-07]
try =    107 -> [χ² = 3.4954e-07]
try =    108 -> [χ² = 2.8439e-07]
try =    109 -> [χ² = 3.9040e-07]
try =    110 -> [χ² = 3.7015e-07]
try =    111 -> [χ² = 3.7963e-07]
try =    112 -> [χ² = 2.9348e-07]
try =    113 -> [χ² = 3.7534e-07]
try =    114 -> [χ² = 3.7690e-07]
try =    115 -> [χ² = 3.8918e-07]
try =    116 -> [χ² = 4.0397e-07]
try =    117 -> [χ² = 3.7809e-07]
try =    118 -> [χ² = 3.7189e-07]
try =    119 -> [χ² = 3.5073e-07]
try =    120 -> [χ² = 3.6060e-07]
try =    121 -> [χ² = 3.4616e-07]
try =    122 -> [χ² = 4.1199e-07]
try =    123 -> [χ² = 3.4855e-07]
try =    124 -> [χ² = 3.7803e-07]
try =    125 -> [χ² = 3.3212e-07]
try =    126 -> [χ² = 3.7945e-07]
try =    127 -> [χ² = 3.8454e-07]
try =    128 -> [χ² = 3.7035e-07]
try =    129 -> [χ² = 4.2544e-07]
try =    130 -> [χ² = 3.6044e-07]
try =    131 -> [χ² = 3.1747e-07]
try =    132 -> [χ² = 4.6113e-07]
try =    133 -> [χ² = 4.0022e-07]
try =    134 -> [χ² = 3.5623e-07]
try =    135 -> [χ² = 3.8864e-07]
try =    136 -> [χ² = 3.9580e-07]
try =    137 -> [χ² = 3.9126e-07]
try =    138 -> [χ² = 4.0111e-07]
try =    139 -> [χ² = 3.9765e-07]
try =    140 -> [χ² = 3.6178e-07]
try =    141 -> [χ² = 4.8185e-07]
try =    142 -> [χ² = 4.7086e-07]
try =    143 -> [χ² = 3.1811e-07]
try =    144 -> [χ² = 3.6663e-07]
try =    145 -> [χ² = 3.5887e-07]
try =    146 -> [χ² = 3.5149e-07]
try =    147 -> [χ² = 4.0816e-07]
try =    148 -> [χ² = 3.2904e-07]
try =    149 -> [χ² = 4.4172e-07]
try =    150 -> [χ² = 3.5627e-07]
try =    151 -> [χ² = 3.7846e-07]
try =    152 -> [χ² = 3.9927e-07]
try =    153 -> [χ² = 3.8617e-07]
try =    154 -> [χ² = 3.8592e-07]
try =    155 -> [χ² = 3.7194e-07]
try =    156 -> [χ² = 3.5827e-07]
try =    157 -> [χ² = 3.8083e-07]
try =    158 -> [χ² = 3.7569e-07]
try =    159 -> [χ² = 4.1158e-07]
try =    160 -> [χ² = 4.4025e-07]
try =    161 -> [χ² = 3.9640e-07]
try =    162 -> [χ² = 3.6862e-07]
try =    163 -> [χ² = 3.6109e-07]
try =    164 -> [χ² = 3.8727e-07]
try =    165 -> [χ² = 3.8388e-07]
try =    166 -> [χ² = 3.2498e-07]
try =    167 -> [χ² = 3.6625e-07]
try =    168 -> [χ² = 3.9268e-07]
try =    169 -> [χ² = 3.8923e-07]
try =    170 -> [χ² = 4.1330e-07]
try =    171 -> [χ² = 3.4005e-07]
try =    172 -> [χ² = 3.3517e-07]
try =    173 -> [χ² = 3.5286e-07]
try =    174 -> [χ² = 3.0837e-07]
try =    175 -> [χ² = 3.9278e-07]
try =    176 -> [χ² = 3.4851e-07]
try =    177 -> [χ² = 3.4178e-07]
try =    178 -> [χ² = 3.8527e-07]
try =    179 -> [χ² = 3.5795e-07]
try =    180 -> [χ² = 3.7428e-07]
try =    181 -> [χ² = 3.8021e-07]
try =    182 -> [χ² = 3.3568e-07]
try =    183 -> [χ² = 3.8421e-07]
try =    184 -> [χ² = 4.1122e-07]
try =    185 -> [χ² = 3.9354e-07]
try =    186 -> [χ² = 3.7151e-07]
try =    187 -> [χ² = 3.5378e-07]
try =    188 -> [χ² = 3.6725e-07]
try =    189 -> [χ² = 3.7312e-07]
try =    190 -> [χ² = 3.7237e-07]
try =    191 -> [χ² = 3.7512e-07]
try =    192 -> [χ² = 3.3516e-07]
try =    193 -> [χ² = 3.8883e-07]
try =    194 -> [χ² = 3.6454e-07]
try =    195 -> [χ² = 3.6114e-07]
try =    196 -> [χ² = 3.7129e-07]
try =    197 -> [χ² = 4.3378e-07]
try =    198 -> [χ² = 4.2223e-07]
try =    199 -> [χ² = 4.4409e-07]
try =    200 -> [χ² = 3.5410e-07]
Mean value of χ²: 3.745245121816452e-7
Median value of χ²: 3.7408140814769973e-7
Accumulate 100 solutions to get the spectral density
The analytical continuation problem is solved successfully.
