[0;31;49m╔═╗╔═╗╔═╗[0m[0;35;49m┬  ┌─┐┬ ┬[0m
[0;32;49m╠═╣║  ╠╣ [0m[0;35;49m│  │ ││││[0m
[0;34;49m╩ ╩╚═╝╚  [0m[0;35;49m┴─┘└─┘└┴┘[0m
[0;30;49mA Modern Toolkit for Analytical Continuation Problems
[0m[0;30;49mPackage: [0m[0;35;49mACFlow
[0m[0;30;49mVersion: [0m[0;35;49m1.3.6-devel.230129
[0m[0;30;49mRelease: [0m[0;35;49m2023/01
[0m
[ Overview ]
Time : 2023-01-29 / 17:02:25
Para : Using 1 processor (myid = 1)
Dirs : /Users/lihuang/Working/devel/acflow/test/Y09/t31
Task : ac.toml

[ StochPX ]
Create infrastructure for Monte Carlo sampling
Randomize Monte Carlo configurations
Postprocess input data: 10 points
Build grid for input data: 10 points
Build mesh for spectrum: 501 points
Start thermalization...
Start stochastic sampling...
try =      1 -> [χ² = 2.3171e-08]
try =      2 -> [χ² = 2.3042e-08]
try =      3 -> [χ² = 2.3188e-08]
try =      4 -> [χ² = 2.3048e-08]
try =      5 -> [χ² = 2.3010e-08]
try =      6 -> [χ² = 2.2991e-08]
try =      7 -> [χ² = 2.3184e-08]
try =      8 -> [χ² = 2.3126e-08]
try =      9 -> [χ² = 2.3125e-08]
try =     10 -> [χ² = 2.3022e-08]
try =     11 -> [χ² = 2.8062e-08]
try =     12 -> [χ² = 2.4084e-08]
try =     13 -> [χ² = 2.3105e-08]
try =     14 -> [χ² = 2.3269e-08]
try =     15 -> [χ² = 2.3102e-08]
try =     16 -> [χ² = 2.3089e-08]
try =     17 -> [χ² = 2.3093e-08]
try =     18 -> [χ² = 2.4038e-08]
try =     19 -> [χ² = 2.4556e-08]
try =     20 -> [χ² = 2.3208e-08]
try =     21 -> [χ² = 2.3074e-08]
try =     22 -> [χ² = 2.3034e-08]
try =     23 -> [χ² = 2.3128e-08]
try =     24 -> [χ² = 2.3240e-08]
try =     25 -> [χ² = 2.3134e-08]
try =     26 -> [χ² = 2.3154e-08]
try =     27 -> [χ² = 2.3269e-08]
try =     28 -> [χ² = 2.3154e-08]
try =     29 -> [χ² = 2.3112e-08]
try =     30 -> [χ² = 2.3057e-08]
try =     31 -> [χ² = 2.3157e-08]
try =     32 -> [χ² = 2.3128e-08]
try =     33 -> [χ² = 2.3027e-08]
try =     34 -> [χ² = 2.3056e-08]
try =     35 -> [χ² = 2.3027e-08]
try =     36 -> [χ² = 2.3071e-08]
try =     37 -> [χ² = 2.3012e-08]
try =     38 -> [χ² = 2.3082e-08]
try =     39 -> [χ² = 2.3112e-08]
try =     40 -> [χ² = 2.3801e-08]
try =     41 -> [χ² = 2.3109e-08]
try =     42 -> [χ² = 2.3170e-08]
try =     43 -> [χ² = 2.3000e-08]
try =     44 -> [χ² = 2.3026e-08]
try =     45 -> [χ² = 2.2989e-08]
try =     46 -> [χ² = 2.3635e-08]
try =     47 -> [χ² = 2.3021e-08]
try =     48 -> [χ² = 2.3197e-08]
try =     49 -> [χ² = 2.3010e-08]
try =     50 -> [χ² = 2.3027e-08]
try =     51 -> [χ² = 2.3314e-08]
try =     52 -> [χ² = 2.3075e-08]
try =     53 -> [χ² = 2.3010e-08]
try =     54 -> [χ² = 2.3415e-08]
try =     55 -> [χ² = 2.3019e-08]
try =     56 -> [χ² = 2.3089e-08]
try =     57 -> [χ² = 2.3014e-08]
try =     58 -> [χ² = 2.3978e-08]
try =     59 -> [χ² = 2.3004e-08]
try =     60 -> [χ² = 2.3922e-08]
try =     61 -> [χ² = 2.3079e-08]
try =     62 -> [χ² = 2.4425e-08]
try =     63 -> [χ² = 2.3129e-08]
try =     64 -> [χ² = 2.3046e-08]
try =     65 -> [χ² = 2.5781e-08]
try =     66 -> [χ² = 2.4494e-08]
try =     67 -> [χ² = 2.3029e-08]
try =     68 -> [χ² = 2.4542e-08]
try =     69 -> [χ² = 2.3053e-08]
try =     70 -> [χ² = 2.3096e-08]
try =     71 -> [χ² = 2.3334e-08]
try =     72 -> [χ² = 2.3098e-08]
try =     73 -> [χ² = 2.3189e-08]
try =     74 -> [χ² = 2.3114e-08]
try =     75 -> [χ² = 2.3150e-08]
try =     76 -> [χ² = 2.3078e-08]
try =     77 -> [χ² = 2.3032e-08]
try =     78 -> [χ² = 2.3132e-08]
try =     79 -> [χ² = 2.3548e-08]
try =     80 -> [χ² = 2.3245e-08]
try =     81 -> [χ² = 2.2987e-08]
try =     82 -> [χ² = 2.3023e-08]
try =     83 -> [χ² = 2.3115e-08]
try =     84 -> [χ² = 2.3114e-08]
try =     85 -> [χ² = 2.3312e-08]
try =     86 -> [χ² = 2.3066e-08]
try =     87 -> [χ² = 2.6746e-08]
try =     88 -> [χ² = 2.3384e-08]
try =     89 -> [χ² = 2.3123e-08]
try =     90 -> [χ² = 2.3049e-08]
try =     91 -> [χ² = 2.3223e-08]
try =     92 -> [χ² = 2.3035e-08]
try =     93 -> [χ² = 2.3271e-08]
try =     94 -> [χ² = 2.3275e-08]
try =     95 -> [χ² = 2.3000e-08]
try =     96 -> [χ² = 2.3026e-08]
try =     97 -> [χ² = 2.3085e-08]
try =     98 -> [χ² = 2.3116e-08]
try =     99 -> [χ² = 2.3038e-08]
try =    100 -> [χ² = 2.3074e-08]
try =    101 -> [χ² = 2.4082e-08]
try =    102 -> [χ² = 2.3005e-08]
try =    103 -> [χ² = 2.3402e-08]
try =    104 -> [χ² = 2.3090e-08]
try =    105 -> [χ² = 2.3064e-08]
try =    106 -> [χ² = 2.3153e-08]
try =    107 -> [χ² = 2.3295e-08]
try =    108 -> [χ² = 2.3078e-08]
try =    109 -> [χ² = 2.4888e-08]
try =    110 -> [χ² = 2.3128e-08]
try =    111 -> [χ² = 2.3114e-08]
try =    112 -> [χ² = 2.3084e-08]
try =    113 -> [χ² = 2.3237e-08]
try =    114 -> [χ² = 2.3005e-08]
try =    115 -> [χ² = 2.3380e-08]
try =    116 -> [χ² = 2.3085e-08]
try =    117 -> [χ² = 2.3596e-08]
try =    118 -> [χ² = 2.3070e-08]
try =    119 -> [χ² = 2.3066e-08]
try =    120 -> [χ² = 2.3005e-08]
try =    121 -> [χ² = 2.3158e-08]
try =    122 -> [χ² = 2.3090e-08]
try =    123 -> [χ² = 2.3123e-08]
try =    124 -> [χ² = 2.3285e-08]
try =    125 -> [χ² = 2.3006e-08]
try =    126 -> [χ² = 2.3060e-08]
try =    127 -> [χ² = 2.3017e-08]
try =    128 -> [χ² = 2.3006e-08]
try =    129 -> [χ² = 2.3168e-08]
try =    130 -> [χ² = 2.3070e-08]
try =    131 -> [χ² = 2.3213e-08]
try =    132 -> [χ² = 2.3129e-08]
try =    133 -> [χ² = 2.3171e-08]
try =    134 -> [χ² = 2.3111e-08]
try =    135 -> [χ² = 2.3061e-08]
try =    136 -> [χ² = 2.3044e-08]
try =    137 -> [χ² = 2.3140e-08]
try =    138 -> [χ² = 2.3038e-08]
try =    139 -> [χ² = 2.3233e-08]
try =    140 -> [χ² = 2.3081e-08]
try =    141 -> [χ² = 2.3062e-08]
try =    142 -> [χ² = 2.3002e-08]
try =    143 -> [χ² = 2.3140e-08]
try =    144 -> [χ² = 2.3115e-08]
try =    145 -> [χ² = 2.3563e-08]
try =    146 -> [χ² = 2.3047e-08]
try =    147 -> [χ² = 2.3080e-08]
try =    148 -> [χ² = 2.3035e-08]
try =    149 -> [χ² = 2.3173e-08]
try =    150 -> [χ² = 2.3160e-08]
try =    151 -> [χ² = 2.3150e-08]
try =    152 -> [χ² = 2.4312e-08]
try =    153 -> [χ² = 2.3084e-08]
try =    154 -> [χ² = 2.3148e-08]
try =    155 -> [χ² = 2.2976e-08]
try =    156 -> [χ² = 2.3111e-08]
try =    157 -> [χ² = 2.3074e-08]
try =    158 -> [χ² = 2.3002e-08]
try =    159 -> [χ² = 2.2971e-08]
try =    160 -> [χ² = 2.3070e-08]
try =    161 -> [χ² = 2.3112e-08]
try =    162 -> [χ² = 2.3127e-08]
try =    163 -> [χ² = 2.3046e-08]
try =    164 -> [χ² = 2.3067e-08]
try =    165 -> [χ² = 2.4763e-08]
try =    166 -> [χ² = 2.3117e-08]
try =    167 -> [χ² = 2.3158e-08]
try =    168 -> [χ² = 2.3115e-08]
try =    169 -> [χ² = 2.3082e-08]
try =    170 -> [χ² = 2.3026e-08]
try =    171 -> [χ² = 2.3016e-08]
try =    172 -> [χ² = 2.4211e-08]
try =    173 -> [χ² = 2.3148e-08]
try =    174 -> [χ² = 2.3020e-08]
try =    175 -> [χ² = 2.3110e-08]
try =    176 -> [χ² = 2.3033e-08]
try =    177 -> [χ² = 2.3025e-08]
try =    178 -> [χ² = 2.2996e-08]
try =    179 -> [χ² = 2.3005e-08]
try =    180 -> [χ² = 2.3059e-08]
try =    181 -> [χ² = 2.3271e-08]
try =    182 -> [χ² = 2.3157e-08]
try =    183 -> [χ² = 2.3294e-08]
try =    184 -> [χ² = 2.2991e-08]
try =    185 -> [χ² = 2.3384e-08]
try =    186 -> [χ² = 2.2992e-08]
try =    187 -> [χ² = 2.3071e-08]
try =    188 -> [χ² = 2.3159e-08]
try =    189 -> [χ² = 2.3097e-08]
try =    190 -> [χ² = 2.3211e-08]
try =    191 -> [χ² = 2.3086e-08]
try =    192 -> [χ² = 2.3051e-08]
try =    193 -> [χ² = 2.3092e-08]
try =    194 -> [χ² = 2.3030e-08]
try =    195 -> [χ² = 2.3112e-08]
try =    196 -> [χ² = 2.2977e-08]
try =    197 -> [χ² = 2.2997e-08]
try =    198 -> [χ² = 2.3100e-08]
try =    199 -> [χ² = 2.3145e-08]
try =    200 -> [χ² = 2.3124e-08]
Mean value of χ²: 2.3254528983223885e-8
Median value of χ²: 2.310354810823197e-8
Accumulate 100 solutions to get the spectral density
The analytical continuation problem is solved successfully.
