[0;31;49m╔═╗╔═╗╔═╗[0m[0;35;49m┬  ┌─┐┬ ┬[0m
[0;32;49m╠═╣║  ╠╣ [0m[0;35;49m│  │ ││││[0m
[0;34;49m╩ ╩╚═╝╚  [0m[0;35;49m┴─┘└─┘└┴┘[0m
[0;30;49mA Modern Toolkit for Analytical Continuation Problems
[0m[0;30;49mPackage: [0m[0;35;49mACFlow
[0m[0;30;49mVersion: [0m[0;35;49m1.3.6-devel.230129
[0m[0;30;49mRelease: [0m[0;35;49m2023/01
[0m
[ Overview ]
Time : 2023-01-29 / 17:01:50
Para : Using 1 processor (myid = 1)
Dirs : /Users/lihuang/Working/devel/acflow/test/Y09/t20
Task : ac.toml

[ StochPX ]
Create infrastructure for Monte Carlo sampling
Randomize Monte Carlo configurations
Postprocess input data: 10 points
Build grid for input data: 10 points
Build mesh for spectrum: 501 points
Start thermalization...
Start stochastic sampling...
try =      1 -> [χ² = 2.9172e-05]
try =      2 -> [χ² = 2.9324e-05]
try =      3 -> [χ² = 2.9297e-05]
try =      4 -> [χ² = 2.9400e-05]
try =      5 -> [χ² = 2.9364e-05]
try =      6 -> [χ² = 2.9377e-05]
try =      7 -> [χ² = 3.0056e-05]
try =      8 -> [χ² = 2.9396e-05]
try =      9 -> [χ² = 2.9254e-05]
try =     10 -> [χ² = 2.9390e-05]
try =     11 -> [χ² = 2.9487e-05]
try =     12 -> [χ² = 2.9379e-05]
try =     13 -> [χ² = 2.9261e-05]
try =     14 -> [χ² = 2.9695e-05]
try =     15 -> [χ² = 2.9151e-05]
try =     16 -> [χ² = 2.9449e-05]
try =     17 -> [χ² = 2.8948e-05]
try =     18 -> [χ² = 2.9175e-05]
try =     19 -> [χ² = 2.9361e-05]
try =     20 -> [χ² = 2.9399e-05]
try =     21 -> [χ² = 2.9068e-05]
try =     22 -> [χ² = 2.9107e-05]
try =     23 -> [χ² = 2.9293e-05]
try =     24 -> [χ² = 2.9326e-05]
try =     25 -> [χ² = 2.9303e-05]
try =     26 -> [χ² = 2.9595e-05]
try =     27 -> [χ² = 2.9474e-05]
try =     28 -> [χ² = 2.9338e-05]
try =     29 -> [χ² = 2.9438e-05]
try =     30 -> [χ² = 2.9279e-05]
try =     31 -> [χ² = 2.9233e-05]
try =     32 -> [χ² = 2.9306e-05]
try =     33 -> [χ² = 2.9324e-05]
try =     34 -> [χ² = 2.9302e-05]
try =     35 -> [χ² = 2.9194e-05]
try =     36 -> [χ² = 2.9485e-05]
try =     37 -> [χ² = 2.9170e-05]
try =     38 -> [χ² = 2.9003e-05]
try =     39 -> [χ² = 2.9435e-05]
try =     40 -> [χ² = 2.9447e-05]
try =     41 -> [χ² = 2.9286e-05]
try =     42 -> [χ² = 2.9390e-05]
try =     43 -> [χ² = 2.9419e-05]
try =     44 -> [χ² = 2.9455e-05]
try =     45 -> [χ² = 2.9409e-05]
try =     46 -> [χ² = 2.9417e-05]
try =     47 -> [χ² = 2.9201e-05]
try =     48 -> [χ² = 2.9528e-05]
try =     49 -> [χ² = 2.9701e-05]
try =     50 -> [χ² = 2.9379e-05]
try =     51 -> [χ² = 2.9520e-05]
try =     52 -> [χ² = 2.9237e-05]
try =     53 -> [χ² = 2.9532e-05]
try =     54 -> [χ² = 2.9105e-05]
try =     55 -> [χ² = 2.9803e-05]
try =     56 -> [χ² = 2.9233e-05]
try =     57 -> [χ² = 2.9037e-05]
try =     58 -> [χ² = 2.9318e-05]
try =     59 -> [χ² = 2.9306e-05]
try =     60 -> [χ² = 2.9420e-05]
try =     61 -> [χ² = 2.9414e-05]
try =     62 -> [χ² = 2.9333e-05]
try =     63 -> [χ² = 2.9485e-05]
try =     64 -> [χ² = 2.9473e-05]
try =     65 -> [χ² = 2.9657e-05]
try =     66 -> [χ² = 2.9609e-05]
try =     67 -> [χ² = 2.9539e-05]
try =     68 -> [χ² = 2.9368e-05]
try =     69 -> [χ² = 2.9776e-05]
try =     70 -> [χ² = 2.8652e-05]
try =     71 -> [χ² = 2.9645e-05]
try =     72 -> [χ² = 2.9699e-05]
try =     73 -> [χ² = 2.9307e-05]
try =     74 -> [χ² = 2.9212e-05]
try =     75 -> [χ² = 2.9776e-05]
try =     76 -> [χ² = 2.9557e-05]
try =     77 -> [χ² = 2.9193e-05]
try =     78 -> [χ² = 2.9502e-05]
try =     79 -> [χ² = 2.9661e-05]
try =     80 -> [χ² = 2.9546e-05]
try =     81 -> [χ² = 2.9505e-05]
try =     82 -> [χ² = 2.9063e-05]
try =     83 -> [χ² = 2.9668e-05]
try =     84 -> [χ² = 2.9182e-05]
try =     85 -> [χ² = 2.9786e-05]
try =     86 -> [χ² = 2.9354e-05]
try =     87 -> [χ² = 2.9350e-05]
try =     88 -> [χ² = 2.9451e-05]
try =     89 -> [χ² = 2.9669e-05]
try =     90 -> [χ² = 2.9440e-05]
try =     91 -> [χ² = 2.9282e-05]
try =     92 -> [χ² = 2.9352e-05]
try =     93 -> [χ² = 2.9476e-05]
try =     94 -> [χ² = 2.9429e-05]
try =     95 -> [χ² = 2.9601e-05]
try =     96 -> [χ² = 2.9179e-05]
try =     97 -> [χ² = 2.9517e-05]
try =     98 -> [χ² = 2.9390e-05]
try =     99 -> [χ² = 2.9128e-05]
try =    100 -> [χ² = 2.9274e-05]
try =    101 -> [χ² = 2.9265e-05]
try =    102 -> [χ² = 2.9143e-05]
try =    103 -> [χ² = 2.9208e-05]
try =    104 -> [χ² = 2.9207e-05]
try =    105 -> [χ² = 2.9343e-05]
try =    106 -> [χ² = 2.9399e-05]
try =    107 -> [χ² = 2.9339e-05]
try =    108 -> [χ² = 2.9249e-05]
try =    109 -> [χ² = 2.9298e-05]
try =    110 -> [χ² = 2.9919e-05]
try =    111 -> [χ² = 2.9611e-05]
try =    112 -> [χ² = 2.9203e-05]
try =    113 -> [χ² = 2.9614e-05]
try =    114 -> [χ² = 2.9366e-05]
try =    115 -> [χ² = 2.9422e-05]
try =    116 -> [χ² = 3.1602e-05]
try =    117 -> [χ² = 2.9854e-05]
try =    118 -> [χ² = 2.9487e-05]
try =    119 -> [χ² = 2.9391e-05]
try =    120 -> [χ² = 2.9649e-05]
try =    121 -> [χ² = 2.9296e-05]
try =    122 -> [χ² = 2.9431e-05]
try =    123 -> [χ² = 2.9512e-05]
try =    124 -> [χ² = 2.9221e-05]
try =    125 -> [χ² = 2.8908e-05]
try =    126 -> [χ² = 2.9376e-05]
try =    127 -> [χ² = 2.9612e-05]
try =    128 -> [χ² = 2.9089e-05]
try =    129 -> [χ² = 2.9044e-05]
try =    130 -> [χ² = 2.8917e-05]
try =    131 -> [χ² = 2.9101e-05]
try =    132 -> [χ² = 2.9124e-05]
try =    133 -> [χ² = 2.9440e-05]
try =    134 -> [χ² = 2.8816e-05]
try =    135 -> [χ² = 2.9296e-05]
try =    136 -> [χ² = 2.9136e-05]
try =    137 -> [χ² = 2.9068e-05]
try =    138 -> [χ² = 2.9038e-05]
try =    139 -> [χ² = 2.8786e-05]
try =    140 -> [χ² = 2.9375e-05]
try =    141 -> [χ² = 2.9319e-05]
try =    142 -> [χ² = 2.9079e-05]
try =    143 -> [χ² = 2.9193e-05]
try =    144 -> [χ² = 2.9556e-05]
try =    145 -> [χ² = 2.9209e-05]
try =    146 -> [χ² = 2.8995e-05]
try =    147 -> [χ² = 2.9333e-05]
try =    148 -> [χ² = 2.8820e-05]
try =    149 -> [χ² = 2.9304e-05]
try =    150 -> [χ² = 2.9514e-05]
try =    151 -> [χ² = 2.9647e-05]
try =    152 -> [χ² = 2.9589e-05]
try =    153 -> [χ² = 2.9210e-05]
try =    154 -> [χ² = 2.9513e-05]
try =    155 -> [χ² = 2.8968e-05]
try =    156 -> [χ² = 2.9559e-05]
try =    157 -> [χ² = 2.9218e-05]
try =    158 -> [χ² = 2.9181e-05]
try =    159 -> [χ² = 2.9097e-05]
try =    160 -> [χ² = 2.9418e-05]
try =    161 -> [χ² = 2.9208e-05]
try =    162 -> [χ² = 2.9271e-05]
try =    163 -> [χ² = 2.9214e-05]
try =    164 -> [χ² = 2.9717e-05]
try =    165 -> [χ² = 2.9412e-05]
try =    166 -> [χ² = 2.9344e-05]
try =    167 -> [χ² = 2.9874e-05]
try =    168 -> [χ² = 2.9386e-05]
try =    169 -> [χ² = 2.9003e-05]
try =    170 -> [χ² = 3.0487e-05]
try =    171 -> [χ² = 2.9736e-05]
try =    172 -> [χ² = 2.9577e-05]
try =    173 -> [χ² = 2.9644e-05]
try =    174 -> [χ² = 2.9442e-05]
try =    175 -> [χ² = 2.9341e-05]
try =    176 -> [χ² = 2.9069e-05]
try =    177 -> [χ² = 2.9158e-05]
try =    178 -> [χ² = 2.9378e-05]
try =    179 -> [χ² = 2.9249e-05]
try =    180 -> [χ² = 2.9318e-05]
try =    181 -> [χ² = 2.9450e-05]
try =    182 -> [χ² = 2.9567e-05]
try =    183 -> [χ² = 2.9400e-05]
try =    184 -> [χ² = 2.9433e-05]
try =    185 -> [χ² = 2.8876e-05]
try =    186 -> [χ² = 2.9053e-05]
try =    187 -> [χ² = 2.9065e-05]
try =    188 -> [χ² = 2.9169e-05]
try =    189 -> [χ² = 2.9274e-05]
try =    190 -> [χ² = 2.9175e-05]
try =    191 -> [χ² = 2.9436e-05]
try =    192 -> [χ² = 2.9476e-05]
try =    193 -> [χ² = 2.8880e-05]
try =    194 -> [χ² = 2.9348e-05]
try =    195 -> [χ² = 2.9356e-05]
try =    196 -> [χ² = 2.9495e-05]
try =    197 -> [χ² = 2.9088e-05]
try =    198 -> [χ² = 2.9580e-05]
try =    199 -> [χ² = 2.8916e-05]
try =    200 -> [χ² = 2.9420e-05]
Mean value of χ²: 2.9364044430458077e-5
Median value of χ²: 2.935483879686653e-5
Accumulate 100 solutions to get the spectral density
The analytical continuation problem is solved successfully.
