[0;31;49m╔═╗╔═╗╔═╗[0m[0;35;49m┬  ┌─┐┬ ┬[0m
[0;32;49m╠═╣║  ╠╣ [0m[0;35;49m│  │ ││││[0m
[0;34;49m╩ ╩╚═╝╚  [0m[0;35;49m┴─┘└─┘└┴┘[0m
[0;30;49mA Modern Toolkit for Analytical Continuation Problems
[0m[0;30;49mPackage: [0m[0;35;49mACFlow
[0m[0;30;49mVersion: [0m[0;35;49m1.3.6-devel.230129
[0m[0;30;49mRelease: [0m[0;35;49m2023/01
[0m
[ Overview ]
Time : 2023-01-29 / 17:02:31
Para : Using 1 processor (myid = 1)
Dirs : /Users/lihuang/Working/devel/acflow/test/Y09/t32
Task : ac.toml

[ StochPX ]
Create infrastructure for Monte Carlo sampling
Randomize Monte Carlo configurations
Postprocess input data: 10 points
Build grid for input data: 10 points
Build mesh for spectrum: 501 points
Start thermalization...
Start stochastic sampling...
try =      1 -> [χ² = 2.3973e-08]
try =      2 -> [χ² = 2.3520e-08]
try =      3 -> [χ² = 2.5554e-08]
try =      4 -> [χ² = 2.3950e-08]
try =      5 -> [χ² = 2.3714e-08]
try =      6 -> [χ² = 2.3471e-08]
try =      7 -> [χ² = 2.3119e-08]
try =      8 -> [χ² = 2.5868e-08]
try =      9 -> [χ² = 2.6120e-08]
try =     10 -> [χ² = 2.3766e-08]
try =     11 -> [χ² = 2.3436e-08]
try =     12 -> [χ² = 2.3268e-08]
try =     13 -> [χ² = 2.3257e-08]
try =     14 -> [χ² = 2.3734e-08]
try =     15 -> [χ² = 2.5044e-08]
try =     16 -> [χ² = 2.3814e-08]
try =     17 -> [χ² = 2.6862e-08]
try =     18 -> [χ² = 2.4016e-08]
try =     19 -> [χ² = 2.3474e-08]
try =     20 -> [χ² = 2.7890e-08]
try =     21 -> [χ² = 2.3420e-08]
try =     22 -> [χ² = 2.3508e-08]
try =     23 -> [χ² = 2.3802e-08]
try =     24 -> [χ² = 2.4444e-08]
try =     25 -> [χ² = 2.4130e-08]
try =     26 -> [χ² = 2.3769e-08]
try =     27 -> [χ² = 2.3856e-08]
try =     28 -> [χ² = 2.3587e-08]
try =     29 -> [χ² = 2.7322e-08]
try =     30 -> [χ² = 2.3186e-08]
try =     31 -> [χ² = 2.3730e-08]
try =     32 -> [χ² = 2.4813e-08]
try =     33 -> [χ² = 2.5638e-08]
try =     34 -> [χ² = 2.5491e-08]
try =     35 -> [χ² = 2.4251e-08]
try =     36 -> [χ² = 2.6496e-08]
try =     37 -> [χ² = 2.3387e-08]
try =     38 -> [χ² = 2.6877e-08]
try =     39 -> [χ² = 2.6013e-08]
try =     40 -> [χ² = 2.4819e-08]
try =     41 -> [χ² = 2.4338e-08]
try =     42 -> [χ² = 2.7340e-08]
try =     43 -> [χ² = 2.4035e-08]
try =     44 -> [χ² = 2.3382e-08]
try =     45 -> [χ² = 2.3757e-08]
try =     46 -> [χ² = 2.3936e-08]
try =     47 -> [χ² = 2.4230e-08]
try =     48 -> [χ² = 2.8308e-08]
try =     49 -> [χ² = 2.4786e-08]
try =     50 -> [χ² = 2.8052e-08]
try =     51 -> [χ² = 2.5061e-08]
try =     52 -> [χ² = 2.3941e-08]
try =     53 -> [χ² = 2.8546e-08]
try =     54 -> [χ² = 2.3867e-08]
try =     55 -> [χ² = 2.4055e-08]
try =     56 -> [χ² = 2.3708e-08]
try =     57 -> [χ² = 2.3831e-08]
try =     58 -> [χ² = 2.4055e-08]
try =     59 -> [χ² = 2.3686e-08]
try =     60 -> [χ² = 2.4362e-08]
try =     61 -> [χ² = 2.5754e-08]
try =     62 -> [χ² = 2.4554e-08]
try =     63 -> [χ² = 2.3734e-08]
try =     64 -> [χ² = 2.7593e-08]
try =     65 -> [χ² = 3.0202e-08]
try =     66 -> [χ² = 2.4820e-08]
try =     67 -> [χ² = 2.3315e-08]
try =     68 -> [χ² = 2.3248e-08]
try =     69 -> [χ² = 2.4033e-08]
try =     70 -> [χ² = 2.4687e-08]
try =     71 -> [χ² = 3.3226e-08]
try =     72 -> [χ² = 2.3212e-08]
try =     73 -> [χ² = 2.3652e-08]
try =     74 -> [χ² = 2.3202e-08]
try =     75 -> [χ² = 2.4037e-08]
try =     76 -> [χ² = 2.3313e-08]
try =     77 -> [χ² = 2.5283e-08]
try =     78 -> [χ² = 2.3437e-08]
try =     79 -> [χ² = 2.7983e-08]
try =     80 -> [χ² = 2.4503e-08]
try =     81 -> [χ² = 2.3503e-08]
try =     82 -> [χ² = 2.3292e-08]
try =     83 -> [χ² = 2.3971e-08]
try =     84 -> [χ² = 2.3888e-08]
try =     85 -> [χ² = 2.4560e-08]
try =     86 -> [χ² = 2.3983e-08]
try =     87 -> [χ² = 2.3546e-08]
try =     88 -> [χ² = 2.4920e-08]
try =     89 -> [χ² = 2.4193e-08]
try =     90 -> [χ² = 2.9555e-08]
try =     91 -> [χ² = 2.4018e-08]
try =     92 -> [χ² = 2.4193e-08]
try =     93 -> [χ² = 2.3205e-08]
try =     94 -> [χ² = 2.6063e-08]
try =     95 -> [χ² = 2.3166e-08]
try =     96 -> [χ² = 2.3376e-08]
try =     97 -> [χ² = 2.8424e-08]
try =     98 -> [χ² = 2.4338e-08]
try =     99 -> [χ² = 3.1103e-08]
try =    100 -> [χ² = 2.3339e-08]
try =    101 -> [χ² = 2.7559e-08]
try =    102 -> [χ² = 2.3842e-08]
try =    103 -> [χ² = 2.4184e-08]
try =    104 -> [χ² = 3.0592e-08]
try =    105 -> [χ² = 2.3383e-08]
try =    106 -> [χ² = 2.3268e-08]
try =    107 -> [χ² = 2.4302e-08]
try =    108 -> [χ² = 2.6221e-08]
try =    109 -> [χ² = 2.3701e-08]
try =    110 -> [χ² = 2.9768e-08]
try =    111 -> [χ² = 2.7674e-08]
try =    112 -> [χ² = 2.4718e-08]
try =    113 -> [χ² = 2.3648e-08]
try =    114 -> [χ² = 2.3330e-08]
try =    115 -> [χ² = 2.3249e-08]
try =    116 -> [χ² = 2.3555e-08]
try =    117 -> [χ² = 2.3646e-08]
try =    118 -> [χ² = 2.3556e-08]
try =    119 -> [χ² = 2.3263e-08]
try =    120 -> [χ² = 2.4094e-08]
try =    121 -> [χ² = 3.0203e-08]
try =    122 -> [χ² = 2.4581e-08]
try =    123 -> [χ² = 2.3529e-08]
try =    124 -> [χ² = 2.8296e-08]
try =    125 -> [χ² = 2.5201e-08]
try =    126 -> [χ² = 2.3108e-08]
try =    127 -> [χ² = 2.3472e-08]
try =    128 -> [χ² = 2.3283e-08]
try =    129 -> [χ² = 2.3775e-08]
try =    130 -> [χ² = 2.3911e-08]
try =    131 -> [χ² = 2.3230e-08]
try =    132 -> [χ² = 2.3415e-08]
try =    133 -> [χ² = 2.3815e-08]
try =    134 -> [χ² = 2.3253e-08]
try =    135 -> [χ² = 2.7340e-08]
try =    136 -> [χ² = 2.4633e-08]
try =    137 -> [χ² = 2.3418e-08]
try =    138 -> [χ² = 2.3683e-08]
try =    139 -> [χ² = 2.6721e-08]
try =    140 -> [χ² = 2.3392e-08]
try =    141 -> [χ² = 2.3629e-08]
try =    142 -> [χ² = 2.3123e-08]
try =    143 -> [χ² = 2.3353e-08]
try =    144 -> [χ² = 2.3828e-08]
try =    145 -> [χ² = 2.6393e-08]
try =    146 -> [χ² = 2.9965e-08]
try =    147 -> [χ² = 4.0390e-08]
try =    148 -> [χ² = 2.3333e-08]
try =    149 -> [χ² = 2.3702e-08]
try =    150 -> [χ² = 2.3596e-08]
try =    151 -> [χ² = 2.5549e-08]
try =    152 -> [χ² = 2.5179e-08]
try =    153 -> [χ² = 2.4125e-08]
try =    154 -> [χ² = 2.4280e-08]
try =    155 -> [χ² = 2.6985e-08]
try =    156 -> [χ² = 2.3690e-08]
try =    157 -> [χ² = 2.4817e-08]
try =    158 -> [χ² = 2.5473e-08]
try =    159 -> [χ² = 2.5433e-08]
try =    160 -> [χ² = 2.5666e-08]
try =    161 -> [χ² = 3.0152e-08]
try =    162 -> [χ² = 3.0768e-08]
try =    163 -> [χ² = 2.3318e-08]
try =    164 -> [χ² = 2.4226e-08]
try =    165 -> [χ² = 2.3389e-08]
try =    166 -> [χ² = 2.4392e-08]
try =    167 -> [χ² = 2.3330e-08]
try =    168 -> [χ² = 2.3078e-08]
try =    169 -> [χ² = 3.0099e-08]
try =    170 -> [χ² = 2.3962e-08]
try =    171 -> [χ² = 2.3401e-08]
try =    172 -> [χ² = 2.5097e-08]
try =    173 -> [χ² = 2.3620e-08]
try =    174 -> [χ² = 2.3480e-08]
try =    175 -> [χ² = 2.9744e-08]
try =    176 -> [χ² = 2.4276e-08]
try =    177 -> [χ² = 2.4301e-08]
try =    178 -> [χ² = 2.6037e-08]
try =    179 -> [χ² = 2.4593e-08]
try =    180 -> [χ² = 2.4798e-08]
try =    181 -> [χ² = 2.3276e-08]
try =    182 -> [χ² = 2.3126e-08]
try =    183 -> [χ² = 2.3155e-08]
try =    184 -> [χ² = 2.3241e-08]
try =    185 -> [χ² = 2.3291e-08]
try =    186 -> [χ² = 2.3910e-08]
try =    187 -> [χ² = 2.3720e-08]
try =    188 -> [χ² = 2.4324e-08]
try =    189 -> [χ² = 2.4852e-08]
try =    190 -> [χ² = 2.3353e-08]
try =    191 -> [χ² = 2.3252e-08]
try =    192 -> [χ² = 2.3238e-08]
try =    193 -> [χ² = 2.4864e-08]
try =    194 -> [χ² = 2.5602e-08]
try =    195 -> [χ² = 2.3428e-08]
try =    196 -> [χ² = 2.3239e-08]
try =    197 -> [χ² = 2.4886e-08]
try =    198 -> [χ² = 2.3357e-08]
try =    199 -> [χ² = 2.3635e-08]
try =    200 -> [χ² = 2.5607e-08]
Mean value of χ²: 2.4819127852174923e-8
Median value of χ²: 2.39718882119873e-8
Accumulate 100 solutions to get the spectral density
The analytical continuation problem is solved successfully.
