[0;31;49m╔═╗╔═╗╔═╗[0m[0;35;49m┬  ┌─┐┬ ┬[0m
[0;32;49m╠═╣║  ╠╣ [0m[0;35;49m│  │ ││││[0m
[0;34;49m╩ ╩╚═╝╚  [0m[0;35;49m┴─┘└─┘└┴┘[0m
[0;30;49mA Modern Toolkit for Analytical Continuation Problems
[0m[0;30;49mPackage: [0m[0;35;49mACFlow
[0m[0;30;49mVersion: [0m[0;35;49m1.3.6-devel.230129
[0m[0;30;49mRelease: [0m[0;35;49m2023/01
[0m
[ Overview ]
Time : 2023-01-29 / 17:02:38
Para : Using 1 processor (myid = 1)
Dirs : /Users/lihuang/Working/devel/acflow/test/Y09/t35
Task : ac.toml

[ StochPX ]
Create infrastructure for Monte Carlo sampling
Randomize Monte Carlo configurations
Postprocess input data: 10 points
Build grid for input data: 10 points
Build mesh for spectrum: 501 points
Start thermalization...
Start stochastic sampling...
try =      1 -> [χ² = 5.8434e-08]
try =      2 -> [χ² = 3.2204e-08]
try =      3 -> [χ² = 5.8917e-08]
try =      4 -> [χ² = 4.2595e-08]
try =      5 -> [χ² = 5.9609e-08]
try =      6 -> [χ² = 3.6154e-08]
try =      7 -> [χ² = 4.4587e-08]
try =      8 -> [χ² = 3.5833e-08]
try =      9 -> [χ² = 5.5988e-08]
try =     10 -> [χ² = 3.4992e-08]
try =     11 -> [χ² = 3.9489e-08]
try =     12 -> [χ² = 5.9021e-08]
try =     13 -> [χ² = 5.8840e-08]
try =     14 -> [χ² = 2.9904e-08]
try =     15 -> [χ² = 5.3125e-08]
try =     16 -> [χ² = 6.2668e-08]
try =     17 -> [χ² = 4.4140e-08]
try =     18 -> [χ² = 3.6067e-08]
try =     19 -> [χ² = 3.0597e-08]
try =     20 -> [χ² = 3.8058e-08]
try =     21 -> [χ² = 5.3185e-08]
try =     22 -> [χ² = 5.3554e-08]
try =     23 -> [χ² = 6.1176e-08]
try =     24 -> [χ² = 3.9974e-08]
try =     25 -> [χ² = 4.5790e-08]
try =     26 -> [χ² = 6.4209e-08]
try =     27 -> [χ² = 4.1941e-08]
try =     28 -> [χ² = 4.9210e-08]
try =     29 -> [χ² = 4.6051e-08]
try =     30 -> [χ² = 4.4209e-08]
try =     31 -> [χ² = 3.1523e-08]
try =     32 -> [χ² = 3.7070e-08]
try =     33 -> [χ² = 6.4452e-08]
try =     34 -> [χ² = 4.4184e-08]
try =     35 -> [χ² = 4.1435e-08]
try =     36 -> [χ² = 4.8804e-08]
try =     37 -> [χ² = 3.5832e-08]
try =     38 -> [χ² = 5.8036e-08]
try =     39 -> [χ² = 5.2331e-08]
try =     40 -> [χ² = 2.7049e-08]
try =     41 -> [χ² = 3.6762e-08]
try =     42 -> [χ² = 3.0440e-08]
try =     43 -> [χ² = 6.9203e-08]
try =     44 -> [χ² = 3.7519e-08]
try =     45 -> [χ² = 3.1264e-08]
try =     46 -> [χ² = 5.4723e-08]
try =     47 -> [χ² = 4.6413e-08]
try =     48 -> [χ² = 3.6066e-08]
try =     49 -> [χ² = 5.4222e-08]
try =     50 -> [χ² = 4.0970e-08]
try =     51 -> [χ² = 3.9268e-08]
try =     52 -> [χ² = 3.3875e-08]
try =     53 -> [χ² = 5.6457e-08]
try =     54 -> [χ² = 4.6842e-08]
try =     55 -> [χ² = 3.6870e-08]
try =     56 -> [χ² = 4.7403e-08]
try =     57 -> [χ² = 5.8450e-08]
try =     58 -> [χ² = 5.7641e-08]
try =     59 -> [χ² = 5.3111e-08]
try =     60 -> [χ² = 3.5875e-08]
try =     61 -> [χ² = 4.0142e-08]
try =     62 -> [χ² = 3.6100e-08]
try =     63 -> [χ² = 5.5881e-08]
try =     64 -> [χ² = 5.2771e-08]
try =     65 -> [χ² = 4.1996e-08]
try =     66 -> [χ² = 6.0762e-08]
try =     67 -> [χ² = 4.6609e-08]
try =     68 -> [χ² = 3.2638e-08]
try =     69 -> [χ² = 2.9692e-08]
try =     70 -> [χ² = 3.0654e-08]
try =     71 -> [χ² = 5.0010e-08]
try =     72 -> [χ² = 4.8586e-08]
try =     73 -> [χ² = 4.6044e-08]
try =     74 -> [χ² = 6.3711e-08]
try =     75 -> [χ² = 7.2944e-08]
try =     76 -> [χ² = 4.4347e-08]
try =     77 -> [χ² = 3.0702e-08]
try =     78 -> [χ² = 3.4195e-08]
try =     79 -> [χ² = 3.9865e-08]
try =     80 -> [χ² = 5.2406e-08]
try =     81 -> [χ² = 4.3867e-08]
try =     82 -> [χ² = 5.3545e-08]
try =     83 -> [χ² = 3.7050e-08]
try =     84 -> [χ² = 5.9554e-08]
try =     85 -> [χ² = 2.7894e-08]
try =     86 -> [χ² = 3.6297e-08]
try =     87 -> [χ² = 3.9999e-08]
try =     88 -> [χ² = 3.1803e-08]
try =     89 -> [χ² = 4.4338e-08]
try =     90 -> [χ² = 6.9323e-08]
try =     91 -> [χ² = 8.1720e-08]
try =     92 -> [χ² = 2.7979e-08]
try =     93 -> [χ² = 3.6795e-08]
try =     94 -> [χ² = 2.9033e-08]
try =     95 -> [χ² = 3.5940e-08]
try =     96 -> [χ² = 3.0874e-08]
try =     97 -> [χ² = 3.0224e-08]
try =     98 -> [χ² = 3.5389e-08]
try =     99 -> [χ² = 4.2409e-08]
try =    100 -> [χ² = 5.2055e-08]
try =    101 -> [χ² = 3.1013e-08]
try =    102 -> [χ² = 3.0819e-08]
try =    103 -> [χ² = 6.2121e-08]
try =    104 -> [χ² = 8.7773e-08]
try =    105 -> [χ² = 4.7792e-08]
try =    106 -> [χ² = 5.0261e-08]
try =    107 -> [χ² = 4.1385e-08]
try =    108 -> [χ² = 5.2090e-08]
try =    109 -> [χ² = 5.6368e-08]
try =    110 -> [χ² = 7.3286e-08]
try =    111 -> [χ² = 4.1886e-08]
try =    112 -> [χ² = 3.2576e-08]
try =    113 -> [χ² = 2.9546e-08]
try =    114 -> [χ² = 5.3392e-08]
try =    115 -> [χ² = 5.7031e-08]
try =    116 -> [χ² = 5.3971e-08]
try =    117 -> [χ² = 3.6832e-08]
try =    118 -> [χ² = 3.7480e-08]
try =    119 -> [χ² = 6.0890e-08]
try =    120 -> [χ² = 4.9856e-08]
try =    121 -> [χ² = 4.1980e-08]
try =    122 -> [χ² = 4.1135e-08]
try =    123 -> [χ² = 6.8438e-08]
try =    124 -> [χ² = 6.3468e-08]
try =    125 -> [χ² = 3.7443e-08]
try =    126 -> [χ² = 4.2510e-08]
try =    127 -> [χ² = 5.5140e-08]
try =    128 -> [χ² = 3.3456e-08]
try =    129 -> [χ² = 4.3419e-08]
try =    130 -> [χ² = 5.1121e-08]
try =    131 -> [χ² = 4.1828e-08]
try =    132 -> [χ² = 4.8367e-08]
try =    133 -> [χ² = 4.8132e-08]
try =    134 -> [χ² = 3.0548e-08]
try =    135 -> [χ² = 3.6823e-08]
try =    136 -> [χ² = 4.6365e-08]
try =    137 -> [χ² = 8.9899e-08]
try =    138 -> [χ² = 4.5750e-08]
try =    139 -> [χ² = 3.3511e-08]
try =    140 -> [χ² = 5.1621e-08]
try =    141 -> [χ² = 5.2531e-08]
try =    142 -> [χ² = 4.3348e-08]
try =    143 -> [χ² = 3.2628e-08]
try =    144 -> [χ² = 7.0695e-08]
try =    145 -> [χ² = 4.8306e-08]
try =    146 -> [χ² = 3.8033e-08]
try =    147 -> [χ² = 5.3134e-08]
try =    148 -> [χ² = 3.2629e-08]
try =    149 -> [χ² = 5.0674e-08]
try =    150 -> [χ² = 4.4667e-08]
try =    151 -> [χ² = 6.7950e-08]
try =    152 -> [χ² = 4.5360e-08]
try =    153 -> [χ² = 2.9855e-08]
try =    154 -> [χ² = 4.1367e-08]
try =    155 -> [χ² = 5.2113e-08]
try =    156 -> [χ² = 4.2952e-08]
try =    157 -> [χ² = 3.0154e-08]
try =    158 -> [χ² = 4.3783e-08]
try =    159 -> [χ² = 8.4547e-08]
try =    160 -> [χ² = 2.8330e-08]
try =    161 -> [χ² = 3.9333e-08]
try =    162 -> [χ² = 2.9469e-08]
try =    163 -> [χ² = 3.7985e-08]
try =    164 -> [χ² = 3.2649e-08]
try =    165 -> [χ² = 3.9229e-08]
try =    166 -> [χ² = 4.2406e-08]
try =    167 -> [χ² = 3.0893e-08]
try =    168 -> [χ² = 3.2846e-08]
try =    169 -> [χ² = 4.1519e-08]
try =    170 -> [χ² = 3.0675e-08]
try =    171 -> [χ² = 3.0286e-08]
try =    172 -> [χ² = 4.2572e-08]
try =    173 -> [χ² = 3.3210e-08]
try =    174 -> [χ² = 4.6614e-08]
try =    175 -> [χ² = 4.0333e-08]
try =    176 -> [χ² = 3.8833e-08]
try =    177 -> [χ² = 2.5448e-08]
try =    178 -> [χ² = 3.8085e-08]
try =    179 -> [χ² = 3.7194e-08]
try =    180 -> [χ² = 4.7464e-08]
try =    181 -> [χ² = 4.1032e-08]
try =    182 -> [χ² = 3.9382e-08]
try =    183 -> [χ² = 4.1151e-08]
try =    184 -> [χ² = 5.0092e-08]
try =    185 -> [χ² = 8.4515e-08]
try =    186 -> [χ² = 2.5179e-08]
try =    187 -> [χ² = 3.3049e-08]
try =    188 -> [χ² = 4.9894e-08]
try =    189 -> [χ² = 3.4345e-08]
try =    190 -> [χ² = 3.3089e-08]
try =    191 -> [χ² = 3.6783e-08]
try =    192 -> [χ² = 4.1570e-08]
try =    193 -> [χ² = 4.6581e-08]
try =    194 -> [χ² = 4.7960e-08]
try =    195 -> [χ² = 4.0200e-08]
try =    196 -> [χ² = 3.5635e-08]
try =    197 -> [χ² = 3.8457e-08]
try =    198 -> [χ² = 4.0605e-08]
try =    199 -> [χ² = 3.4403e-08]
try =    200 -> [χ² = 2.9453e-08]
Mean value of χ²: 4.470774311268413e-8
Median value of χ²: 4.198788742451068e-8
Accumulate 45 solutions to get the spectral density
The analytical continuation problem is solved successfully.
