[0;31;49m╔═╗╔═╗╔═╗[0m[0;35;49m┬  ┌─┐┬ ┬[0m
[0;32;49m╠═╣║  ╠╣ [0m[0;35;49m│  │ ││││[0m
[0;34;49m╩ ╩╚═╝╚  [0m[0;35;49m┴─┘└─┘└┴┘[0m
[0;30;49mA Modern Toolkit for Analytical Continuation Problems
[0m[0;30;49mPackage: [0m[0;35;49mACFlow
[0m[0;30;49mVersion: [0m[0;35;49m1.3.6-devel.230129
[0m[0;30;49mRelease: [0m[0;35;49m2023/01
[0m
[ Overview ]
Time : 2023-01-29 / 17:31:21
Para : Using 1 processor (myid = 1)
Dirs : /Users/lihuang/Working/devel/acflow/test/Y09/t10
Task : ac.toml

[ StochPX ]
Create infrastructure for Monte Carlo sampling
Randomize Monte Carlo configurations
Postprocess input data: 10 points
Build grid for input data: 10 points
Build mesh for spectrum: 501 points
Start thermalization...
Start stochastic sampling...
try =      1 -> [χ² = 8.1176e-03]
try =      2 -> [χ² = 8.0987e-03]
try =      3 -> [χ² = 8.0952e-03]
try =      4 -> [χ² = 8.0927e-03]
try =      5 -> [χ² = 8.0914e-03]
try =      6 -> [χ² = 8.0913e-03]
try =      7 -> [χ² = 8.0907e-03]
try =      8 -> [χ² = 8.0931e-03]
try =      9 -> [χ² = 8.0934e-03]
try =     10 -> [χ² = 8.0934e-03]
try =     11 -> [χ² = 8.0930e-03]
try =     12 -> [χ² = 8.0952e-03]
try =     13 -> [χ² = 8.0923e-03]
try =     14 -> [χ² = 8.0930e-03]
try =     15 -> [χ² = 8.0915e-03]
try =     16 -> [χ² = 8.0927e-03]
try =     17 -> [χ² = 8.0919e-03]
try =     18 -> [χ² = 8.0915e-03]
try =     19 -> [χ² = 8.0918e-03]
try =     20 -> [χ² = 8.0913e-03]
try =     21 -> [χ² = 8.0913e-03]
try =     22 -> [χ² = 8.0909e-03]
try =     23 -> [χ² = 8.0911e-03]
try =     24 -> [χ² = 8.0912e-03]
try =     25 -> [χ² = 8.0933e-03]
try =     26 -> [χ² = 8.0925e-03]
try =     27 -> [χ² = 8.0928e-03]
try =     28 -> [χ² = 8.0925e-03]
try =     29 -> [χ² = 8.0956e-03]
try =     30 -> [χ² = 8.0925e-03]
try =     31 -> [χ² = 8.0918e-03]
try =     32 -> [χ² = 8.0912e-03]
try =     33 -> [χ² = 8.0969e-03]
try =     34 -> [χ² = 8.0907e-03]
try =     35 -> [χ² = 8.0900e-03]
try =     36 -> [χ² = 8.0899e-03]
try =     37 -> [χ² = 8.0920e-03]
try =     38 -> [χ² = 8.0911e-03]
try =     39 -> [χ² = 8.0906e-03]
try =     40 -> [χ² = 8.0922e-03]
try =     41 -> [χ² = 8.0910e-03]
try =     42 -> [χ² = 8.0899e-03]
try =     43 -> [χ² = 8.0909e-03]
try =     44 -> [χ² = 8.0921e-03]
try =     45 -> [χ² = 8.0919e-03]
try =     46 -> [χ² = 8.0909e-03]
try =     47 -> [χ² = 8.0920e-03]
try =     48 -> [χ² = 8.0918e-03]
try =     49 -> [χ² = 8.0913e-03]
try =     50 -> [χ² = 8.0917e-03]
try =     51 -> [χ² = 8.0935e-03]
try =     52 -> [χ² = 8.0919e-03]
try =     53 -> [χ² = 8.0914e-03]
try =     54 -> [χ² = 8.0902e-03]
try =     55 -> [χ² = 8.0913e-03]
try =     56 -> [χ² = 8.0905e-03]
try =     57 -> [χ² = 8.0901e-03]
try =     58 -> [χ² = 8.0921e-03]
try =     59 -> [χ² = 8.0910e-03]
try =     60 -> [χ² = 8.0922e-03]
try =     61 -> [χ² = 8.0902e-03]
try =     62 -> [χ² = 8.0914e-03]
try =     63 -> [χ² = 8.0904e-03]
try =     64 -> [χ² = 8.0919e-03]
try =     65 -> [χ² = 8.0913e-03]
try =     66 -> [χ² = 8.0914e-03]
try =     67 -> [χ² = 8.0940e-03]
try =     68 -> [χ² = 8.0919e-03]
try =     69 -> [χ² = 8.0920e-03]
try =     70 -> [χ² = 8.0903e-03]
try =     71 -> [χ² = 8.0955e-03]
try =     72 -> [χ² = 8.0905e-03]
try =     73 -> [χ² = 8.0913e-03]
try =     74 -> [χ² = 8.0919e-03]
try =     75 -> [χ² = 8.0919e-03]
try =     76 -> [χ² = 8.0905e-03]
try =     77 -> [χ² = 8.0925e-03]
try =     78 -> [χ² = 8.0911e-03]
try =     79 -> [χ² = 8.0925e-03]
try =     80 -> [χ² = 8.0919e-03]
try =     81 -> [χ² = 8.0941e-03]
try =     82 -> [χ² = 8.0921e-03]
try =     83 -> [χ² = 8.0922e-03]
try =     84 -> [χ² = 8.0930e-03]
try =     85 -> [χ² = 8.0915e-03]
try =     86 -> [χ² = 8.0942e-03]
try =     87 -> [χ² = 8.0924e-03]
try =     88 -> [χ² = 8.0920e-03]
try =     89 -> [χ² = 8.0916e-03]
try =     90 -> [χ² = 8.0931e-03]
try =     91 -> [χ² = 8.0919e-03]
try =     92 -> [χ² = 8.0911e-03]
try =     93 -> [χ² = 8.0926e-03]
try =     94 -> [χ² = 8.0904e-03]
try =     95 -> [χ² = 8.0919e-03]
try =     96 -> [χ² = 8.0910e-03]
try =     97 -> [χ² = 8.0903e-03]
try =     98 -> [χ² = 8.0895e-03]
try =     99 -> [χ² = 8.0894e-03]
try =    100 -> [χ² = 8.0907e-03]
try =    101 -> [χ² = 8.0934e-03]
try =    102 -> [χ² = 8.0925e-03]
try =    103 -> [χ² = 8.0920e-03]
try =    104 -> [χ² = 8.0917e-03]
try =    105 -> [χ² = 8.0929e-03]
try =    106 -> [χ² = 8.0919e-03]
try =    107 -> [χ² = 8.0915e-03]
try =    108 -> [χ² = 8.0907e-03]
try =    109 -> [χ² = 8.0922e-03]
try =    110 -> [χ² = 8.0940e-03]
try =    111 -> [χ² = 8.0924e-03]
try =    112 -> [χ² = 8.0943e-03]
try =    113 -> [χ² = 8.0928e-03]
try =    114 -> [χ² = 8.0909e-03]
try =    115 -> [χ² = 8.0910e-03]
try =    116 -> [χ² = 8.0906e-03]
try =    117 -> [χ² = 8.0910e-03]
try =    118 -> [χ² = 8.0907e-03]
try =    119 -> [χ² = 8.0903e-03]
try =    120 -> [χ² = 8.0891e-03]
try =    121 -> [χ² = 8.0898e-03]
try =    122 -> [χ² = 8.0903e-03]
try =    123 -> [χ² = 8.0960e-03]
try =    124 -> [χ² = 8.0925e-03]
try =    125 -> [χ² = 8.0904e-03]
try =    126 -> [χ² = 8.0901e-03]
try =    127 -> [χ² = 8.0913e-03]
try =    128 -> [χ² = 8.0929e-03]
try =    129 -> [χ² = 8.0915e-03]
try =    130 -> [χ² = 8.0924e-03]
try =    131 -> [χ² = 8.0914e-03]
try =    132 -> [χ² = 8.0907e-03]
try =    133 -> [χ² = 8.0941e-03]
try =    134 -> [χ² = 8.0952e-03]
try =    135 -> [χ² = 8.0926e-03]
try =    136 -> [χ² = 8.0939e-03]
try =    137 -> [χ² = 8.0912e-03]
try =    138 -> [χ² = 8.0917e-03]
try =    139 -> [χ² = 8.0921e-03]
try =    140 -> [χ² = 8.0889e-03]
try =    141 -> [χ² = 8.0913e-03]
try =    142 -> [χ² = 8.0929e-03]
try =    143 -> [χ² = 8.0907e-03]
try =    144 -> [χ² = 8.0903e-03]
try =    145 -> [χ² = 8.0915e-03]
try =    146 -> [χ² = 8.0908e-03]
try =    147 -> [χ² = 8.0911e-03]
try =    148 -> [χ² = 8.0906e-03]
try =    149 -> [χ² = 8.0896e-03]
try =    150 -> [χ² = 8.0929e-03]
try =    151 -> [χ² = 8.0903e-03]
try =    152 -> [χ² = 8.0917e-03]
try =    153 -> [χ² = 8.0956e-03]
try =    154 -> [χ² = 8.0962e-03]
try =    155 -> [χ² = 8.0933e-03]
try =    156 -> [χ² = 8.0943e-03]
try =    157 -> [χ² = 8.0929e-03]
try =    158 -> [χ² = 8.0914e-03]
try =    159 -> [χ² = 8.0920e-03]
try =    160 -> [χ² = 8.0924e-03]
try =    161 -> [χ² = 8.0909e-03]
try =    162 -> [χ² = 8.0936e-03]
try =    163 -> [χ² = 8.0930e-03]
try =    164 -> [χ² = 8.0949e-03]
try =    165 -> [χ² = 8.0958e-03]
try =    166 -> [χ² = 8.0925e-03]
try =    167 -> [χ² = 8.0961e-03]
try =    168 -> [χ² = 8.0930e-03]
try =    169 -> [χ² = 8.0916e-03]
try =    170 -> [χ² = 8.0920e-03]
try =    171 -> [χ² = 8.0927e-03]
try =    172 -> [χ² = 8.0916e-03]
try =    173 -> [χ² = 8.0919e-03]
try =    174 -> [χ² = 8.0908e-03]
try =    175 -> [χ² = 8.0921e-03]
try =    176 -> [χ² = 8.0949e-03]
try =    177 -> [χ² = 8.0946e-03]
try =    178 -> [χ² = 8.0988e-03]
try =    179 -> [χ² = 8.0931e-03]
try =    180 -> [χ² = 8.0928e-03]
try =    181 -> [χ² = 8.0928e-03]
try =    182 -> [χ² = 8.0910e-03]
try =    183 -> [χ² = 8.0915e-03]
try =    184 -> [χ² = 8.0923e-03]
try =    185 -> [χ² = 8.0916e-03]
try =    186 -> [χ² = 8.0927e-03]
try =    187 -> [χ² = 8.0955e-03]
try =    188 -> [χ² = 8.0916e-03]
try =    189 -> [χ² = 8.0920e-03]
try =    190 -> [χ² = 8.0927e-03]
try =    191 -> [χ² = 8.0938e-03]
try =    192 -> [χ² = 8.0925e-03]
try =    193 -> [χ² = 8.0936e-03]
try =    194 -> [χ² = 8.0919e-03]
try =    195 -> [χ² = 8.0908e-03]
try =    196 -> [χ² = 8.0928e-03]
try =    197 -> [χ² = 8.0908e-03]
try =    198 -> [χ² = 8.0922e-03]
try =    199 -> [χ² = 8.0911e-03]
try =    200 -> [χ² = 8.0920e-03]
Mean value of χ²: 0.008092233863840649
Median value of χ²: 0.008091905136204766
Accumulate 100 solutions to get the spectral density
The analytical continuation problem is solved successfully.
