[0;31;49m╔═╗╔═╗╔═╗[0m[0;35;49m┬  ┌─┐┬ ┬[0m
[0;32;49m╠═╣║  ╠╣ [0m[0;35;49m│  │ ││││[0m
[0;34;49m╩ ╩╚═╝╚  [0m[0;35;49m┴─┘└─┘└┴┘[0m
[0;30;49mA Modern Toolkit for Analytical Continuation Problems
[0m[0;30;49mPackage: [0m[0;35;49mACFlow
[0m[0;30;49mVersion: [0m[0;35;49m1.3.5-devel.230127
[0m[0;30;49mRelease: [0m[0;35;49m2023/01
[0m
[ Overview ]
Time : 2023-01-29 / 13:42:30
Para : Using 1 processor (myid = 1)
Dirs : /Users/lihuang/Working/devel/acflow/test/Y09/t35
Task : ac.toml

[ StochPX ]
Create infrastructure for Monte Carlo sampling
Randomize Monte Carlo configurations
Postprocess input data: 10 points
Build grid for input data: 10 points
Build mesh for spectrum: 501 points
Start thermalization...
Start stochastic sampling...
try =      1 -> [χ² = 8.5901e-08]
try =      2 -> [χ² = 8.4798e-08]
try =      3 -> [χ² = 8.5556e-08]
try =      4 -> [χ² = 1.0117e-07]
try =      5 -> [χ² = 8.7312e-08]
try =      6 -> [χ² = 1.0137e-07]
try =      7 -> [χ² = 9.2283e-08]
try =      8 -> [χ² = 1.0700e-07]
try =      9 -> [χ² = 8.7423e-08]
try =     10 -> [χ² = 1.0596e-07]
try =     11 -> [χ² = 8.5362e-08]
try =     12 -> [χ² = 8.2007e-08]
try =     13 -> [χ² = 9.8446e-08]
try =     14 -> [χ² = 9.0705e-08]
try =     15 -> [χ² = 8.4671e-08]
try =     16 -> [χ² = 8.9844e-08]
try =     17 -> [χ² = 8.4387e-08]
try =     18 -> [χ² = 1.0415e-07]
try =     19 -> [χ² = 9.0872e-08]
try =     20 -> [χ² = 8.4371e-08]
try =     21 -> [χ² = 1.1676e-07]
try =     22 -> [χ² = 8.8005e-08]
try =     23 -> [χ² = 8.6571e-08]
try =     24 -> [χ² = 1.0803e-07]
try =     25 -> [χ² = 9.1623e-08]
try =     26 -> [χ² = 9.8370e-08]
try =     27 -> [χ² = 9.0417e-08]
try =     28 -> [χ² = 8.2322e-08]
try =     29 -> [χ² = 8.8819e-08]
try =     30 -> [χ² = 8.9305e-08]
try =     31 -> [χ² = 1.1265e-07]
try =     32 -> [χ² = 8.8308e-08]
try =     33 -> [χ² = 8.3273e-08]
try =     34 -> [χ² = 9.0990e-08]
try =     35 -> [χ² = 8.6704e-08]
try =     36 -> [χ² = 9.1440e-08]
try =     37 -> [χ² = 8.7962e-08]
try =     38 -> [χ² = 9.4161e-08]
try =     39 -> [χ² = 8.4921e-08]
try =     40 -> [χ² = 8.6597e-08]
try =     41 -> [χ² = 9.1689e-08]
try =     42 -> [χ² = 9.8515e-08]
try =     43 -> [χ² = 9.3016e-08]
try =     44 -> [χ² = 8.5640e-08]
try =     45 -> [χ² = 9.1138e-08]
try =     46 -> [χ² = 9.2502e-08]
try =     47 -> [χ² = 8.2093e-08]
try =     48 -> [χ² = 8.3070e-08]
try =     49 -> [χ² = 1.0188e-07]
try =     50 -> [χ² = 9.8123e-08]
try =     51 -> [χ² = 8.3623e-08]
try =     52 -> [χ² = 8.5246e-08]
try =     53 -> [χ² = 8.3929e-08]
try =     54 -> [χ² = 8.4045e-08]
try =     55 -> [χ² = 8.9786e-08]
try =     56 -> [χ² = 9.1753e-08]
try =     57 -> [χ² = 8.4702e-08]
try =     58 -> [χ² = 9.0406e-08]
try =     59 -> [χ² = 1.0824e-07]
try =     60 -> [χ² = 9.6090e-08]
try =     61 -> [χ² = 8.6915e-08]
try =     62 -> [χ² = 8.5997e-08]
try =     63 -> [χ² = 8.1241e-08]
try =     64 -> [χ² = 8.5799e-08]
try =     65 -> [χ² = 8.6134e-08]
try =     66 -> [χ² = 8.2970e-08]
try =     67 -> [χ² = 9.2164e-08]
try =     68 -> [χ² = 8.7412e-08]
try =     69 -> [χ² = 8.7995e-08]
try =     70 -> [χ² = 8.9104e-08]
try =     71 -> [χ² = 8.5813e-08]
try =     72 -> [χ² = 8.3166e-08]
try =     73 -> [χ² = 9.1595e-08]
try =     74 -> [χ² = 8.7113e-08]
try =     75 -> [χ² = 8.7008e-08]
try =     76 -> [χ² = 1.0308e-07]
try =     77 -> [χ² = 1.2620e-07]
try =     78 -> [χ² = 9.0490e-08]
try =     79 -> [χ² = 8.4252e-08]
try =     80 -> [χ² = 8.4413e-08]
try =     81 -> [χ² = 8.5103e-08]
try =     82 -> [χ² = 8.8884e-08]
try =     83 -> [χ² = 9.7033e-08]
try =     84 -> [χ² = 8.9293e-08]
try =     85 -> [χ² = 9.4941e-08]
try =     86 -> [χ² = 8.5359e-08]
try =     87 -> [χ² = 9.4341e-08]
try =     88 -> [χ² = 8.7673e-08]
try =     89 -> [χ² = 8.7406e-08]
try =     90 -> [χ² = 8.6810e-08]
try =     91 -> [χ² = 8.7115e-08]
try =     92 -> [χ² = 8.4514e-08]
try =     93 -> [χ² = 8.5961e-08]
try =     94 -> [χ² = 8.7150e-08]
try =     95 -> [χ² = 9.2217e-08]
try =     96 -> [χ² = 8.3677e-08]
try =     97 -> [χ² = 9.8888e-08]
try =     98 -> [χ² = 1.0767e-07]
try =     99 -> [χ² = 9.8751e-08]
try =    100 -> [χ² = 9.0018e-08]
try =    101 -> [χ² = 8.8342e-08]
try =    102 -> [χ² = 8.4564e-08]
try =    103 -> [χ² = 9.0269e-08]
try =    104 -> [χ² = 8.4209e-08]
try =    105 -> [χ² = 1.0018e-07]
try =    106 -> [χ² = 8.9114e-08]
try =    107 -> [χ² = 8.7578e-08]
try =    108 -> [χ² = 9.8684e-08]
try =    109 -> [χ² = 8.8566e-08]
try =    110 -> [χ² = 1.1328e-07]
try =    111 -> [χ² = 8.6402e-08]
try =    112 -> [χ² = 9.5091e-08]
try =    113 -> [χ² = 8.3209e-08]
try =    114 -> [χ² = 8.4934e-08]
try =    115 -> [χ² = 8.3332e-08]
try =    116 -> [χ² = 9.0289e-08]
try =    117 -> [χ² = 9.3470e-08]
try =    118 -> [χ² = 9.7819e-08]
try =    119 -> [χ² = 8.0872e-08]
try =    120 -> [χ² = 1.0647e-07]
try =    121 -> [χ² = 1.1657e-07]
try =    122 -> [χ² = 8.4478e-08]
try =    123 -> [χ² = 9.4421e-08]
try =    124 -> [χ² = 1.0232e-07]
try =    125 -> [χ² = 9.4622e-08]
try =    126 -> [χ² = 9.1926e-08]
try =    127 -> [χ² = 8.9931e-08]
try =    128 -> [χ² = 9.3065e-08]
try =    129 -> [χ² = 8.4361e-08]
try =    130 -> [χ² = 9.0635e-08]
try =    131 -> [χ² = 8.7975e-08]
try =    132 -> [χ² = 8.3129e-08]
try =    133 -> [χ² = 8.5007e-08]
try =    134 -> [χ² = 8.4347e-08]
try =    135 -> [χ² = 8.5609e-08]
try =    136 -> [χ² = 9.1283e-08]
try =    137 -> [χ² = 8.7349e-08]
try =    138 -> [χ² = 8.5201e-08]
try =    139 -> [χ² = 8.7418e-08]
try =    140 -> [χ² = 8.3841e-08]
try =    141 -> [χ² = 9.6001e-08]
try =    142 -> [χ² = 9.9054e-08]
try =    143 -> [χ² = 8.5543e-08]
try =    144 -> [χ² = 9.0573e-08]
try =    145 -> [χ² = 9.3984e-08]
try =    146 -> [χ² = 8.7964e-08]
try =    147 -> [χ² = 8.5249e-08]
try =    148 -> [χ² = 8.4080e-08]
try =    149 -> [χ² = 8.3323e-08]
try =    150 -> [χ² = 8.3392e-08]
try =    151 -> [χ² = 8.5004e-08]
try =    152 -> [χ² = 1.0602e-07]
try =    153 -> [χ² = 8.7933e-08]
try =    154 -> [χ² = 8.6973e-08]
try =    155 -> [χ² = 8.3712e-08]
try =    156 -> [χ² = 1.0020e-07]
try =    157 -> [χ² = 8.3965e-08]
try =    158 -> [χ² = 1.0175e-07]
try =    159 -> [χ² = 8.4480e-08]
try =    160 -> [χ² = 9.0832e-08]
try =    161 -> [χ² = 9.6704e-08]
try =    162 -> [χ² = 8.7390e-08]
try =    163 -> [χ² = 8.5037e-08]
try =    164 -> [χ² = 1.1102e-07]
try =    165 -> [χ² = 9.2758e-08]
try =    166 -> [χ² = 9.7058e-08]
try =    167 -> [χ² = 7.9744e-08]
try =    168 -> [χ² = 1.0447e-07]
try =    169 -> [χ² = 8.1489e-08]
try =    170 -> [χ² = 8.2489e-08]
try =    171 -> [χ² = 8.8553e-08]
try =    172 -> [χ² = 8.6961e-08]
try =    173 -> [χ² = 8.3967e-08]
try =    174 -> [χ² = 9.3765e-08]
try =    175 -> [χ² = 8.7284e-08]
try =    176 -> [χ² = 8.4591e-08]
try =    177 -> [χ² = 8.6999e-08]
try =    178 -> [χ² = 8.7936e-08]
try =    179 -> [χ² = 8.6009e-08]
try =    180 -> [χ² = 8.6145e-08]
try =    181 -> [χ² = 9.7216e-08]
try =    182 -> [χ² = 9.0299e-08]
try =    183 -> [χ² = 9.3895e-08]
try =    184 -> [χ² = 8.8781e-08]
try =    185 -> [χ² = 1.2599e-07]
try =    186 -> [χ² = 9.2267e-08]
try =    187 -> [χ² = 8.8373e-08]
try =    188 -> [χ² = 9.2262e-08]
try =    189 -> [χ² = 8.3415e-08]
try =    190 -> [χ² = 8.7718e-08]
try =    191 -> [χ² = 8.5491e-08]
try =    192 -> [χ² = 9.7508e-08]
try =    193 -> [χ² = 9.1686e-08]
try =    194 -> [χ² = 8.7012e-08]
try =    195 -> [χ² = 1.1105e-07]
try =    196 -> [χ² = 1.0387e-07]
try =    197 -> [χ² = 9.0077e-08]
try =    198 -> [χ² = 1.0044e-07]
try =    199 -> [χ² = 8.3884e-08]
try =    200 -> [χ² = 8.4878e-08]
Mean value of χ²: 9.097321230361975e-8
Median value of χ²: 8.815678674496912e-8
Accumulate 100 solutions to get the spectral density
The analytical continuation problem is solved successfully.
