[0;31;49m╔═╗╔═╗╔═╗[0m[0;35;49m┬  ┌─┐┬ ┬[0m
[0;32;49m╠═╣║  ╠╣ [0m[0;35;49m│  │ ││││[0m
[0;34;49m╩ ╩╚═╝╚  [0m[0;35;49m┴─┘└─┘└┴┘[0m
[0;30;49mA Modern Toolkit for Analytical Continuation Problems
[0m[0;30;49mPackage: [0m[0;35;49mACFlow
[0m[0;30;49mVersion: [0m[0;35;49m1.3.6-devel.230129
[0m[0;30;49mRelease: [0m[0;35;49m2023/01
[0m
[ Overview ]
Time : 2023-01-29 / 17:02:44
Para : Using 1 processor (myid = 1)
Dirs : /Users/lihuang/Working/devel/acflow/test/Y09/t40
Task : ac.toml

[ StochPX ]
Create infrastructure for Monte Carlo sampling
Randomize Monte Carlo configurations
Postprocess input data: 10 points
Build grid for input data: 10 points
Build mesh for spectrum: 501 points
Start thermalization...
Start stochastic sampling...
try =      1 -> [χ² = 1.9833e-07]
try =      2 -> [χ² = 1.5298e-07]
try =      3 -> [χ² = 9.4849e-08]
try =      4 -> [χ² = 8.2019e-08]
try =      5 -> [χ² = 1.1500e-07]
try =      6 -> [χ² = 1.0935e-07]
try =      7 -> [χ² = 1.1412e-07]
try =      8 -> [χ² = 9.1794e-08]
try =      9 -> [χ² = 6.3624e-08]
try =     10 -> [χ² = 8.0138e-08]
try =     11 -> [χ² = 9.0661e-08]
try =     12 -> [χ² = 9.8792e-08]
try =     13 -> [χ² = 9.2196e-08]
try =     14 -> [χ² = 1.2005e-07]
try =     15 -> [χ² = 8.1162e-08]
try =     16 -> [χ² = 1.1576e-07]
try =     17 -> [χ² = 1.4223e-07]
try =     18 -> [χ² = 1.0523e-07]
try =     19 -> [χ² = 1.3144e-07]
try =     20 -> [χ² = 1.0449e-07]
try =     21 -> [χ² = 1.3234e-07]
try =     22 -> [χ² = 5.4878e-08]
try =     23 -> [χ² = 7.6204e-08]
try =     24 -> [χ² = 1.1542e-07]
try =     25 -> [χ² = 6.3085e-08]
try =     26 -> [χ² = 7.5145e-08]
try =     27 -> [χ² = 1.1204e-07]
try =     28 -> [χ² = 1.1864e-07]
try =     29 -> [χ² = 9.4335e-08]
try =     30 -> [χ² = 1.3865e-07]
try =     31 -> [χ² = 7.6053e-08]
try =     32 -> [χ² = 6.2489e-08]
try =     33 -> [χ² = 9.5467e-08]
try =     34 -> [χ² = 6.6029e-08]
try =     35 -> [χ² = 7.1408e-08]
try =     36 -> [χ² = 8.3790e-08]
try =     37 -> [χ² = 1.0329e-07]
try =     38 -> [χ² = 1.0403e-07]
try =     39 -> [χ² = 1.3217e-07]
try =     40 -> [χ² = 6.6273e-08]
try =     41 -> [χ² = 9.5887e-08]
try =     42 -> [χ² = 1.1180e-07]
try =     43 -> [χ² = 1.0274e-07]
try =     44 -> [χ² = 1.0574e-07]
try =     45 -> [χ² = 9.2967e-08]
try =     46 -> [χ² = 7.5815e-08]
try =     47 -> [χ² = 7.6589e-08]
try =     48 -> [χ² = 9.5938e-08]
try =     49 -> [χ² = 1.1945e-07]
try =     50 -> [χ² = 1.0031e-07]
try =     51 -> [χ² = 1.0869e-07]
try =     52 -> [χ² = 1.1846e-07]
try =     53 -> [χ² = 7.9325e-08]
try =     54 -> [χ² = 7.0485e-08]
try =     55 -> [χ² = 7.9991e-08]
try =     56 -> [χ² = 8.2639e-08]
try =     57 -> [χ² = 5.1741e-08]
try =     58 -> [χ² = 8.7193e-08]
try =     59 -> [χ² = 1.3999e-07]
try =     60 -> [χ² = 1.0326e-07]
try =     61 -> [χ² = 7.6863e-08]
try =     62 -> [χ² = 6.9186e-08]
try =     63 -> [χ² = 1.3663e-07]
try =     64 -> [χ² = 7.9499e-08]
try =     65 -> [χ² = 7.9441e-08]
try =     66 -> [χ² = 6.2488e-08]
try =     67 -> [χ² = 8.6312e-08]
try =     68 -> [χ² = 6.2628e-08]
try =     69 -> [χ² = 8.5402e-08]
try =     70 -> [χ² = 1.3684e-07]
try =     71 -> [χ² = 1.5184e-07]
try =     72 -> [χ² = 4.0063e-08]
try =     73 -> [χ² = 1.0705e-07]
try =     74 -> [χ² = 5.1104e-08]
try =     75 -> [χ² = 6.0643e-08]
try =     76 -> [χ² = 7.4534e-08]
try =     77 -> [χ² = 6.4222e-08]
try =     78 -> [χ² = 1.0936e-07]
try =     79 -> [χ² = 8.3113e-08]
try =     80 -> [χ² = 9.4305e-08]
try =     81 -> [χ² = 6.7588e-08]
try =     82 -> [χ² = 8.9891e-08]
try =     83 -> [χ² = 7.9663e-08]
try =     84 -> [χ² = 9.2581e-08]
try =     85 -> [χ² = 1.1033e-07]
try =     86 -> [χ² = 1.5396e-07]
try =     87 -> [χ² = 8.2345e-08]
try =     88 -> [χ² = 9.8716e-08]
try =     89 -> [χ² = 9.2881e-08]
try =     90 -> [χ² = 7.2728e-08]
try =     91 -> [χ² = 7.1800e-08]
try =     92 -> [χ² = 1.3820e-07]
try =     93 -> [χ² = 9.6174e-08]
try =     94 -> [χ² = 1.2078e-07]
try =     95 -> [χ² = 9.0675e-08]
try =     96 -> [χ² = 9.0255e-08]
try =     97 -> [χ² = 5.7465e-08]
try =     98 -> [χ² = 1.1705e-07]
try =     99 -> [χ² = 3.8367e-08]
try =    100 -> [χ² = 7.3829e-08]
try =    101 -> [χ² = 8.6150e-08]
try =    102 -> [χ² = 6.8721e-08]
try =    103 -> [χ² = 7.3919e-08]
try =    104 -> [χ² = 1.8387e-07]
try =    105 -> [χ² = 1.5934e-07]
try =    106 -> [χ² = 9.9625e-08]
try =    107 -> [χ² = 1.2764e-07]
try =    108 -> [χ² = 1.3036e-07]
try =    109 -> [χ² = 1.0240e-07]
try =    110 -> [χ² = 9.5689e-08]
try =    111 -> [χ² = 6.4355e-08]
try =    112 -> [χ² = 7.4279e-08]
try =    113 -> [χ² = 8.2235e-08]
try =    114 -> [χ² = 1.2271e-07]
try =    115 -> [χ² = 1.1218e-07]
try =    116 -> [χ² = 1.7197e-07]
try =    117 -> [χ² = 6.4712e-08]
try =    118 -> [χ² = 1.1466e-07]
try =    119 -> [χ² = 1.1912e-07]
try =    120 -> [χ² = 1.1451e-07]
try =    121 -> [χ² = 1.0859e-07]
try =    122 -> [χ² = 7.6805e-08]
try =    123 -> [χ² = 6.5033e-08]
try =    124 -> [χ² = 1.1385e-07]
try =    125 -> [χ² = 1.2079e-07]
try =    126 -> [χ² = 1.1348e-07]
try =    127 -> [χ² = 9.1751e-08]
try =    128 -> [χ² = 1.1476e-07]
try =    129 -> [χ² = 8.9801e-08]
try =    130 -> [χ² = 1.1240e-07]
try =    131 -> [χ² = 1.2264e-07]
try =    132 -> [χ² = 9.8183e-08]
try =    133 -> [χ² = 8.9259e-08]
try =    134 -> [χ² = 1.0311e-07]
try =    135 -> [χ² = 1.4680e-07]
try =    136 -> [χ² = 1.1527e-07]
try =    137 -> [χ² = 1.1384e-07]
try =    138 -> [χ² = 1.1305e-07]
try =    139 -> [χ² = 1.2255e-07]
try =    140 -> [χ² = 8.2649e-08]
try =    141 -> [χ² = 6.3239e-08]
try =    142 -> [χ² = 8.6696e-08]
try =    143 -> [χ² = 7.2984e-08]
try =    144 -> [χ² = 1.1155e-07]
try =    145 -> [χ² = 1.0210e-07]
try =    146 -> [χ² = 8.4024e-08]
try =    147 -> [χ² = 9.1442e-08]
try =    148 -> [χ² = 8.2424e-08]
try =    149 -> [χ² = 8.7661e-08]
try =    150 -> [χ² = 1.3967e-07]
try =    151 -> [χ² = 7.4031e-08]
try =    152 -> [χ² = 8.1555e-08]
try =    153 -> [χ² = 1.1437e-07]
try =    154 -> [χ² = 1.2248e-07]
try =    155 -> [χ² = 8.0424e-08]
try =    156 -> [χ² = 1.1266e-07]
try =    157 -> [χ² = 9.0368e-08]
try =    158 -> [χ² = 9.2185e-08]
try =    159 -> [χ² = 1.0045e-07]
try =    160 -> [χ² = 9.9013e-08]
try =    161 -> [χ² = 5.5414e-08]
try =    162 -> [χ² = 9.6779e-08]
try =    163 -> [χ² = 1.2911e-07]
try =    164 -> [χ² = 1.2344e-07]
try =    165 -> [χ² = 7.1349e-08]
try =    166 -> [χ² = 9.4344e-08]
try =    167 -> [χ² = 7.3447e-08]
try =    168 -> [χ² = 8.4202e-08]
try =    169 -> [χ² = 1.0651e-07]
try =    170 -> [χ² = 1.8006e-07]
try =    171 -> [χ² = 9.0341e-08]
try =    172 -> [χ² = 2.0762e-07]
try =    173 -> [χ² = 1.0325e-07]
try =    174 -> [χ² = 1.2132e-07]
try =    175 -> [χ² = 7.5398e-08]
try =    176 -> [χ² = 1.1105e-07]
try =    177 -> [χ² = 1.0044e-07]
try =    178 -> [χ² = 5.5331e-08]
try =    179 -> [χ² = 8.1134e-08]
try =    180 -> [χ² = 7.7028e-08]
try =    181 -> [χ² = 6.5339e-08]
try =    182 -> [χ² = 1.1071e-07]
try =    183 -> [χ² = 1.0616e-07]
try =    184 -> [χ² = 9.9935e-08]
try =    185 -> [χ² = 1.2359e-07]
try =    186 -> [χ² = 8.2791e-08]
try =    187 -> [χ² = 1.2109e-07]
try =    188 -> [χ² = 1.0956e-07]
try =    189 -> [χ² = 6.4918e-08]
try =    190 -> [χ² = 7.9742e-08]
try =    191 -> [χ² = 6.6157e-08]
try =    192 -> [χ² = 1.3183e-07]
try =    193 -> [χ² = 1.1212e-07]
try =    194 -> [χ² = 1.1793e-07]
try =    195 -> [χ² = 1.2452e-07]
try =    196 -> [χ² = 1.3256e-07]
try =    197 -> [χ² = 8.5094e-08]
try =    198 -> [χ² = 1.4252e-07]
try =    199 -> [χ² = 7.6459e-08]
try =    200 -> [χ² = 6.8865e-08]
Mean value of χ²: 9.851818327970297e-8
Median value of χ²: 9.557807738386976e-8
Accumulate 53 solutions to get the spectral density
The analytical continuation problem is solved successfully.
