[0;31;49m╔═╗╔═╗╔═╗[0m[0;35;49m┬  ┌─┐┬ ┬[0m
[0;32;49m╠═╣║  ╠╣ [0m[0;35;49m│  │ ││││[0m
[0;34;49m╩ ╩╚═╝╚  [0m[0;35;49m┴─┘└─┘└┴┘[0m
[0;30;49mA Modern Toolkit for Analytical Continuation Problems
[0m[0;30;49mPackage: [0m[0;35;49mACFlow
[0m[0;30;49mVersion: [0m[0;35;49m1.3.5-devel.230127
[0m[0;30;49mRelease: [0m[0;35;49m2023/01
[0m
[ Overview ]
Time : 2023-01-29 / 13:42:37
Para : Using 1 processor (myid = 1)
Dirs : /Users/lihuang/Working/devel/acflow/test/Y09/t40
Task : ac.toml

[ StochPX ]
Create infrastructure for Monte Carlo sampling
Randomize Monte Carlo configurations
Postprocess input data: 10 points
Build grid for input data: 10 points
Build mesh for spectrum: 501 points
Start thermalization...
Start stochastic sampling...
try =      1 -> [χ² = 1.3399e-07]
try =      2 -> [χ² = 1.3561e-07]
try =      3 -> [χ² = 1.0118e-07]
try =      4 -> [χ² = 9.9699e-08]
try =      5 -> [χ² = 1.0892e-07]
try =      6 -> [χ² = 1.0024e-07]
try =      7 -> [χ² = 9.0473e-08]
try =      8 -> [χ² = 9.7444e-08]
try =      9 -> [χ² = 1.1700e-07]
try =     10 -> [χ² = 1.1016e-07]
try =     11 -> [χ² = 1.4942e-07]
try =     12 -> [χ² = 1.2819e-07]
try =     13 -> [χ² = 1.3849e-07]
try =     14 -> [χ² = 1.5438e-07]
try =     15 -> [χ² = 1.3628e-07]
try =     16 -> [χ² = 1.3031e-07]
try =     17 -> [χ² = 1.5730e-07]
try =     18 -> [χ² = 1.2762e-07]
try =     19 -> [χ² = 1.3650e-07]
try =     20 -> [χ² = 1.4427e-07]
try =     21 -> [χ² = 1.0564e-07]
try =     22 -> [χ² = 1.2597e-07]
try =     23 -> [χ² = 1.4726e-07]
try =     24 -> [χ² = 1.5614e-07]
try =     25 -> [χ² = 1.2991e-07]
try =     26 -> [χ² = 9.1725e-08]
try =     27 -> [χ² = 1.0723e-07]
try =     28 -> [χ² = 1.3825e-07]
try =     29 -> [χ² = 1.3339e-07]
try =     30 -> [χ² = 9.5689e-08]
try =     31 -> [χ² = 8.9327e-08]
try =     32 -> [χ² = 1.1330e-07]
try =     33 -> [χ² = 1.2078e-07]
try =     34 -> [χ² = 9.4408e-08]
try =     35 -> [χ² = 9.5565e-08]
try =     36 -> [χ² = 1.4314e-07]
try =     37 -> [χ² = 1.3497e-07]
try =     38 -> [χ² = 8.9401e-08]
try =     39 -> [χ² = 1.3166e-07]
try =     40 -> [χ² = 1.1288e-07]
try =     41 -> [χ² = 1.0689e-07]
try =     42 -> [χ² = 1.0061e-07]
try =     43 -> [χ² = 1.0166e-07]
try =     44 -> [χ² = 1.2941e-07]
try =     45 -> [χ² = 1.1520e-07]
try =     46 -> [χ² = 1.3446e-07]
try =     47 -> [χ² = 1.5681e-07]
try =     48 -> [χ² = 9.7501e-08]
try =     49 -> [χ² = 9.3822e-08]
try =     50 -> [χ² = 1.0297e-07]
try =     51 -> [χ² = 1.3770e-07]
try =     52 -> [χ² = 1.1963e-07]
try =     53 -> [χ² = 1.3346e-07]
try =     54 -> [χ² = 1.1764e-07]
try =     55 -> [χ² = 9.6554e-08]
try =     56 -> [χ² = 1.2743e-07]
try =     57 -> [χ² = 1.2303e-07]
try =     58 -> [χ² = 1.0019e-07]
try =     59 -> [χ² = 9.1398e-08]
try =     60 -> [χ² = 9.0513e-08]
try =     61 -> [χ² = 1.4327e-07]
try =     62 -> [χ² = 9.4193e-08]
try =     63 -> [χ² = 1.2511e-07]
try =     64 -> [χ² = 8.6086e-08]
try =     65 -> [χ² = 1.1577e-07]
try =     66 -> [χ² = 9.7753e-08]
try =     67 -> [χ² = 9.4771e-08]
try =     68 -> [χ² = 1.0040e-07]
try =     69 -> [χ² = 1.0978e-07]
try =     70 -> [χ² = 9.8376e-08]
try =     71 -> [χ² = 1.1157e-07]
try =     72 -> [χ² = 1.1032e-07]
try =     73 -> [χ² = 1.0650e-07]
try =     74 -> [χ² = 1.4892e-07]
try =     75 -> [χ² = 1.3302e-07]
try =     76 -> [χ² = 1.3289e-07]
try =     77 -> [χ² = 1.4574e-07]
try =     78 -> [χ² = 1.1676e-07]
try =     79 -> [χ² = 8.7594e-08]
try =     80 -> [χ² = 1.2907e-07]
try =     81 -> [χ² = 1.4589e-07]
try =     82 -> [χ² = 1.4398e-07]
try =     83 -> [χ² = 1.5814e-07]
try =     84 -> [χ² = 1.5063e-07]
try =     85 -> [χ² = 1.0745e-07]
try =     86 -> [χ² = 9.2686e-08]
try =     87 -> [χ² = 8.6813e-08]
try =     88 -> [χ² = 1.0468e-07]
try =     89 -> [χ² = 9.4643e-08]
try =     90 -> [χ² = 9.2961e-08]
try =     91 -> [χ² = 1.0438e-07]
try =     92 -> [χ² = 1.1065e-07]
try =     93 -> [χ² = 1.0982e-07]
try =     94 -> [χ² = 1.2160e-07]
try =     95 -> [χ² = 1.0689e-07]
try =     96 -> [χ² = 1.2442e-07]
try =     97 -> [χ² = 9.2640e-08]
try =     98 -> [χ² = 1.0399e-07]
try =     99 -> [χ² = 8.8940e-08]
try =    100 -> [χ² = 1.2890e-07]
try =    101 -> [χ² = 1.3005e-07]
try =    102 -> [χ² = 1.3066e-07]
try =    103 -> [χ² = 9.3808e-08]
try =    104 -> [χ² = 9.2003e-08]
try =    105 -> [χ² = 9.9770e-08]
try =    106 -> [χ² = 9.0675e-08]
try =    107 -> [χ² = 1.1043e-07]
try =    108 -> [χ² = 1.0718e-07]
try =    109 -> [χ² = 1.1160e-07]
try =    110 -> [χ² = 1.0421e-07]
try =    111 -> [χ² = 9.4968e-08]
try =    112 -> [χ² = 1.4499e-07]
try =    113 -> [χ² = 1.3147e-07]
try =    114 -> [χ² = 1.0533e-07]
try =    115 -> [χ² = 1.4000e-07]
try =    116 -> [χ² = 1.2761e-07]
try =    117 -> [χ² = 1.3730e-07]
try =    118 -> [χ² = 1.2237e-07]
try =    119 -> [χ² = 1.1000e-07]
try =    120 -> [χ² = 1.1508e-07]
try =    121 -> [χ² = 1.2573e-07]
try =    122 -> [χ² = 1.0290e-07]
try =    123 -> [χ² = 1.3853e-07]
try =    124 -> [χ² = 1.0071e-07]
try =    125 -> [χ² = 1.3377e-07]
try =    126 -> [χ² = 1.3306e-07]
try =    127 -> [χ² = 1.3106e-07]
try =    128 -> [χ² = 9.7897e-08]
try =    129 -> [χ² = 9.4868e-08]
try =    130 -> [χ² = 9.5026e-08]
try =    131 -> [χ² = 9.1514e-08]
try =    132 -> [χ² = 9.2271e-08]
try =    133 -> [χ² = 9.6883e-08]
try =    134 -> [χ² = 1.0831e-07]
try =    135 -> [χ² = 1.0032e-07]
try =    136 -> [χ² = 1.6732e-07]
try =    137 -> [χ² = 1.1887e-07]
try =    138 -> [χ² = 1.0583e-07]
try =    139 -> [χ² = 9.6596e-08]
try =    140 -> [χ² = 7.7911e-08]
try =    141 -> [χ² = 1.0291e-07]
try =    142 -> [χ² = 1.0741e-07]
try =    143 -> [χ² = 1.3987e-07]
try =    144 -> [χ² = 1.3433e-07]
try =    145 -> [χ² = 1.1690e-07]
try =    146 -> [χ² = 8.9269e-08]
try =    147 -> [χ² = 1.3303e-07]
try =    148 -> [χ² = 8.6691e-08]
try =    149 -> [χ² = 1.0851e-07]
try =    150 -> [χ² = 1.1648e-07]
try =    151 -> [χ² = 9.8261e-08]
try =    152 -> [χ² = 8.1687e-08]
try =    153 -> [χ² = 8.5590e-08]
try =    154 -> [χ² = 1.2704e-07]
try =    155 -> [χ² = 1.3869e-07]
try =    156 -> [χ² = 1.5134e-07]
try =    157 -> [χ² = 9.9932e-08]
try =    158 -> [χ² = 1.2062e-07]
try =    159 -> [χ² = 1.4840e-07]
try =    160 -> [χ² = 1.2740e-07]
try =    161 -> [χ² = 1.2125e-07]
try =    162 -> [χ² = 1.3297e-07]
try =    163 -> [χ² = 1.1854e-07]
try =    164 -> [χ² = 8.9400e-08]
try =    165 -> [χ² = 1.1010e-07]
try =    166 -> [χ² = 1.1177e-07]
try =    167 -> [χ² = 1.2529e-07]
try =    168 -> [χ² = 9.7601e-08]
try =    169 -> [χ² = 1.1265e-07]
try =    170 -> [χ² = 1.1849e-07]
try =    171 -> [χ² = 1.1110e-07]
try =    172 -> [χ² = 1.2106e-07]
try =    173 -> [χ² = 9.9819e-08]
try =    174 -> [χ² = 9.8468e-08]
try =    175 -> [χ² = 1.1708e-07]
try =    176 -> [χ² = 1.0851e-07]
try =    177 -> [χ² = 1.0595e-07]
try =    178 -> [χ² = 1.0397e-07]
try =    179 -> [χ² = 1.0383e-07]
try =    180 -> [χ² = 1.2880e-07]
try =    181 -> [χ² = 1.0747e-07]
try =    182 -> [χ² = 1.5354e-07]
try =    183 -> [χ² = 1.2063e-07]
try =    184 -> [χ² = 1.3408e-07]
try =    185 -> [χ² = 1.1080e-07]
try =    186 -> [χ² = 1.1077e-07]
try =    187 -> [χ² = 9.2276e-08]
try =    188 -> [χ² = 1.5897e-07]
try =    189 -> [χ² = 1.6687e-07]
try =    190 -> [χ² = 1.0194e-07]
try =    191 -> [χ² = 1.0292e-07]
try =    192 -> [χ² = 1.3148e-07]
try =    193 -> [χ² = 1.9321e-07]
try =    194 -> [χ² = 1.1769e-07]
try =    195 -> [χ² = 1.0091e-07]
try =    196 -> [χ² = 9.9387e-08]
try =    197 -> [χ² = 1.3220e-07]
try =    198 -> [χ² = 8.6624e-08]
try =    199 -> [χ² = 1.3426e-07]
try =    200 -> [χ² = 9.4729e-08]
Mean value of χ²: 1.159983005301356e-7
Median value of χ²: 1.1133609382391992e-7
Accumulate 24 solutions to get the spectral density
The analytical continuation problem is solved successfully.
