[0;31;49m╔═╗╔═╗╔═╗[0m[0;35;49m┬  ┌─┐┬ ┬[0m
[0;32;49m╠═╣║  ╠╣ [0m[0;35;49m│  │ ││││[0m
[0;34;49m╩ ╩╚═╝╚  [0m[0;35;49m┴─┘└─┘└┴┘[0m
[0;30;49mA Modern Toolkit for Analytical Continuation Problems
[0m[0;30;49mPackage: [0m[0;35;49mACFlow
[0m[0;30;49mVersion: [0m[0;35;49m1.3.6-devel.230129
[0m[0;30;49mRelease: [0m[0;35;49m2023/01
[0m
[ Overview ]
Time : 2023-01-29 / 17:02:03
Para : Using 1 processor (myid = 1)
Dirs : /Users/lihuang/Working/devel/acflow/test/Y09/t28
Task : ac.toml

[ StochPX ]
Create infrastructure for Monte Carlo sampling
Randomize Monte Carlo configurations
Postprocess input data: 10 points
Build grid for input data: 10 points
Build mesh for spectrum: 501 points
Start thermalization...
Start stochastic sampling...
try =      1 -> [χ² = 6.6368e-08]
try =      2 -> [χ² = 4.3734e-08]
try =      3 -> [χ² = 7.2948e-08]
try =      4 -> [χ² = 7.3048e-08]
try =      5 -> [χ² = 7.1156e-08]
try =      6 -> [χ² = 5.6176e-08]
try =      7 -> [χ² = 4.4333e-08]
try =      8 -> [χ² = 5.1336e-08]
try =      9 -> [χ² = 3.3759e-08]
try =     10 -> [χ² = 4.1176e-08]
try =     11 -> [χ² = 4.6563e-08]
try =     12 -> [χ² = 3.2191e-08]
try =     13 -> [χ² = 4.7368e-08]
try =     14 -> [χ² = 4.5467e-08]
try =     15 -> [χ² = 7.2506e-08]
try =     16 -> [χ² = 6.9809e-08]
try =     17 -> [χ² = 6.8804e-08]
try =     18 -> [χ² = 3.6832e-08]
try =     19 -> [χ² = 4.3738e-08]
try =     20 -> [χ² = 3.3831e-08]
try =     21 -> [χ² = 6.1075e-08]
try =     22 -> [χ² = 7.3441e-08]
try =     23 -> [χ² = 6.0860e-08]
try =     24 -> [χ² = 4.8782e-08]
try =     25 -> [χ² = 5.0191e-08]
try =     26 -> [χ² = 6.7224e-08]
try =     27 -> [χ² = 7.1129e-08]
try =     28 -> [χ² = 4.2714e-08]
try =     29 -> [χ² = 4.7456e-08]
try =     30 -> [χ² = 4.8716e-08]
try =     31 -> [χ² = 5.0895e-08]
try =     32 -> [χ² = 5.9919e-08]
try =     33 -> [χ² = 8.7877e-08]
try =     34 -> [χ² = 3.0904e-08]
try =     35 -> [χ² = 4.0634e-08]
try =     36 -> [χ² = 5.1058e-08]
try =     37 -> [χ² = 6.6050e-08]
try =     38 -> [χ² = 5.9544e-08]
try =     39 -> [χ² = 4.6707e-08]
try =     40 -> [χ² = 3.6381e-08]
try =     41 -> [χ² = 5.9520e-08]
try =     42 -> [χ² = 8.0217e-08]
try =     43 -> [χ² = 4.6997e-08]
try =     44 -> [χ² = 3.5189e-08]
try =     45 -> [χ² = 7.6298e-08]
try =     46 -> [χ² = 4.4203e-08]
try =     47 -> [χ² = 3.0491e-08]
try =     48 -> [χ² = 3.6127e-08]
try =     49 -> [χ² = 5.5302e-08]
try =     50 -> [χ² = 8.0801e-08]
try =     51 -> [χ² = 5.1648e-08]
try =     52 -> [χ² = 7.5209e-08]
try =     53 -> [χ² = 4.3913e-08]
try =     54 -> [χ² = 4.7134e-08]
try =     55 -> [χ² = 6.1021e-08]
try =     56 -> [χ² = 4.9948e-08]
try =     57 -> [χ² = 6.0694e-08]
try =     58 -> [χ² = 5.0169e-08]
try =     59 -> [χ² = 5.5540e-08]
try =     60 -> [χ² = 4.1664e-08]
try =     61 -> [χ² = 3.1284e-08]
try =     62 -> [χ² = 4.7978e-08]
try =     63 -> [χ² = 4.0396e-08]
try =     64 -> [χ² = 4.0233e-08]
try =     65 -> [χ² = 4.1563e-08]
try =     66 -> [χ² = 6.4693e-08]
try =     67 -> [χ² = 5.5990e-08]
try =     68 -> [χ² = 4.8959e-08]
try =     69 -> [χ² = 8.0291e-08]
try =     70 -> [χ² = 5.1662e-08]
try =     71 -> [χ² = 4.5001e-08]
try =     72 -> [χ² = 4.4595e-08]
try =     73 -> [χ² = 4.7902e-08]
try =     74 -> [χ² = 5.3193e-08]
try =     75 -> [χ² = 5.8865e-08]
try =     76 -> [χ² = 7.0412e-08]
try =     77 -> [χ² = 6.6206e-08]
try =     78 -> [χ² = 4.3161e-08]
try =     79 -> [χ² = 4.3810e-08]
try =     80 -> [χ² = 6.2693e-08]
try =     81 -> [χ² = 4.7616e-08]
try =     82 -> [χ² = 5.6775e-08]
try =     83 -> [χ² = 4.3021e-08]
try =     84 -> [χ² = 3.4517e-08]
try =     85 -> [χ² = 5.3695e-08]
try =     86 -> [χ² = 6.4693e-08]
try =     87 -> [χ² = 3.5594e-08]
try =     88 -> [χ² = 6.6362e-08]
try =     89 -> [χ² = 6.3733e-08]
try =     90 -> [χ² = 5.6919e-08]
try =     91 -> [χ² = 6.1230e-08]
try =     92 -> [χ² = 4.9886e-08]
try =     93 -> [χ² = 4.2592e-08]
try =     94 -> [χ² = 5.2519e-08]
try =     95 -> [χ² = 5.8326e-08]
try =     96 -> [χ² = 5.9992e-08]
try =     97 -> [χ² = 7.0839e-08]
try =     98 -> [χ² = 4.8229e-08]
try =     99 -> [χ² = 3.6618e-08]
try =    100 -> [χ² = 9.5131e-08]
try =    101 -> [χ² = 5.7490e-08]
try =    102 -> [χ² = 7.5990e-08]
try =    103 -> [χ² = 6.0891e-08]
try =    104 -> [χ² = 5.1297e-08]
try =    105 -> [χ² = 4.6152e-08]
try =    106 -> [χ² = 4.1123e-08]
try =    107 -> [χ² = 5.5213e-08]
try =    108 -> [χ² = 5.5374e-08]
try =    109 -> [χ² = 5.3944e-08]
try =    110 -> [χ² = 6.2287e-08]
try =    111 -> [χ² = 6.1613e-08]
try =    112 -> [χ² = 6.3429e-08]
try =    113 -> [χ² = 7.9765e-08]
try =    114 -> [χ² = 6.8407e-08]
try =    115 -> [χ² = 4.8167e-08]
try =    116 -> [χ² = 3.4763e-08]
try =    117 -> [χ² = 5.7590e-08]
try =    118 -> [χ² = 5.9601e-08]
try =    119 -> [χ² = 6.7044e-08]
try =    120 -> [χ² = 7.8802e-08]
try =    121 -> [χ² = 4.1586e-08]
try =    122 -> [χ² = 6.0274e-08]
try =    123 -> [χ² = 6.9135e-08]
try =    124 -> [χ² = 4.3038e-08]
try =    125 -> [χ² = 6.1607e-08]
try =    126 -> [χ² = 5.4457e-08]
try =    127 -> [χ² = 4.7077e-08]
try =    128 -> [χ² = 3.9142e-08]
try =    129 -> [χ² = 3.9501e-08]
try =    130 -> [χ² = 4.8066e-08]
try =    131 -> [χ² = 5.6697e-08]
try =    132 -> [χ² = 4.9901e-08]
try =    133 -> [χ² = 3.1687e-08]
try =    134 -> [χ² = 5.7541e-08]
try =    135 -> [χ² = 6.0952e-08]
try =    136 -> [χ² = 3.6415e-08]
try =    137 -> [χ² = 5.2977e-08]
try =    138 -> [χ² = 6.5867e-08]
try =    139 -> [χ² = 4.7728e-08]
try =    140 -> [χ² = 6.7722e-08]
try =    141 -> [χ² = 5.0176e-08]
try =    142 -> [χ² = 5.1474e-08]
try =    143 -> [χ² = 3.9858e-08]
try =    144 -> [χ² = 5.3266e-08]
try =    145 -> [χ² = 5.1235e-08]
try =    146 -> [χ² = 3.9956e-08]
try =    147 -> [χ² = 6.3820e-08]
try =    148 -> [χ² = 3.8028e-08]
try =    149 -> [χ² = 6.3408e-08]
try =    150 -> [χ² = 5.2549e-08]
try =    151 -> [χ² = 5.1223e-08]
try =    152 -> [χ² = 6.1680e-08]
try =    153 -> [χ² = 8.2939e-08]
try =    154 -> [χ² = 6.6156e-08]
try =    155 -> [χ² = 4.6632e-08]
try =    156 -> [χ² = 4.0500e-08]
try =    157 -> [χ² = 4.7171e-08]
try =    158 -> [χ² = 4.0957e-08]
try =    159 -> [χ² = 4.7109e-08]
try =    160 -> [χ² = 4.8005e-08]
try =    161 -> [χ² = 5.4883e-08]
try =    162 -> [χ² = 4.2618e-08]
try =    163 -> [χ² = 5.0692e-08]
try =    164 -> [χ² = 3.8447e-08]
try =    165 -> [χ² = 3.4392e-08]
try =    166 -> [χ² = 6.0743e-08]
try =    167 -> [χ² = 7.0261e-08]
try =    168 -> [χ² = 6.2043e-08]
try =    169 -> [χ² = 6.9924e-08]
try =    170 -> [χ² = 8.5549e-08]
try =    171 -> [χ² = 4.6820e-08]
try =    172 -> [χ² = 5.5150e-08]
try =    173 -> [χ² = 7.1447e-08]
try =    174 -> [χ² = 4.3247e-08]
try =    175 -> [χ² = 6.0338e-08]
try =    176 -> [χ² = 4.5337e-08]
try =    177 -> [χ² = 3.4938e-08]
try =    178 -> [χ² = 5.1075e-08]
try =    179 -> [χ² = 6.6506e-08]
try =    180 -> [χ² = 6.3665e-08]
try =    181 -> [χ² = 3.8906e-08]
try =    182 -> [χ² = 4.8016e-08]
try =    183 -> [χ² = 3.3870e-08]
try =    184 -> [χ² = 5.4677e-08]
try =    185 -> [χ² = 3.8169e-08]
try =    186 -> [χ² = 3.2622e-08]
try =    187 -> [χ² = 3.2910e-08]
try =    188 -> [χ² = 3.1996e-08]
try =    189 -> [χ² = 4.4980e-08]
try =    190 -> [χ² = 6.5317e-08]
try =    191 -> [χ² = 6.7857e-08]
try =    192 -> [χ² = 6.7510e-08]
try =    193 -> [χ² = 4.4341e-08]
try =    194 -> [χ² = 4.8511e-08]
try =    195 -> [χ² = 6.6316e-08]
try =    196 -> [χ² = 5.9472e-08]
try =    197 -> [χ² = 7.0236e-08]
try =    198 -> [χ² = 4.1111e-08]
try =    199 -> [χ² = 2.9455e-08]
try =    200 -> [χ² = 3.9642e-08]
Mean value of χ²: 5.341200256539863e-8
Median value of χ²: 5.1316648900535124e-8
Accumulate 46 solutions to get the spectral density
The analytical continuation problem is solved successfully.
