[0;31;49m╔═╗╔═╗╔═╗[0m[0;35;49m┬  ┌─┐┬ ┬[0m
[0;32;49m╠═╣║  ╠╣ [0m[0;35;49m│  │ ││││[0m
[0;34;49m╩ ╩╚═╝╚  [0m[0;35;49m┴─┘└─┘└┴┘[0m
[0;30;49mA Modern Toolkit for Analytical Continuation Problems
[0m[0;30;49mPackage: [0m[0;35;49mACFlow
[0m[0;30;49mVersion: [0m[0;35;49m1.3.5-devel.230127
[0m[0;30;49mRelease: [0m[0;35;49m2023/01
[0m
[ Overview ]
Time : 2023-01-29 / 13:42:18
Para : Using 1 processor (myid = 1)
Dirs : /Users/lihuang/Working/devel/acflow/test/Y09/t31
Task : ac.toml

[ StochPX ]
Create infrastructure for Monte Carlo sampling
Randomize Monte Carlo configurations
Postprocess input data: 10 points
Build grid for input data: 10 points
Build mesh for spectrum: 501 points
Start thermalization...
Start stochastic sampling...
try =      1 -> [χ² = 9.1361e-08]
try =      2 -> [χ² = 9.2812e-08]
try =      3 -> [χ² = 9.2360e-08]
try =      4 -> [χ² = 9.0686e-08]
try =      5 -> [χ² = 9.0570e-08]
try =      6 -> [χ² = 8.8345e-08]
try =      7 -> [χ² = 9.0608e-08]
try =      8 -> [χ² = 8.9441e-08]
try =      9 -> [χ² = 9.0137e-08]
try =     10 -> [χ² = 9.2834e-08]
try =     11 -> [χ² = 9.2919e-08]
try =     12 -> [χ² = 9.4399e-08]
try =     13 -> [χ² = 9.0277e-08]
try =     14 -> [χ² = 9.1768e-08]
try =     15 -> [χ² = 9.2348e-08]
try =     16 -> [χ² = 9.3294e-08]
try =     17 -> [χ² = 9.1114e-08]
try =     18 -> [χ² = 9.0990e-08]
try =     19 -> [χ² = 9.2574e-08]
try =     20 -> [χ² = 8.9966e-08]
try =     21 -> [χ² = 9.1859e-08]
try =     22 -> [χ² = 9.4625e-08]
try =     23 -> [χ² = 9.2444e-08]
try =     24 -> [χ² = 8.8827e-08]
try =     25 -> [χ² = 9.0299e-08]
try =     26 -> [χ² = 9.1877e-08]
try =     27 -> [χ² = 9.1646e-08]
try =     28 -> [χ² = 9.1053e-08]
try =     29 -> [χ² = 8.9522e-08]
try =     30 -> [χ² = 9.1813e-08]
try =     31 -> [χ² = 9.2069e-08]
try =     32 -> [χ² = 9.1055e-08]
try =     33 -> [χ² = 9.0512e-08]
try =     34 -> [χ² = 9.0123e-08]
try =     35 -> [χ² = 8.9918e-08]
try =     36 -> [χ² = 9.1614e-08]
try =     37 -> [χ² = 9.3445e-08]
try =     38 -> [χ² = 9.1747e-08]
try =     39 -> [χ² = 9.2189e-08]
try =     40 -> [χ² = 9.3270e-08]
try =     41 -> [χ² = 9.1677e-08]
try =     42 -> [χ² = 8.9031e-08]
try =     43 -> [χ² = 9.2307e-08]
try =     44 -> [χ² = 9.2835e-08]
try =     45 -> [χ² = 9.0846e-08]
try =     46 -> [χ² = 9.0885e-08]
try =     47 -> [χ² = 9.0923e-08]
try =     48 -> [χ² = 9.1382e-08]
try =     49 -> [χ² = 9.3144e-08]
try =     50 -> [χ² = 9.1793e-08]
try =     51 -> [χ² = 9.1550e-08]
try =     52 -> [χ² = 8.9751e-08]
try =     53 -> [χ² = 9.0014e-08]
try =     54 -> [χ² = 9.1476e-08]
try =     55 -> [χ² = 9.3082e-08]
try =     56 -> [χ² = 9.0486e-08]
try =     57 -> [χ² = 9.3817e-08]
try =     58 -> [χ² = 9.0848e-08]
try =     59 -> [χ² = 8.9091e-08]
try =     60 -> [χ² = 9.2170e-08]
try =     61 -> [χ² = 9.2457e-08]
try =     62 -> [χ² = 9.1124e-08]
try =     63 -> [χ² = 9.3422e-08]
try =     64 -> [χ² = 8.9927e-08]
try =     65 -> [χ² = 9.1130e-08]
try =     66 -> [χ² = 8.9126e-08]
try =     67 -> [χ² = 9.2292e-08]
try =     68 -> [χ² = 9.2711e-08]
try =     69 -> [χ² = 9.0650e-08]
try =     70 -> [χ² = 9.2598e-08]
try =     71 -> [χ² = 8.8266e-08]
try =     72 -> [χ² = 9.0882e-08]
try =     73 -> [χ² = 8.9782e-08]
try =     74 -> [χ² = 9.2910e-08]
try =     75 -> [χ² = 9.0034e-08]
try =     76 -> [χ² = 9.0205e-08]
try =     77 -> [χ² = 9.1113e-08]
try =     78 -> [χ² = 8.9332e-08]
try =     79 -> [χ² = 8.9648e-08]
try =     80 -> [χ² = 9.0916e-08]
try =     81 -> [χ² = 8.8650e-08]
try =     82 -> [χ² = 8.9529e-08]
try =     83 -> [χ² = 9.1173e-08]
try =     84 -> [χ² = 9.0534e-08]
try =     85 -> [χ² = 9.2029e-08]
try =     86 -> [χ² = 9.2363e-08]
try =     87 -> [χ² = 9.1293e-08]
try =     88 -> [χ² = 9.2679e-08]
try =     89 -> [χ² = 9.3136e-08]
try =     90 -> [χ² = 9.2717e-08]
try =     91 -> [χ² = 9.1932e-08]
try =     92 -> [χ² = 9.1491e-08]
try =     93 -> [χ² = 9.0505e-08]
try =     94 -> [χ² = 9.2284e-08]
try =     95 -> [χ² = 9.0439e-08]
try =     96 -> [χ² = 9.0203e-08]
try =     97 -> [χ² = 8.9434e-08]
try =     98 -> [χ² = 8.9637e-08]
try =     99 -> [χ² = 9.1281e-08]
try =    100 -> [χ² = 9.2374e-08]
try =    101 -> [χ² = 9.1146e-08]
try =    102 -> [χ² = 9.1177e-08]
try =    103 -> [χ² = 9.2049e-08]
try =    104 -> [χ² = 9.1025e-08]
try =    105 -> [χ² = 9.1959e-08]
try =    106 -> [χ² = 9.2556e-08]
try =    107 -> [χ² = 9.0343e-08]
try =    108 -> [χ² = 8.9894e-08]
try =    109 -> [χ² = 8.9672e-08]
try =    110 -> [χ² = 9.0208e-08]
try =    111 -> [χ² = 9.2669e-08]
try =    112 -> [χ² = 9.2985e-08]
try =    113 -> [χ² = 9.3087e-08]
try =    114 -> [χ² = 9.1150e-08]
try =    115 -> [χ² = 9.1413e-08]
try =    116 -> [χ² = 9.3114e-08]
try =    117 -> [χ² = 9.0653e-08]
try =    118 -> [χ² = 9.2568e-08]
try =    119 -> [χ² = 9.0526e-08]
try =    120 -> [χ² = 9.1200e-08]
try =    121 -> [χ² = 9.1765e-08]
try =    122 -> [χ² = 8.9900e-08]
try =    123 -> [χ² = 9.3099e-08]
try =    124 -> [χ² = 9.0010e-08]
try =    125 -> [χ² = 9.3622e-08]
try =    126 -> [χ² = 8.9378e-08]
try =    127 -> [χ² = 9.1723e-08]
try =    128 -> [χ² = 9.1181e-08]
try =    129 -> [χ² = 8.9812e-08]
try =    130 -> [χ² = 9.2229e-08]
try =    131 -> [χ² = 9.0387e-08]
try =    132 -> [χ² = 9.1513e-08]
try =    133 -> [χ² = 9.1890e-08]
try =    134 -> [χ² = 9.0366e-08]
try =    135 -> [χ² = 9.0407e-08]
try =    136 -> [χ² = 9.1004e-08]
try =    137 -> [χ² = 9.1288e-08]
try =    138 -> [χ² = 8.8552e-08]
try =    139 -> [χ² = 8.7860e-08]
try =    140 -> [χ² = 9.0795e-08]
try =    141 -> [χ² = 8.9310e-08]
try =    142 -> [χ² = 8.9841e-08]
try =    143 -> [χ² = 9.1522e-08]
try =    144 -> [χ² = 9.2424e-08]
try =    145 -> [χ² = 9.3141e-08]
try =    146 -> [χ² = 9.2030e-08]
try =    147 -> [χ² = 8.9339e-08]
try =    148 -> [χ² = 9.1551e-08]
try =    149 -> [χ² = 9.3663e-08]
try =    150 -> [χ² = 9.1268e-08]
try =    151 -> [χ² = 9.2647e-08]
try =    152 -> [χ² = 9.2242e-08]
try =    153 -> [χ² = 9.1141e-08]
try =    154 -> [χ² = 9.2198e-08]
try =    155 -> [χ² = 8.9489e-08]
try =    156 -> [χ² = 8.9932e-08]
try =    157 -> [χ² = 9.1089e-08]
try =    158 -> [χ² = 9.1975e-08]
try =    159 -> [χ² = 8.9824e-08]
try =    160 -> [χ² = 9.1099e-08]
try =    161 -> [χ² = 9.1174e-08]
try =    162 -> [χ² = 9.0238e-08]
try =    163 -> [χ² = 8.9185e-08]
try =    164 -> [χ² = 9.1366e-08]
try =    165 -> [χ² = 9.0331e-08]
try =    166 -> [χ² = 9.1310e-08]
try =    167 -> [χ² = 9.2291e-08]
try =    168 -> [χ² = 9.2396e-08]
try =    169 -> [χ² = 9.1080e-08]
try =    170 -> [χ² = 9.1729e-08]
try =    171 -> [χ² = 9.1066e-08]
try =    172 -> [χ² = 9.4151e-08]
try =    173 -> [χ² = 9.2119e-08]
try =    174 -> [χ² = 9.0418e-08]
try =    175 -> [χ² = 9.1205e-08]
try =    176 -> [χ² = 9.2218e-08]
try =    177 -> [χ² = 9.2348e-08]
try =    178 -> [χ² = 9.2846e-08]
try =    179 -> [χ² = 9.2355e-08]
try =    180 -> [χ² = 9.1331e-08]
try =    181 -> [χ² = 9.1448e-08]
try =    182 -> [χ² = 9.1336e-08]
try =    183 -> [χ² = 8.9633e-08]
try =    184 -> [χ² = 9.2396e-08]
try =    185 -> [χ² = 9.0770e-08]
try =    186 -> [χ² = 9.0726e-08]
try =    187 -> [χ² = 8.9759e-08]
try =    188 -> [χ² = 9.0170e-08]
try =    189 -> [χ² = 8.9318e-08]
try =    190 -> [χ² = 8.9992e-08]
try =    191 -> [χ² = 8.8753e-08]
try =    192 -> [χ² = 9.0621e-08]
try =    193 -> [χ² = 9.1893e-08]
try =    194 -> [χ² = 8.9773e-08]
try =    195 -> [χ² = 8.9657e-08]
try =    196 -> [χ² = 8.9212e-08]
try =    197 -> [χ² = 9.0587e-08]
try =    198 -> [χ² = 8.9242e-08]
try =    199 -> [χ² = 9.2808e-08]
try =    200 -> [χ² = 9.2230e-08]
Mean value of χ²: 9.120703131730307e-8
Median value of χ²: 9.117512837909128e-8
Accumulate 100 solutions to get the spectral density
The analytical continuation problem is solved successfully.
