[0;31;49m╔═╗╔═╗╔═╗[0m[0;35;49m┬  ┌─┐┬ ┬[0m
[0;32;49m╠═╣║  ╠╣ [0m[0;35;49m│  │ ││││[0m
[0;34;49m╩ ╩╚═╝╚  [0m[0;35;49m┴─┘└─┘└┴┘[0m
[0;30;49mA Modern Toolkit for Analytical Continuation Problems
[0m[0;30;49mPackage: [0m[0;35;49mACFlow
[0m[0;30;49mVersion: [0m[0;35;49m1.3.6-devel.230129
[0m[0;30;49mRelease: [0m[0;35;49m2023/01
[0m
[ Overview ]
Time : 2023-01-29 / 17:02:50
Para : Using 1 processor (myid = 1)
Dirs : /Users/lihuang/Working/devel/acflow/test/Y09/t50
Task : ac.toml

[ StochPX ]
Create infrastructure for Monte Carlo sampling
Randomize Monte Carlo configurations
Postprocess input data: 10 points
Build grid for input data: 10 points
Build mesh for spectrum: 501 points
Start thermalization...
Start stochastic sampling...
try =      1 -> [χ² = 2.9250e-07]
try =      2 -> [χ² = 2.1898e-07]
try =      3 -> [χ² = 8.7580e-08]
try =      4 -> [χ² = 2.0893e-07]
try =      5 -> [χ² = 1.5868e-07]
try =      6 -> [χ² = 2.0423e-07]
try =      7 -> [χ² = 1.6916e-07]
try =      8 -> [χ² = 2.1791e-07]
try =      9 -> [χ² = 3.2496e-07]
try =     10 -> [χ² = 1.2950e-07]
try =     11 -> [χ² = 2.7193e-07]
try =     12 -> [χ² = 1.9536e-07]
try =     13 -> [χ² = 1.4721e-07]
try =     14 -> [χ² = 1.4220e-07]
try =     15 -> [χ² = 1.2982e-07]
try =     16 -> [χ² = 1.2983e-07]
try =     17 -> [χ² = 1.5900e-07]
try =     18 -> [χ² = 1.1175e-07]
try =     19 -> [χ² = 2.0876e-07]
try =     20 -> [χ² = 1.4767e-07]
try =     21 -> [χ² = 1.6499e-07]
try =     22 -> [χ² = 1.5628e-07]
try =     23 -> [χ² = 1.2103e-07]
try =     24 -> [χ² = 1.0928e-07]
try =     25 -> [χ² = 1.3726e-07]
try =     26 -> [χ² = 1.5435e-07]
try =     27 -> [χ² = 1.1005e-07]
try =     28 -> [χ² = 1.1537e-07]
try =     29 -> [χ² = 2.8469e-07]
try =     30 -> [χ² = 1.7313e-07]
try =     31 -> [χ² = 8.8715e-08]
try =     32 -> [χ² = 1.2693e-07]
try =     33 -> [χ² = 2.1398e-07]
try =     34 -> [χ² = 1.7063e-07]
try =     35 -> [χ² = 3.3382e-07]
try =     36 -> [χ² = 1.6600e-07]
try =     37 -> [χ² = 1.7369e-07]
try =     38 -> [χ² = 1.7006e-07]
try =     39 -> [χ² = 2.5411e-07]
try =     40 -> [χ² = 1.6214e-07]
try =     41 -> [χ² = 2.5172e-07]
try =     42 -> [χ² = 1.8624e-07]
try =     43 -> [χ² = 2.0499e-07]
try =     44 -> [χ² = 1.3861e-07]
try =     45 -> [χ² = 1.6742e-07]
try =     46 -> [χ² = 2.1958e-07]
try =     47 -> [χ² = 2.9786e-07]
try =     48 -> [χ² = 1.9707e-07]
try =     49 -> [χ² = 1.8342e-07]
try =     50 -> [χ² = 1.7332e-07]
try =     51 -> [χ² = 2.1610e-07]
try =     52 -> [χ² = 2.6227e-07]
try =     53 -> [χ² = 2.3073e-07]
try =     54 -> [χ² = 2.2318e-07]
try =     55 -> [χ² = 1.3704e-07]
try =     56 -> [χ² = 1.7323e-07]
try =     57 -> [χ² = 1.7521e-07]
try =     58 -> [χ² = 1.6106e-07]
try =     59 -> [χ² = 2.8557e-07]
try =     60 -> [χ² = 2.5439e-07]
try =     61 -> [χ² = 1.5067e-07]
try =     62 -> [χ² = 1.6042e-07]
try =     63 -> [χ² = 3.2090e-07]
try =     64 -> [χ² = 2.2243e-07]
try =     65 -> [χ² = 1.8828e-07]
try =     66 -> [χ² = 1.7031e-07]
try =     67 -> [χ² = 2.2357e-07]
try =     68 -> [χ² = 3.2392e-07]
try =     69 -> [χ² = 1.3589e-07]
try =     70 -> [χ² = 1.2686e-07]
try =     71 -> [χ² = 1.8860e-07]
try =     72 -> [χ² = 1.0135e-07]
try =     73 -> [χ² = 1.9892e-07]
try =     74 -> [χ² = 1.8811e-07]
try =     75 -> [χ² = 1.9998e-07]
try =     76 -> [χ² = 1.5922e-07]
try =     77 -> [χ² = 2.5656e-07]
try =     78 -> [χ² = 1.7795e-07]
try =     79 -> [χ² = 1.8151e-07]
try =     80 -> [χ² = 1.4380e-07]
try =     81 -> [χ² = 1.8423e-07]
try =     82 -> [χ² = 1.6167e-07]
try =     83 -> [χ² = 1.7257e-07]
try =     84 -> [χ² = 1.7889e-07]
try =     85 -> [χ² = 1.9001e-07]
try =     86 -> [χ² = 1.0623e-07]
try =     87 -> [χ² = 2.1493e-07]
try =     88 -> [χ² = 1.6157e-07]
try =     89 -> [χ² = 2.4741e-07]
try =     90 -> [χ² = 3.2427e-07]
try =     91 -> [χ² = 2.1019e-07]
try =     92 -> [χ² = 2.8347e-07]
try =     93 -> [χ² = 3.1589e-07]
try =     94 -> [χ² = 1.7431e-07]
try =     95 -> [χ² = 1.5946e-07]
try =     96 -> [χ² = 1.3708e-07]
try =     97 -> [χ² = 1.3510e-07]
try =     98 -> [χ² = 1.8485e-07]
try =     99 -> [χ² = 2.3178e-07]
try =    100 -> [χ² = 2.2028e-07]
try =    101 -> [χ² = 1.5182e-07]
try =    102 -> [χ² = 1.5455e-07]
try =    103 -> [χ² = 2.6169e-07]
try =    104 -> [χ² = 1.9138e-07]
try =    105 -> [χ² = 2.2717e-07]
try =    106 -> [χ² = 2.0506e-07]
try =    107 -> [χ² = 1.2928e-07]
try =    108 -> [χ² = 1.9792e-07]
try =    109 -> [χ² = 1.3734e-07]
try =    110 -> [χ² = 2.8628e-07]
try =    111 -> [χ² = 2.1266e-07]
try =    112 -> [χ² = 1.7647e-07]
try =    113 -> [χ² = 2.2075e-07]
try =    114 -> [χ² = 1.7905e-07]
try =    115 -> [χ² = 2.1113e-07]
try =    116 -> [χ² = 2.0775e-07]
try =    117 -> [χ² = 1.4726e-07]
try =    118 -> [χ² = 1.3455e-07]
try =    119 -> [χ² = 1.6136e-07]
try =    120 -> [χ² = 2.0123e-07]
try =    121 -> [χ² = 1.9463e-07]
try =    122 -> [χ² = 2.0373e-07]
try =    123 -> [χ² = 1.7272e-07]
try =    124 -> [χ² = 2.4025e-07]
try =    125 -> [χ² = 3.0457e-07]
try =    126 -> [χ² = 2.0915e-07]
try =    127 -> [χ² = 1.6589e-07]
try =    128 -> [χ² = 1.4866e-07]
try =    129 -> [χ² = 1.2786e-07]
try =    130 -> [χ² = 1.4788e-07]
try =    131 -> [χ² = 1.1236e-07]
try =    132 -> [χ² = 1.1958e-07]
try =    133 -> [χ² = 1.6835e-07]
try =    134 -> [χ² = 1.8694e-07]
try =    135 -> [χ² = 1.3450e-07]
try =    136 -> [χ² = 1.2795e-07]
try =    137 -> [χ² = 1.1280e-07]
try =    138 -> [χ² = 1.7964e-07]
try =    139 -> [χ² = 2.2185e-07]
try =    140 -> [χ² = 2.6665e-07]
try =    141 -> [χ² = 1.6803e-07]
try =    142 -> [χ² = 2.2137e-07]
try =    143 -> [χ² = 1.6393e-07]
try =    144 -> [χ² = 1.7977e-07]
try =    145 -> [χ² = 1.7976e-07]
try =    146 -> [χ² = 2.1562e-07]
try =    147 -> [χ² = 1.3095e-07]
try =    148 -> [χ² = 1.7182e-07]
try =    149 -> [χ² = 1.9479e-07]
try =    150 -> [χ² = 2.5204e-07]
try =    151 -> [χ² = 2.0018e-07]
try =    152 -> [χ² = 1.8985e-07]
try =    153 -> [χ² = 2.5504e-07]
try =    154 -> [χ² = 2.4521e-07]
try =    155 -> [χ² = 2.8435e-07]
try =    156 -> [χ² = 2.3320e-07]
try =    157 -> [χ² = 1.4816e-07]
try =    158 -> [χ² = 1.8524e-07]
try =    159 -> [χ² = 2.1260e-07]
try =    160 -> [χ² = 1.6498e-07]
try =    161 -> [χ² = 2.0443e-07]
try =    162 -> [χ² = 1.3914e-07]
try =    163 -> [χ² = 1.6504e-07]
try =    164 -> [χ² = 1.9397e-07]
try =    165 -> [χ² = 1.7137e-07]
try =    166 -> [χ² = 2.0318e-07]
try =    167 -> [χ² = 1.5227e-07]
try =    168 -> [χ² = 3.6747e-07]
try =    169 -> [χ² = 2.2031e-07]
try =    170 -> [χ² = 2.1982e-07]
try =    171 -> [χ² = 1.7044e-07]
try =    172 -> [χ² = 2.0054e-07]
try =    173 -> [χ² = 2.8209e-07]
try =    174 -> [χ² = 1.9343e-07]
try =    175 -> [χ² = 1.9005e-07]
try =    176 -> [χ² = 2.1955e-07]
try =    177 -> [χ² = 1.8142e-07]
try =    178 -> [χ² = 3.0821e-07]
try =    179 -> [χ² = 1.8064e-07]
try =    180 -> [χ² = 2.5056e-07]
try =    181 -> [χ² = 2.0517e-07]
try =    182 -> [χ² = 1.1463e-07]
try =    183 -> [χ² = 2.3559e-07]
try =    184 -> [χ² = 2.4465e-07]
try =    185 -> [χ² = 1.5325e-07]
try =    186 -> [χ² = 1.9157e-07]
try =    187 -> [χ² = 2.8180e-07]
try =    188 -> [χ² = 1.5697e-07]
try =    189 -> [χ² = 1.5801e-07]
try =    190 -> [χ² = 1.3921e-07]
try =    191 -> [χ² = 1.9523e-07]
try =    192 -> [χ² = 1.9520e-07]
try =    193 -> [χ² = 2.3641e-07]
try =    194 -> [χ² = 2.1929e-07]
try =    195 -> [χ² = 4.3998e-07]
try =    196 -> [χ² = 2.0635e-07]
try =    197 -> [χ² = 3.0287e-07]
try =    198 -> [χ² = 1.9943e-07]
try =    199 -> [χ² = 2.1080e-07]
try =    200 -> [χ² = 1.6697e-07]
Mean value of χ²: 1.9399862675904262e-7
Median value of χ²: 1.8658858565972244e-7
Accumulate 47 solutions to get the spectral density
The analytical continuation problem is solved successfully.
