[0;31;49m╔═╗╔═╗╔═╗[0m[0;35;49m┬  ┌─┐┬ ┬[0m
[0;32;49m╠═╣║  ╠╣ [0m[0;35;49m│  │ ││││[0m
[0;34;49m╩ ╩╚═╝╚  [0m[0;35;49m┴─┘└─┘└┴┘[0m
[0;30;49mA Modern Toolkit for Analytical Continuation Problems
[0m[0;30;49mPackage: [0m[0;35;49mACFlow
[0m[0;30;49mVersion: [0m[0;35;49m1.3.6-devel.230129
[0m[0;30;49mRelease: [0m[0;35;49m2023/01
[0m
[ Overview ]
Time : 2023-01-29 / 17:30:25
Para : Using 1 processor (myid = 1)
Dirs : /Users/lihuang/Working/devel/acflow/test/Y09/t00
Task : ac.toml

[ StochPX ]
Create infrastructure for Monte Carlo sampling
Randomize Monte Carlo configurations
Postprocess input data: 10 points
Build grid for input data: 10 points
Build mesh for spectrum: 501 points
Start thermalization...
Start stochastic sampling...
try =      1 -> [χ² = 5.9932e-07]
try =      2 -> [χ² = 6.2598e-07]
try =      3 -> [χ² = 3.0234e-07]
try =      4 -> [χ² = 4.4884e-07]
try =      5 -> [χ² = 4.4412e-07]
try =      6 -> [χ² = 5.1291e-07]
try =      7 -> [χ² = 3.3058e-07]
try =      8 -> [χ² = 4.5215e-07]
try =      9 -> [χ² = 4.8486e-07]
try =     10 -> [χ² = 5.5013e-07]
try =     11 -> [χ² = 4.9081e-07]
try =     12 -> [χ² = 4.5089e-07]
try =     13 -> [χ² = 4.1163e-07]
try =     14 -> [χ² = 4.0632e-07]
try =     15 -> [χ² = 4.6177e-07]
try =     16 -> [χ² = 4.7671e-07]
try =     17 -> [χ² = 4.2215e-07]
try =     18 -> [χ² = 4.1911e-07]
try =     19 -> [χ² = 3.0966e-07]
try =     20 -> [χ² = 4.2031e-07]
try =     21 -> [χ² = 4.8737e-07]
try =     22 -> [χ² = 4.9536e-07]
try =     23 -> [χ² = 5.5405e-07]
try =     24 -> [χ² = 4.3889e-07]
try =     25 -> [χ² = 3.5919e-07]
try =     26 -> [χ² = 5.1000e-07]
try =     27 -> [χ² = 3.8009e-07]
try =     28 -> [χ² = 5.5664e-07]
try =     29 -> [χ² = 5.4111e-07]
try =     30 -> [χ² = 5.1360e-07]
try =     31 -> [χ² = 4.3906e-07]
try =     32 -> [χ² = 3.7927e-07]
try =     33 -> [χ² = 5.1307e-07]
try =     34 -> [χ² = 4.7459e-07]
try =     35 -> [χ² = 4.1226e-07]
try =     36 -> [χ² = 3.9487e-07]
try =     37 -> [χ² = 3.6907e-07]
try =     38 -> [χ² = 5.5330e-07]
try =     39 -> [χ² = 3.7440e-07]
try =     40 -> [χ² = 3.7419e-07]
try =     41 -> [χ² = 3.7173e-07]
try =     42 -> [χ² = 5.1007e-07]
try =     43 -> [χ² = 4.6360e-07]
try =     44 -> [χ² = 5.8803e-07]
try =     45 -> [χ² = 6.3117e-07]
try =     46 -> [χ² = 5.4682e-07]
try =     47 -> [χ² = 3.9536e-07]
try =     48 -> [χ² = 4.5299e-07]
try =     49 -> [χ² = 3.9922e-07]
try =     50 -> [χ² = 5.8396e-07]
try =     51 -> [χ² = 3.5930e-07]
try =     52 -> [χ² = 3.5738e-07]
try =     53 -> [χ² = 4.9064e-07]
try =     54 -> [χ² = 3.2702e-07]
try =     55 -> [χ² = 4.1335e-07]
try =     56 -> [χ² = 6.1194e-07]
try =     57 -> [χ² = 5.6182e-07]
try =     58 -> [χ² = 4.5020e-07]
try =     59 -> [χ² = 3.9505e-07]
try =     60 -> [χ² = 5.5028e-07]
try =     61 -> [χ² = 5.2163e-07]
try =     62 -> [χ² = 4.9441e-07]
try =     63 -> [χ² = 4.5978e-07]
try =     64 -> [χ² = 5.1492e-07]
try =     65 -> [χ² = 4.5349e-07]
try =     66 -> [χ² = 5.5328e-07]
try =     67 -> [χ² = 4.3716e-07]
try =     68 -> [χ² = 4.2350e-07]
try =     69 -> [χ² = 3.3898e-07]
try =     70 -> [χ² = 4.0881e-07]
try =     71 -> [χ² = 2.9217e-07]
try =     72 -> [χ² = 3.6456e-07]
try =     73 -> [χ² = 4.4590e-07]
try =     74 -> [χ² = 4.1027e-07]
try =     75 -> [χ² = 5.0871e-07]
try =     76 -> [χ² = 4.5866e-07]
try =     77 -> [χ² = 4.8619e-07]
try =     78 -> [χ² = 3.6399e-07]
try =     79 -> [χ² = 4.2419e-07]
try =     80 -> [χ² = 4.1741e-07]
try =     81 -> [χ² = 3.6940e-07]
try =     82 -> [χ² = 4.6994e-07]
try =     83 -> [χ² = 5.4954e-07]
try =     84 -> [χ² = 4.9762e-07]
try =     85 -> [χ² = 4.3144e-07]
try =     86 -> [χ² = 5.3618e-07]
try =     87 -> [χ² = 3.8769e-07]
try =     88 -> [χ² = 3.9497e-07]
try =     89 -> [χ² = 3.8641e-07]
try =     90 -> [χ² = 4.5225e-07]
try =     91 -> [χ² = 5.2165e-07]
try =     92 -> [χ² = 3.6231e-07]
try =     93 -> [χ² = 3.3836e-07]
try =     94 -> [χ² = 4.7269e-07]
try =     95 -> [χ² = 4.3423e-07]
try =     96 -> [χ² = 4.3882e-07]
try =     97 -> [χ² = 4.3922e-07]
try =     98 -> [χ² = 6.3139e-07]
try =     99 -> [χ² = 3.7671e-07]
try =    100 -> [χ² = 3.8468e-07]
try =    101 -> [χ² = 4.3467e-07]
try =    102 -> [χ² = 3.6977e-07]
try =    103 -> [χ² = 3.8834e-07]
try =    104 -> [χ² = 3.8060e-07]
try =    105 -> [χ² = 3.7483e-07]
try =    106 -> [χ² = 4.2890e-07]
try =    107 -> [χ² = 5.8081e-07]
try =    108 -> [χ² = 5.0938e-07]
try =    109 -> [χ² = 3.8403e-07]
try =    110 -> [χ² = 6.2465e-07]
try =    111 -> [χ² = 4.6059e-07]
try =    112 -> [χ² = 5.0898e-07]
try =    113 -> [χ² = 4.9431e-07]
try =    114 -> [χ² = 4.3546e-07]
try =    115 -> [χ² = 4.1688e-07]
try =    116 -> [χ² = 4.7989e-07]
try =    117 -> [χ² = 3.8921e-07]
try =    118 -> [χ² = 5.2448e-07]
try =    119 -> [χ² = 4.6627e-07]
try =    120 -> [χ² = 4.8071e-07]
try =    121 -> [χ² = 3.8700e-07]
try =    122 -> [χ² = 5.1856e-07]
try =    123 -> [χ² = 3.0846e-07]
try =    124 -> [χ² = 3.4352e-07]
try =    125 -> [χ² = 3.5529e-07]
try =    126 -> [χ² = 3.1573e-07]
try =    127 -> [χ² = 4.4445e-07]
try =    128 -> [χ² = 4.5154e-07]
try =    129 -> [χ² = 6.3691e-07]
try =    130 -> [χ² = 4.6527e-07]
try =    131 -> [χ² = 3.9304e-07]
try =    132 -> [χ² = 4.0668e-07]
try =    133 -> [χ² = 4.2123e-07]
try =    134 -> [χ² = 3.8734e-07]
try =    135 -> [χ² = 3.4601e-07]
try =    136 -> [χ² = 3.9751e-07]
try =    137 -> [χ² = 3.0823e-07]
try =    138 -> [χ² = 5.0253e-07]
try =    139 -> [χ² = 2.8393e-07]
try =    140 -> [χ² = 4.0823e-07]
try =    141 -> [χ² = 3.3602e-07]
try =    142 -> [χ² = 3.9216e-07]
try =    143 -> [χ² = 3.6025e-07]
try =    144 -> [χ² = 4.2604e-07]
try =    145 -> [χ² = 4.4529e-07]
try =    146 -> [χ² = 4.4028e-07]
try =    147 -> [χ² = 3.7639e-07]
try =    148 -> [χ² = 4.5896e-07]
try =    149 -> [χ² = 3.1948e-07]
try =    150 -> [χ² = 6.6930e-07]
try =    151 -> [χ² = 3.1485e-07]
try =    152 -> [χ² = 3.6883e-07]
try =    153 -> [χ² = 2.5446e-07]
try =    154 -> [χ² = 4.3713e-07]
try =    155 -> [χ² = 5.7421e-07]
try =    156 -> [χ² = 4.2106e-07]
try =    157 -> [χ² = 3.9917e-07]
try =    158 -> [χ² = 4.8183e-07]
try =    159 -> [χ² = 6.0339e-07]
try =    160 -> [χ² = 4.4857e-07]
try =    161 -> [χ² = 5.5767e-07]
try =    162 -> [χ² = 5.1983e-07]
try =    163 -> [χ² = 3.3144e-07]
try =    164 -> [χ² = 6.0678e-07]
try =    165 -> [χ² = 3.7897e-07]
try =    166 -> [χ² = 4.5674e-07]
try =    167 -> [χ² = 4.1540e-07]
try =    168 -> [χ² = 3.0750e-07]
try =    169 -> [χ² = 3.3151e-07]
try =    170 -> [χ² = 3.3825e-07]
try =    171 -> [χ² = 3.5739e-07]
try =    172 -> [χ² = 3.3990e-07]
try =    173 -> [χ² = 3.2936e-07]
try =    174 -> [χ² = 4.6102e-07]
try =    175 -> [χ² = 4.2726e-07]
try =    176 -> [χ² = 3.2354e-07]
try =    177 -> [χ² = 5.1615e-07]
try =    178 -> [χ² = 4.7715e-07]
try =    179 -> [χ² = 3.9815e-07]
try =    180 -> [χ² = 5.9071e-07]
try =    181 -> [χ² = 4.1740e-07]
try =    182 -> [χ² = 5.7868e-07]
try =    183 -> [χ² = 3.7228e-07]
try =    184 -> [χ² = 3.8986e-07]
try =    185 -> [χ² = 4.9550e-07]
try =    186 -> [χ² = 4.2109e-07]
try =    187 -> [χ² = 4.9879e-07]
try =    188 -> [χ² = 3.1318e-07]
try =    189 -> [χ² = 3.5862e-07]
try =    190 -> [χ² = 4.4408e-07]
try =    191 -> [χ² = 4.0478e-07]
try =    192 -> [χ² = 5.3888e-07]
try =    193 -> [χ² = 5.2350e-07]
try =    194 -> [χ² = 3.2443e-07]
try =    195 -> [χ² = 3.4760e-07]
try =    196 -> [χ² = 3.9767e-07]
try =    197 -> [χ² = 3.4408e-07]
try =    198 -> [χ² = 3.6226e-07]
try =    199 -> [χ² = 3.7738e-07]
try =    200 -> [χ² = 4.8249e-07]
Mean value of χ²: 4.3926777273680464e-7
Median value of χ²: 4.328358891543915e-7
Accumulate 35 solutions to get the spectral density
The analytical continuation problem is solved successfully.
