[0;31;49m╔═╗╔═╗╔═╗[0m[0;35;49m┬  ┌─┐┬ ┬[0m
[0;32;49m╠═╣║  ╠╣ [0m[0;35;49m│  │ ││││[0m
[0;34;49m╩ ╩╚═╝╚  [0m[0;35;49m┴─┘└─┘└┴┘[0m
[0;30;49mA Modern Toolkit for Analytical Continuation Problems
[0m[0;30;49mPackage: [0m[0;35;49mACFlow
[0m[0;30;49mVersion: [0m[0;35;49m1.3.5-devel.230127
[0m[0;30;49mRelease: [0m[0;35;49m2023/01
[0m
[ Overview ]
Time : 2023-01-29 / 13:42:44
Para : Using 1 processor (myid = 1)
Dirs : /Users/lihuang/Working/devel/acflow/test/Y09/t50
Task : ac.toml

[ StochPX ]
Create infrastructure for Monte Carlo sampling
Randomize Monte Carlo configurations
Postprocess input data: 10 points
Build grid for input data: 10 points
Build mesh for spectrum: 501 points
Start thermalization...
Start stochastic sampling...
try =      1 -> [χ² = 1.2942e-07]
try =      2 -> [χ² = 1.6889e-07]
try =      3 -> [χ² = 2.1919e-07]
try =      4 -> [χ² = 2.7730e-07]
try =      5 -> [χ² = 2.4381e-07]
try =      6 -> [χ² = 2.9806e-07]
try =      7 -> [χ² = 1.9220e-07]
try =      8 -> [χ² = 3.1338e-07]
try =      9 -> [χ² = 1.5350e-07]
try =     10 -> [χ² = 1.9045e-07]
try =     11 -> [χ² = 1.7769e-07]
try =     12 -> [χ² = 1.7755e-07]
try =     13 -> [χ² = 1.8829e-07]
try =     14 -> [χ² = 2.4497e-07]
try =     15 -> [χ² = 1.4484e-07]
try =     16 -> [χ² = 1.8908e-07]
try =     17 -> [χ² = 1.4997e-07]
try =     18 -> [χ² = 1.5352e-07]
try =     19 -> [χ² = 1.4375e-07]
try =     20 -> [χ² = 1.2661e-07]
try =     21 -> [χ² = 1.9389e-07]
try =     22 -> [χ² = 1.6967e-07]
try =     23 -> [χ² = 1.5612e-07]
try =     24 -> [χ² = 1.3646e-07]
try =     25 -> [χ² = 1.4130e-07]
try =     26 -> [χ² = 2.9734e-07]
try =     27 -> [χ² = 1.2700e-07]
try =     28 -> [χ² = 2.2954e-07]
try =     29 -> [χ² = 3.3420e-07]
try =     30 -> [χ² = 1.6329e-07]
try =     31 -> [χ² = 1.5613e-07]
try =     32 -> [χ² = 1.8882e-07]
try =     33 -> [χ² = 1.5159e-07]
try =     34 -> [χ² = 1.7039e-07]
try =     35 -> [χ² = 2.0399e-07]
try =     36 -> [χ² = 2.1954e-07]
try =     37 -> [χ² = 2.0228e-07]
try =     38 -> [χ² = 1.7886e-07]
try =     39 -> [χ² = 2.0192e-07]
try =     40 -> [χ² = 1.9322e-07]
try =     41 -> [χ² = 1.3230e-07]
try =     42 -> [χ² = 1.6735e-07]
try =     43 -> [χ² = 2.4990e-07]
try =     44 -> [χ² = 2.0369e-07]
try =     45 -> [χ² = 3.7529e-07]
try =     46 -> [χ² = 2.5652e-07]
try =     47 -> [χ² = 1.8999e-07]
try =     48 -> [χ² = 2.5672e-07]
try =     49 -> [χ² = 1.7131e-07]
try =     50 -> [χ² = 2.0735e-07]
try =     51 -> [χ² = 1.6061e-07]
try =     52 -> [χ² = 1.4820e-07]
try =     53 -> [χ² = 1.2002e-07]
try =     54 -> [χ² = 1.1523e-07]
try =     55 -> [χ² = 1.5026e-07]
try =     56 -> [χ² = 1.5938e-07]
try =     57 -> [χ² = 2.5062e-07]
try =     58 -> [χ² = 2.5057e-07]
try =     59 -> [χ² = 1.9770e-07]
try =     60 -> [χ² = 1.5128e-07]
try =     61 -> [χ² = 1.2454e-07]
try =     62 -> [χ² = 1.4571e-07]
try =     63 -> [χ² = 2.9844e-07]
try =     64 -> [χ² = 2.3780e-07]
try =     65 -> [χ² = 1.8767e-07]
try =     66 -> [χ² = 2.3030e-07]
try =     67 -> [χ² = 1.6159e-07]
try =     68 -> [χ² = 1.8031e-07]
try =     69 -> [χ² = 2.4897e-07]
try =     70 -> [χ² = 2.0607e-07]
try =     71 -> [χ² = 2.6021e-07]
try =     72 -> [χ² = 2.0489e-07]
try =     73 -> [χ² = 1.9458e-07]
try =     74 -> [χ² = 1.4890e-07]
try =     75 -> [χ² = 1.6610e-07]
try =     76 -> [χ² = 1.8450e-07]
try =     77 -> [χ² = 1.7075e-07]
try =     78 -> [χ² = 1.8007e-07]
try =     79 -> [χ² = 1.8035e-07]
try =     80 -> [χ² = 1.4618e-07]
try =     81 -> [χ² = 2.2107e-07]
try =     82 -> [χ² = 2.0006e-07]
try =     83 -> [χ² = 1.6766e-07]
try =     84 -> [χ² = 2.1007e-07]
try =     85 -> [χ² = 1.5985e-07]
try =     86 -> [χ² = 1.9740e-07]
try =     87 -> [χ² = 1.7202e-07]
try =     88 -> [χ² = 1.4677e-07]
try =     89 -> [χ² = 1.4198e-07]
try =     90 -> [χ² = 1.4529e-07]
try =     91 -> [χ² = 1.3825e-07]
try =     92 -> [χ² = 1.1586e-07]
try =     93 -> [χ² = 1.4397e-07]
try =     94 -> [χ² = 2.1719e-07]
try =     95 -> [χ² = 1.1085e-07]
try =     96 -> [χ² = 1.4550e-07]
try =     97 -> [χ² = 2.7686e-07]
try =     98 -> [χ² = 2.0157e-07]
try =     99 -> [χ² = 2.0074e-07]
try =    100 -> [χ² = 1.9095e-07]
try =    101 -> [χ² = 1.4942e-07]
try =    102 -> [χ² = 1.6580e-07]
try =    103 -> [χ² = 2.1782e-07]
try =    104 -> [χ² = 1.7160e-07]
try =    105 -> [χ² = 1.5382e-07]
try =    106 -> [χ² = 1.4023e-07]
try =    107 -> [χ² = 1.6637e-07]
try =    108 -> [χ² = 1.4265e-07]
try =    109 -> [χ² = 1.4597e-07]
try =    110 -> [χ² = 2.4121e-07]
try =    111 -> [χ² = 1.5023e-07]
try =    112 -> [χ² = 1.3675e-07]
try =    113 -> [χ² = 1.4851e-07]
try =    114 -> [χ² = 1.2189e-07]
try =    115 -> [χ² = 1.6777e-07]
try =    116 -> [χ² = 2.4921e-07]
try =    117 -> [χ² = 1.7100e-07]
try =    118 -> [χ² = 2.0392e-07]
try =    119 -> [χ² = 2.6296e-07]
try =    120 -> [χ² = 1.4239e-07]
try =    121 -> [χ² = 2.1068e-07]
try =    122 -> [χ² = 1.2398e-07]
try =    123 -> [χ² = 1.9547e-07]
try =    124 -> [χ² = 1.4884e-07]
try =    125 -> [χ² = 1.7567e-07]
try =    126 -> [χ² = 2.0459e-07]
try =    127 -> [χ² = 7.9601e-08]
try =    128 -> [χ² = 1.4658e-07]
try =    129 -> [χ² = 2.7926e-07]
try =    130 -> [χ² = 1.8147e-07]
try =    131 -> [χ² = 2.1112e-07]
try =    132 -> [χ² = 1.9460e-07]
try =    133 -> [χ² = 1.8036e-07]
try =    134 -> [χ² = 2.4036e-07]
try =    135 -> [χ² = 1.9919e-07]
try =    136 -> [χ² = 1.9352e-07]
try =    137 -> [χ² = 1.7899e-07]
try =    138 -> [χ² = 1.7398e-07]
try =    139 -> [χ² = 1.9817e-07]
try =    140 -> [χ² = 2.1217e-07]
try =    141 -> [χ² = 1.5381e-07]
try =    142 -> [χ² = 1.1820e-07]
try =    143 -> [χ² = 1.1517e-07]
try =    144 -> [χ² = 2.3046e-07]
try =    145 -> [χ² = 2.4110e-07]
try =    146 -> [χ² = 2.2336e-07]
try =    147 -> [χ² = 1.5540e-07]
try =    148 -> [χ² = 2.0879e-07]
try =    149 -> [χ² = 1.5527e-07]
try =    150 -> [χ² = 2.1970e-07]
try =    151 -> [χ² = 1.5630e-07]
try =    152 -> [χ² = 1.3126e-07]
try =    153 -> [χ² = 1.8955e-07]
try =    154 -> [χ² = 1.4345e-07]
try =    155 -> [χ² = 1.4427e-07]
try =    156 -> [χ² = 2.0807e-07]
try =    157 -> [χ² = 1.4307e-07]
try =    158 -> [χ² = 1.4120e-07]
try =    159 -> [χ² = 1.4477e-07]
try =    160 -> [χ² = 1.6225e-07]
try =    161 -> [χ² = 1.8021e-07]
try =    162 -> [χ² = 1.2584e-07]
try =    163 -> [χ² = 1.6974e-07]
try =    164 -> [χ² = 1.7518e-07]
try =    165 -> [χ² = 1.2232e-07]
try =    166 -> [χ² = 1.6078e-07]
try =    167 -> [χ² = 1.2096e-07]
try =    168 -> [χ² = 1.4756e-07]
try =    169 -> [χ² = 1.8368e-07]
try =    170 -> [χ² = 1.8689e-07]
try =    171 -> [χ² = 1.9809e-07]
try =    172 -> [χ² = 2.1602e-07]
try =    173 -> [χ² = 1.7521e-07]
try =    174 -> [χ² = 1.8007e-07]
try =    175 -> [χ² = 2.4707e-07]
try =    176 -> [χ² = 1.7967e-07]
try =    177 -> [χ² = 2.2651e-07]
try =    178 -> [χ² = 1.6478e-07]
try =    179 -> [χ² = 1.3884e-07]
try =    180 -> [χ² = 2.1214e-07]
try =    181 -> [χ² = 2.0170e-07]
try =    182 -> [χ² = 2.0797e-07]
try =    183 -> [χ² = 2.2962e-07]
try =    184 -> [χ² = 2.6136e-07]
try =    185 -> [χ² = 2.4976e-07]
try =    186 -> [χ² = 2.6797e-07]
try =    187 -> [χ² = 1.8291e-07]
try =    188 -> [χ² = 1.1734e-07]
try =    189 -> [χ² = 2.2713e-07]
try =    190 -> [χ² = 1.5059e-07]
try =    191 -> [χ² = 2.0514e-07]
try =    192 -> [χ² = 1.8486e-07]
try =    193 -> [χ² = 2.4374e-07]
try =    194 -> [χ² = 2.7770e-07]
try =    195 -> [χ² = 1.9742e-07]
try =    196 -> [χ² = 1.6196e-07]
try =    197 -> [χ² = 1.3911e-07]
try =    198 -> [χ² = 3.0236e-07]
try =    199 -> [χ² = 2.2016e-07]
try =    200 -> [χ² = 2.1959e-07]
Mean value of χ²: 1.864886108392057e-7
Median value of χ²: 1.8013961178735878e-7
Accumulate 51 solutions to get the spectral density
The analytical continuation problem is solved successfully.
