[0;31;49m╔═╗╔═╗╔═╗[0m[0;35;49m┬  ┌─┐┬ ┬[0m
[0;32;49m╠═╣║  ╠╣ [0m[0;35;49m│  │ ││││[0m
[0;34;49m╩ ╩╚═╝╚  [0m[0;35;49m┴─┘└─┘└┴┘[0m
[0;30;49mA Modern Toolkit for Analytical Continuation Problems
[0m[0;30;49mPackage: [0m[0;35;49mACFlow
[0m[0;30;49mVersion: [0m[0;35;49m1.3.6-devel.230129
[0m[0;30;49mRelease: [0m[0;35;49m2023/01
[0m
[ Overview ]
Time : 2023-01-29 / 17:02:10
Para : Using 1 processor (myid = 1)
Dirs : /Users/lihuang/Working/devel/acflow/test/Y09/t29
Task : ac.toml

[ StochPX ]
Create infrastructure for Monte Carlo sampling
Randomize Monte Carlo configurations
Postprocess input data: 10 points
Build grid for input data: 10 points
Build mesh for spectrum: 501 points
Start thermalization...
Start stochastic sampling...
try =      1 -> [χ² = 3.6577e-08]
try =      2 -> [χ² = 2.3603e-08]
try =      3 -> [χ² = 3.2195e-08]
try =      4 -> [χ² = 2.5110e-08]
try =      5 -> [χ² = 2.4294e-08]
try =      6 -> [χ² = 2.5322e-08]
try =      7 -> [χ² = 2.4660e-08]
try =      8 -> [χ² = 2.4683e-08]
try =      9 -> [χ² = 2.5821e-08]
try =     10 -> [χ² = 2.4234e-08]
try =     11 -> [χ² = 2.4685e-08]
try =     12 -> [χ² = 2.8126e-08]
try =     13 -> [χ² = 2.5601e-08]
try =     14 -> [χ² = 2.5507e-08]
try =     15 -> [χ² = 2.5084e-08]
try =     16 -> [χ² = 2.7074e-08]
try =     17 -> [χ² = 2.9249e-08]
try =     18 -> [χ² = 2.8924e-08]
try =     19 -> [χ² = 2.6119e-08]
try =     20 -> [χ² = 2.8319e-08]
try =     21 -> [χ² = 2.3849e-08]
try =     22 -> [χ² = 2.7169e-08]
try =     23 -> [χ² = 2.5819e-08]
try =     24 -> [χ² = 2.3651e-08]
try =     25 -> [χ² = 3.0980e-08]
try =     26 -> [χ² = 2.5133e-08]
try =     27 -> [χ² = 2.5087e-08]
try =     28 -> [χ² = 2.4235e-08]
try =     29 -> [χ² = 3.0768e-08]
try =     30 -> [χ² = 2.5632e-08]
try =     31 -> [χ² = 3.3346e-08]
try =     32 -> [χ² = 2.8750e-08]
try =     33 -> [χ² = 3.4195e-08]
try =     34 -> [χ² = 2.8149e-08]
try =     35 -> [χ² = 3.0632e-08]
try =     36 -> [χ² = 2.6154e-08]
try =     37 -> [χ² = 2.3817e-08]
try =     38 -> [χ² = 4.3946e-08]
try =     39 -> [χ² = 2.4817e-08]
try =     40 -> [χ² = 3.1357e-08]
try =     41 -> [χ² = 4.4727e-08]
try =     42 -> [χ² = 2.3931e-08]
try =     43 -> [χ² = 2.8134e-08]
try =     44 -> [χ² = 2.6970e-08]
try =     45 -> [χ² = 3.0476e-08]
try =     46 -> [χ² = 2.4150e-08]
try =     47 -> [χ² = 2.8392e-08]
try =     48 -> [χ² = 2.6965e-08]
try =     49 -> [χ² = 2.4207e-08]
try =     50 -> [χ² = 2.3894e-08]
try =     51 -> [χ² = 2.6019e-08]
try =     52 -> [χ² = 2.4163e-08]
try =     53 -> [χ² = 2.4507e-08]
try =     54 -> [χ² = 2.4538e-08]
try =     55 -> [χ² = 2.5597e-08]
try =     56 -> [χ² = 2.4247e-08]
try =     57 -> [χ² = 2.4885e-08]
try =     58 -> [χ² = 3.0074e-08]
try =     59 -> [χ² = 5.1775e-08]
try =     60 -> [χ² = 3.0047e-08]
try =     61 -> [χ² = 3.9049e-08]
try =     62 -> [χ² = 2.4467e-08]
try =     63 -> [χ² = 2.9401e-08]
try =     64 -> [χ² = 2.4269e-08]
try =     65 -> [χ² = 2.6184e-08]
try =     66 -> [χ² = 2.5030e-08]
try =     67 -> [χ² = 2.4669e-08]
try =     68 -> [χ² = 2.5276e-08]
try =     69 -> [χ² = 2.8413e-08]
try =     70 -> [χ² = 3.1441e-08]
try =     71 -> [χ² = 3.5842e-08]
try =     72 -> [χ² = 2.8386e-08]
try =     73 -> [χ² = 2.8258e-08]
try =     74 -> [χ² = 2.4106e-08]
try =     75 -> [χ² = 2.4562e-08]
try =     76 -> [χ² = 2.4486e-08]
try =     77 -> [χ² = 2.6348e-08]
try =     78 -> [χ² = 2.5832e-08]
try =     79 -> [χ² = 3.2261e-08]
try =     80 -> [χ² = 2.4891e-08]
try =     81 -> [χ² = 2.5043e-08]
try =     82 -> [χ² = 2.4515e-08]
try =     83 -> [χ² = 3.0283e-08]
try =     84 -> [χ² = 2.4060e-08]
try =     85 -> [χ² = 3.0534e-08]
try =     86 -> [χ² = 2.4188e-08]
try =     87 -> [χ² = 2.5570e-08]
try =     88 -> [χ² = 2.3642e-08]
try =     89 -> [χ² = 2.8566e-08]
try =     90 -> [χ² = 2.5884e-08]
try =     91 -> [χ² = 2.9036e-08]
try =     92 -> [χ² = 2.3760e-08]
try =     93 -> [χ² = 2.7251e-08]
try =     94 -> [χ² = 2.4518e-08]
try =     95 -> [χ² = 2.6531e-08]
try =     96 -> [χ² = 2.4154e-08]
try =     97 -> [χ² = 2.7482e-08]
try =     98 -> [χ² = 2.5888e-08]
try =     99 -> [χ² = 3.0001e-08]
try =    100 -> [χ² = 2.6470e-08]
try =    101 -> [χ² = 2.9749e-08]
try =    102 -> [χ² = 3.8856e-08]
try =    103 -> [χ² = 2.6783e-08]
try =    104 -> [χ² = 2.3980e-08]
try =    105 -> [χ² = 2.5053e-08]
try =    106 -> [χ² = 2.6022e-08]
try =    107 -> [χ² = 2.4788e-08]
try =    108 -> [χ² = 2.9789e-08]
try =    109 -> [χ² = 2.3619e-08]
try =    110 -> [χ² = 3.4621e-08]
try =    111 -> [χ² = 2.9800e-08]
try =    112 -> [χ² = 3.1633e-08]
try =    113 -> [χ² = 2.7635e-08]
try =    114 -> [χ² = 2.6950e-08]
try =    115 -> [χ² = 2.6706e-08]
try =    116 -> [χ² = 3.5320e-08]
try =    117 -> [χ² = 4.2146e-08]
try =    118 -> [χ² = 2.4979e-08]
try =    119 -> [χ² = 2.4704e-08]
try =    120 -> [χ² = 2.4501e-08]
try =    121 -> [χ² = 2.5372e-08]
try =    122 -> [χ² = 2.4438e-08]
try =    123 -> [χ² = 2.4561e-08]
try =    124 -> [χ² = 2.7061e-08]
try =    125 -> [χ² = 3.6864e-08]
try =    126 -> [χ² = 2.6333e-08]
try =    127 -> [χ² = 2.6192e-08]
try =    128 -> [χ² = 2.8501e-08]
try =    129 -> [χ² = 2.3637e-08]
try =    130 -> [χ² = 2.6313e-08]
try =    131 -> [χ² = 2.4664e-08]
try =    132 -> [χ² = 2.4975e-08]
try =    133 -> [χ² = 2.9239e-08]
try =    134 -> [χ² = 2.7997e-08]
try =    135 -> [χ² = 2.4821e-08]
try =    136 -> [χ² = 2.4635e-08]
try =    137 -> [χ² = 2.4515e-08]
try =    138 -> [χ² = 2.7797e-08]
try =    139 -> [χ² = 2.8341e-08]
try =    140 -> [χ² = 2.8999e-08]
try =    141 -> [χ² = 2.5260e-08]
try =    142 -> [χ² = 2.6235e-08]
try =    143 -> [χ² = 2.4610e-08]
try =    144 -> [χ² = 4.1507e-08]
try =    145 -> [χ² = 2.4880e-08]
try =    146 -> [χ² = 3.0990e-08]
try =    147 -> [χ² = 2.4701e-08]
try =    148 -> [χ² = 2.6622e-08]
try =    149 -> [χ² = 2.6260e-08]
try =    150 -> [χ² = 2.5820e-08]
try =    151 -> [χ² = 2.4191e-08]
try =    152 -> [χ² = 2.4849e-08]
try =    153 -> [χ² = 2.5951e-08]
try =    154 -> [χ² = 2.8399e-08]
try =    155 -> [χ² = 2.7541e-08]
try =    156 -> [χ² = 3.3668e-08]
try =    157 -> [χ² = 2.5007e-08]
try =    158 -> [χ² = 2.4287e-08]
try =    159 -> [χ² = 2.8526e-08]
try =    160 -> [χ² = 2.6791e-08]
try =    161 -> [χ² = 2.9402e-08]
try =    162 -> [χ² = 2.6098e-08]
try =    163 -> [χ² = 3.1504e-08]
try =    164 -> [χ² = 2.7828e-08]
try =    165 -> [χ² = 2.6795e-08]
try =    166 -> [χ² = 2.6188e-08]
try =    167 -> [χ² = 2.6103e-08]
try =    168 -> [χ² = 2.6701e-08]
try =    169 -> [χ² = 2.4818e-08]
try =    170 -> [χ² = 2.3832e-08]
try =    171 -> [χ² = 3.1544e-08]
try =    172 -> [χ² = 4.5562e-08]
try =    173 -> [χ² = 2.6009e-08]
try =    174 -> [χ² = 2.5576e-08]
try =    175 -> [χ² = 2.4081e-08]
try =    176 -> [χ² = 3.0631e-08]
try =    177 -> [χ² = 2.6067e-08]
try =    178 -> [χ² = 2.5354e-08]
try =    179 -> [χ² = 2.4775e-08]
try =    180 -> [χ² = 3.4591e-08]
try =    181 -> [χ² = 2.5531e-08]
try =    182 -> [χ² = 2.5148e-08]
try =    183 -> [χ² = 2.4698e-08]
try =    184 -> [χ² = 2.7959e-08]
try =    185 -> [χ² = 2.7886e-08]
try =    186 -> [χ² = 2.4093e-08]
try =    187 -> [χ² = 2.3551e-08]
try =    188 -> [χ² = 2.4360e-08]
try =    189 -> [χ² = 2.3654e-08]
try =    190 -> [χ² = 2.4523e-08]
try =    191 -> [χ² = 2.4844e-08]
try =    192 -> [χ² = 3.0144e-08]
try =    193 -> [χ² = 2.5918e-08]
try =    194 -> [χ² = 2.8981e-08]
try =    195 -> [χ² = 2.7872e-08]
try =    196 -> [χ² = 2.5089e-08]
try =    197 -> [χ² = 2.4824e-08]
try =    198 -> [χ² = 2.4168e-08]
try =    199 -> [χ² = 2.4385e-08]
try =    200 -> [χ² = 3.3841e-08]
Mean value of χ²: 2.747412812911032e-8
Median value of χ²: 2.6020583920049425e-8
Accumulate 100 solutions to get the spectral density
The analytical continuation problem is solved successfully.
