[0;31;49m╔═╗╔═╗╔═╗[0m[0;35;49m┬  ┌─┐┬ ┬[0m
[0;32;49m╠═╣║  ╠╣ [0m[0;35;49m│  │ ││││[0m
[0;34;49m╩ ╩╚═╝╚  [0m[0;35;49m┴─┘└─┘└┴┘[0m
[0;30;49mA Modern Toolkit for Analytical Continuation Problems
[0m[0;30;49mPackage: [0m[0;35;49mACFlow
[0m[0;30;49mVersion: [0m[0;35;49m1.3.5-devel.230127
[0m[0;30;49mRelease: [0m[0;35;49m2023/01
[0m
[ Overview ]
Time : 2023-01-29 / 13:42:06
Para : Using 1 processor (myid = 1)
Dirs : /Users/lihuang/Working/devel/acflow/test/Y09/t29
Task : ac.toml

[ StochPX ]
Create infrastructure for Monte Carlo sampling
Randomize Monte Carlo configurations
Postprocess input data: 10 points
Build grid for input data: 10 points
Build mesh for spectrum: 501 points
Start thermalization...
Start stochastic sampling...
try =      1 -> [χ² = 1.1101e-07]
try =      2 -> [χ² = 1.0315e-07]
try =      3 -> [χ² = 1.0959e-07]
try =      4 -> [χ² = 9.9228e-08]
try =      5 -> [χ² = 1.1146e-07]
try =      6 -> [χ² = 1.0617e-07]
try =      7 -> [χ² = 1.1615e-07]
try =      8 -> [χ² = 9.9893e-08]
try =      9 -> [χ² = 9.6578e-08]
try =     10 -> [χ² = 9.8579e-08]
try =     11 -> [χ² = 1.2708e-07]
try =     12 -> [χ² = 1.1034e-07]
try =     13 -> [χ² = 1.1236e-07]
try =     14 -> [χ² = 9.9643e-08]
try =     15 -> [χ² = 1.0690e-07]
try =     16 -> [χ² = 1.1104e-07]
try =     17 -> [χ² = 1.0831e-07]
try =     18 -> [χ² = 1.0082e-07]
try =     19 -> [χ² = 1.1090e-07]
try =     20 -> [χ² = 1.0289e-07]
try =     21 -> [χ² = 9.9527e-08]
try =     22 -> [χ² = 1.0671e-07]
try =     23 -> [χ² = 1.0448e-07]
try =     24 -> [χ² = 1.0191e-07]
try =     25 -> [χ² = 1.0122e-07]
try =     26 -> [χ² = 9.8513e-08]
try =     27 -> [χ² = 1.1125e-07]
try =     28 -> [χ² = 1.0459e-07]
try =     29 -> [χ² = 1.1037e-07]
try =     30 -> [χ² = 1.1426e-07]
try =     31 -> [χ² = 1.1745e-07]
try =     32 -> [χ² = 9.9210e-08]
try =     33 -> [χ² = 1.1205e-07]
try =     34 -> [χ² = 1.0072e-07]
try =     35 -> [χ² = 9.6486e-08]
try =     36 -> [χ² = 1.0052e-07]
try =     37 -> [χ² = 1.0511e-07]
try =     38 -> [χ² = 9.4619e-08]
try =     39 -> [χ² = 9.9024e-08]
try =     40 -> [χ² = 1.0465e-07]
try =     41 -> [χ² = 1.1812e-07]
try =     42 -> [χ² = 1.0343e-07]
try =     43 -> [χ² = 1.2429e-07]
try =     44 -> [χ² = 1.2096e-07]
try =     45 -> [χ² = 1.0116e-07]
try =     46 -> [χ² = 1.0150e-07]
try =     47 -> [χ² = 1.2532e-07]
try =     48 -> [χ² = 1.5655e-07]
try =     49 -> [χ² = 1.0181e-07]
try =     50 -> [χ² = 1.0882e-07]
try =     51 -> [χ² = 1.1391e-07]
try =     52 -> [χ² = 1.0019e-07]
try =     53 -> [χ² = 1.0234e-07]
try =     54 -> [χ² = 1.1589e-07]
try =     55 -> [χ² = 1.1520e-07]
try =     56 -> [χ² = 1.1880e-07]
try =     57 -> [χ² = 1.1592e-07]
try =     58 -> [χ² = 1.0392e-07]
try =     59 -> [χ² = 1.2837e-07]
try =     60 -> [χ² = 1.1843e-07]
try =     61 -> [χ² = 1.0567e-07]
try =     62 -> [χ² = 1.0471e-07]
try =     63 -> [χ² = 1.0605e-07]
try =     64 -> [χ² = 1.0386e-07]
try =     65 -> [χ² = 1.1142e-07]
try =     66 -> [χ² = 1.0498e-07]
try =     67 -> [χ² = 1.0091e-07]
try =     68 -> [χ² = 9.6769e-08]
try =     69 -> [χ² = 1.0054e-07]
try =     70 -> [χ² = 1.0036e-07]
try =     71 -> [χ² = 1.0977e-07]
try =     72 -> [χ² = 1.1073e-07]
try =     73 -> [χ² = 1.1032e-07]
try =     74 -> [χ² = 1.0254e-07]
try =     75 -> [χ² = 1.0459e-07]
try =     76 -> [χ² = 9.6663e-08]
try =     77 -> [χ² = 1.0132e-07]
try =     78 -> [χ² = 1.2470e-07]
try =     79 -> [χ² = 9.9481e-08]
try =     80 -> [χ² = 1.0740e-07]
try =     81 -> [χ² = 9.9253e-08]
try =     82 -> [χ² = 1.0093e-07]
try =     83 -> [χ² = 9.9555e-08]
try =     84 -> [χ² = 1.0268e-07]
try =     85 -> [χ² = 1.0246e-07]
try =     86 -> [χ² = 1.2171e-07]
try =     87 -> [χ² = 1.0633e-07]
try =     88 -> [χ² = 1.0424e-07]
try =     89 -> [χ² = 1.0694e-07]
try =     90 -> [χ² = 1.0932e-07]
try =     91 -> [χ² = 1.1348e-07]
try =     92 -> [χ² = 1.0639e-07]
try =     93 -> [χ² = 9.8727e-08]
try =     94 -> [χ² = 1.0309e-07]
try =     95 -> [χ² = 1.0630e-07]
try =     96 -> [χ² = 9.9265e-08]
try =     97 -> [χ² = 9.8743e-08]
try =     98 -> [χ² = 9.7007e-08]
try =     99 -> [χ² = 1.0115e-07]
try =    100 -> [χ² = 1.0440e-07]
try =    101 -> [χ² = 9.9852e-08]
try =    102 -> [χ² = 1.0233e-07]
try =    103 -> [χ² = 1.0389e-07]
try =    104 -> [χ² = 1.0217e-07]
try =    105 -> [χ² = 9.8991e-08]
try =    106 -> [χ² = 9.8698e-08]
try =    107 -> [χ² = 1.0269e-07]
try =    108 -> [χ² = 1.1938e-07]
try =    109 -> [χ² = 1.1531e-07]
try =    110 -> [χ² = 9.7668e-08]
try =    111 -> [χ² = 1.0570e-07]
try =    112 -> [χ² = 1.0516e-07]
try =    113 -> [χ² = 1.2004e-07]
try =    114 -> [χ² = 9.9594e-08]
try =    115 -> [χ² = 1.0919e-07]
try =    116 -> [χ² = 1.0851e-07]
try =    117 -> [χ² = 1.0310e-07]
try =    118 -> [χ² = 1.0305e-07]
try =    119 -> [χ² = 1.1032e-07]
try =    120 -> [χ² = 9.5967e-08]
try =    121 -> [χ² = 9.7708e-08]
try =    122 -> [χ² = 9.8282e-08]
try =    123 -> [χ² = 9.9437e-08]
try =    124 -> [χ² = 1.1054e-07]
try =    125 -> [χ² = 1.0910e-07]
try =    126 -> [χ² = 1.0614e-07]
try =    127 -> [χ² = 1.0452e-07]
try =    128 -> [χ² = 1.0093e-07]
try =    129 -> [χ² = 1.0383e-07]
try =    130 -> [χ² = 1.0332e-07]
try =    131 -> [χ² = 1.0104e-07]
try =    132 -> [χ² = 1.0943e-07]
try =    133 -> [χ² = 1.0418e-07]
try =    134 -> [χ² = 1.0406e-07]
try =    135 -> [χ² = 1.0826e-07]
try =    136 -> [χ² = 1.0031e-07]
try =    137 -> [χ² = 1.0435e-07]
try =    138 -> [χ² = 1.0150e-07]
try =    139 -> [χ² = 9.9072e-08]
try =    140 -> [χ² = 9.9102e-08]
try =    141 -> [χ² = 9.7174e-08]
try =    142 -> [χ² = 9.7907e-08]
try =    143 -> [χ² = 9.9747e-08]
try =    144 -> [χ² = 1.1403e-07]
try =    145 -> [χ² = 1.0286e-07]
try =    146 -> [χ² = 9.9344e-08]
try =    147 -> [χ² = 1.0731e-07]
try =    148 -> [χ² = 1.0293e-07]
try =    149 -> [χ² = 9.8497e-08]
try =    150 -> [χ² = 1.0075e-07]
try =    151 -> [χ² = 1.0309e-07]
try =    152 -> [χ² = 1.0828e-07]
try =    153 -> [χ² = 1.0808e-07]
try =    154 -> [χ² = 1.0366e-07]
try =    155 -> [χ² = 9.8018e-08]
try =    156 -> [χ² = 1.1421e-07]
try =    157 -> [χ² = 1.1377e-07]
try =    158 -> [χ² = 1.0528e-07]
try =    159 -> [χ² = 9.8256e-08]
try =    160 -> [χ² = 1.0322e-07]
try =    161 -> [χ² = 1.0091e-07]
try =    162 -> [χ² = 1.1014e-07]
try =    163 -> [χ² = 1.0547e-07]
try =    164 -> [χ² = 9.9055e-08]
try =    165 -> [χ² = 1.0824e-07]
try =    166 -> [χ² = 1.1030e-07]
try =    167 -> [χ² = 1.0684e-07]
try =    168 -> [χ² = 1.1918e-07]
try =    169 -> [χ² = 1.0349e-07]
try =    170 -> [χ² = 1.0404e-07]
try =    171 -> [χ² = 1.1977e-07]
try =    172 -> [χ² = 1.0346e-07]
try =    173 -> [χ² = 1.0424e-07]
try =    174 -> [χ² = 1.0774e-07]
try =    175 -> [χ² = 1.0308e-07]
try =    176 -> [χ² = 1.0000e-07]
try =    177 -> [χ² = 1.0468e-07]
try =    178 -> [χ² = 1.0382e-07]
try =    179 -> [χ² = 1.0427e-07]
try =    180 -> [χ² = 1.0230e-07]
try =    181 -> [χ² = 1.0143e-07]
try =    182 -> [χ² = 1.0104e-07]
try =    183 -> [χ² = 1.0257e-07]
try =    184 -> [χ² = 1.0330e-07]
try =    185 -> [χ² = 9.6254e-08]
try =    186 -> [χ² = 9.7553e-08]
try =    187 -> [χ² = 1.0184e-07]
try =    188 -> [χ² = 1.0568e-07]
try =    189 -> [χ² = 9.8401e-08]
try =    190 -> [χ² = 1.0063e-07]
try =    191 -> [χ² = 9.9079e-08]
try =    192 -> [χ² = 1.0114e-07]
try =    193 -> [χ² = 9.9401e-08]
try =    194 -> [χ² = 1.0785e-07]
try =    195 -> [χ² = 1.1342e-07]
try =    196 -> [χ² = 1.0403e-07]
try =    197 -> [χ² = 1.0769e-07]
try =    198 -> [χ² = 9.8778e-08]
try =    199 -> [χ² = 1.0136e-07]
try =    200 -> [χ² = 1.0084e-07]
Mean value of χ²: 1.0555443785203749e-7
Median value of χ²: 1.0382451929976109e-7
Accumulate 100 solutions to get the spectral density
The analytical continuation problem is solved successfully.
