[0;31;49m╔═╗╔═╗╔═╗[0m[0;35;49m┬  ┌─┐┬ ┬[0m
[0;32;49m╠═╣║  ╠╣ [0m[0;35;49m│  │ ││││[0m
[0;34;49m╩ ╩╚═╝╚  [0m[0;35;49m┴─┘└─┘└┴┘[0m
[0;30;49mA Modern Toolkit for Analytical Continuation Problems
[0m[0;30;49mPackage: [0m[0;35;49mACFlow
[0m[0;30;49mVersion: [0m[0;35;49m1.3.5-devel.230127
[0m[0;30;49mRelease: [0m[0;35;49m2023/01
[0m
[ Overview ]
Time : 2023-01-29 / 13:42:24
Para : Using 1 processor (myid = 1)
Dirs : /Users/lihuang/Working/devel/acflow/test/Y09/t32
Task : ac.toml

[ StochPX ]
Create infrastructure for Monte Carlo sampling
Randomize Monte Carlo configurations
Postprocess input data: 10 points
Build grid for input data: 10 points
Build mesh for spectrum: 501 points
Start thermalization...
Start stochastic sampling...
try =      1 -> [χ² = 8.9249e-08]
try =      2 -> [χ² = 8.7793e-08]
try =      3 -> [χ² = 9.2637e-08]
try =      4 -> [χ² = 8.7314e-08]
try =      5 -> [χ² = 8.8119e-08]
try =      6 -> [χ² = 8.8025e-08]
try =      7 -> [χ² = 8.9999e-08]
try =      8 -> [χ² = 8.8106e-08]
try =      9 -> [χ² = 9.0408e-08]
try =     10 -> [χ² = 9.0139e-08]
try =     11 -> [χ² = 8.9530e-08]
try =     12 -> [χ² = 8.8053e-08]
try =     13 -> [χ² = 8.9400e-08]
try =     14 -> [χ² = 8.7840e-08]
try =     15 -> [χ² = 9.1029e-08]
try =     16 -> [χ² = 8.9560e-08]
try =     17 -> [χ² = 8.7769e-08]
try =     18 -> [χ² = 8.8591e-08]
try =     19 -> [χ² = 8.7967e-08]
try =     20 -> [χ² = 9.2241e-08]
try =     21 -> [χ² = 9.2588e-08]
try =     22 -> [χ² = 8.6779e-08]
try =     23 -> [χ² = 8.8422e-08]
try =     24 -> [χ² = 8.7881e-08]
try =     25 -> [χ² = 8.8686e-08]
try =     26 -> [χ² = 8.9950e-08]
try =     27 -> [χ² = 8.5980e-08]
try =     28 -> [χ² = 8.9703e-08]
try =     29 -> [χ² = 9.2120e-08]
try =     30 -> [χ² = 9.0066e-08]
try =     31 -> [χ² = 8.8125e-08]
try =     32 -> [χ² = 8.5986e-08]
try =     33 -> [χ² = 8.7445e-08]
try =     34 -> [χ² = 9.1581e-08]
try =     35 -> [χ² = 8.9712e-08]
try =     36 -> [χ² = 8.8298e-08]
try =     37 -> [χ² = 8.8594e-08]
try =     38 -> [χ² = 8.9461e-08]
try =     39 -> [χ² = 9.0492e-08]
try =     40 -> [χ² = 8.9509e-08]
try =     41 -> [χ² = 8.7931e-08]
try =     42 -> [χ² = 9.0561e-08]
try =     43 -> [χ² = 8.8407e-08]
try =     44 -> [χ² = 9.0957e-08]
try =     45 -> [χ² = 9.0241e-08]
try =     46 -> [χ² = 8.8442e-08]
try =     47 -> [χ² = 9.0269e-08]
try =     48 -> [χ² = 8.6946e-08]
try =     49 -> [χ² = 8.5644e-08]
try =     50 -> [χ² = 8.5787e-08]
try =     51 -> [χ² = 8.7694e-08]
try =     52 -> [χ² = 9.0014e-08]
try =     53 -> [χ² = 8.6941e-08]
try =     54 -> [χ² = 8.6876e-08]
try =     55 -> [χ² = 8.7696e-08]
try =     56 -> [χ² = 8.8350e-08]
try =     57 -> [χ² = 9.0167e-08]
try =     58 -> [χ² = 8.7497e-08]
try =     59 -> [χ² = 8.7851e-08]
try =     60 -> [χ² = 8.6484e-08]
try =     61 -> [χ² = 8.9387e-08]
try =     62 -> [χ² = 8.7085e-08]
try =     63 -> [χ² = 8.7137e-08]
try =     64 -> [χ² = 8.6794e-08]
try =     65 -> [χ² = 8.6798e-08]
try =     66 -> [χ² = 8.9790e-08]
try =     67 -> [χ² = 8.9941e-08]
try =     68 -> [χ² = 8.9309e-08]
try =     69 -> [χ² = 8.7543e-08]
try =     70 -> [χ² = 8.8449e-08]
try =     71 -> [χ² = 8.9360e-08]
try =     72 -> [χ² = 8.9674e-08]
try =     73 -> [χ² = 8.8147e-08]
try =     74 -> [χ² = 8.9173e-08]
try =     75 -> [χ² = 9.1442e-08]
try =     76 -> [χ² = 8.8574e-08]
try =     77 -> [χ² = 9.0327e-08]
try =     78 -> [χ² = 9.1210e-08]
try =     79 -> [χ² = 9.0051e-08]
try =     80 -> [χ² = 8.9267e-08]
try =     81 -> [χ² = 9.4652e-08]
try =     82 -> [χ² = 8.8229e-08]
try =     83 -> [χ² = 8.9701e-08]
try =     84 -> [χ² = 8.8100e-08]
try =     85 -> [χ² = 8.7499e-08]
try =     86 -> [χ² = 9.2596e-08]
try =     87 -> [χ² = 9.2612e-08]
try =     88 -> [χ² = 9.1561e-08]
try =     89 -> [χ² = 9.1536e-08]
try =     90 -> [χ² = 8.8110e-08]
try =     91 -> [χ² = 8.6088e-08]
try =     92 -> [χ² = 8.9122e-08]
try =     93 -> [χ² = 8.9537e-08]
try =     94 -> [χ² = 8.7873e-08]
try =     95 -> [χ² = 8.7446e-08]
try =     96 -> [χ² = 8.8630e-08]
try =     97 -> [χ² = 8.7277e-08]
try =     98 -> [χ² = 9.0993e-08]
try =     99 -> [χ² = 9.0739e-08]
try =    100 -> [χ² = 8.8869e-08]
try =    101 -> [χ² = 8.8764e-08]
try =    102 -> [χ² = 8.8000e-08]
try =    103 -> [χ² = 8.6297e-08]
try =    104 -> [χ² = 8.6782e-08]
try =    105 -> [χ² = 8.8705e-08]
try =    106 -> [χ² = 8.8091e-08]
try =    107 -> [χ² = 8.9220e-08]
try =    108 -> [χ² = 8.9434e-08]
try =    109 -> [χ² = 8.8629e-08]
try =    110 -> [χ² = 8.8776e-08]
try =    111 -> [χ² = 8.9198e-08]
try =    112 -> [χ² = 9.2127e-08]
try =    113 -> [χ² = 9.1394e-08]
try =    114 -> [χ² = 8.7288e-08]
try =    115 -> [χ² = 8.8174e-08]
try =    116 -> [χ² = 8.7521e-08]
try =    117 -> [χ² = 8.7844e-08]
try =    118 -> [χ² = 8.9603e-08]
try =    119 -> [χ² = 8.9130e-08]
try =    120 -> [χ² = 8.9844e-08]
try =    121 -> [χ² = 9.0611e-08]
try =    122 -> [χ² = 8.6708e-08]
try =    123 -> [χ² = 8.9056e-08]
try =    124 -> [χ² = 9.1770e-08]
try =    125 -> [χ² = 8.8907e-08]
try =    126 -> [χ² = 8.8390e-08]
try =    127 -> [χ² = 8.9150e-08]
try =    128 -> [χ² = 9.0454e-08]
try =    129 -> [χ² = 9.1444e-08]
try =    130 -> [χ² = 9.0772e-08]
try =    131 -> [χ² = 8.6911e-08]
try =    132 -> [χ² = 8.6463e-08]
try =    133 -> [χ² = 9.0255e-08]
try =    134 -> [χ² = 9.0943e-08]
try =    135 -> [χ² = 8.5668e-08]
try =    136 -> [χ² = 8.9176e-08]
try =    137 -> [χ² = 8.9202e-08]
try =    138 -> [χ² = 8.5929e-08]
try =    139 -> [χ² = 9.1122e-08]
try =    140 -> [χ² = 8.9790e-08]
try =    141 -> [χ² = 8.8915e-08]
try =    142 -> [χ² = 9.1348e-08]
try =    143 -> [χ² = 8.9764e-08]
try =    144 -> [χ² = 8.9144e-08]
try =    145 -> [χ² = 8.9628e-08]
try =    146 -> [χ² = 9.0318e-08]
try =    147 -> [χ² = 9.1232e-08]
try =    148 -> [χ² = 8.6570e-08]
try =    149 -> [χ² = 8.6774e-08]
try =    150 -> [χ² = 8.8727e-08]
try =    151 -> [χ² = 8.6909e-08]
try =    152 -> [χ² = 9.0682e-08]
try =    153 -> [χ² = 8.4851e-08]
try =    154 -> [χ² = 8.7238e-08]
try =    155 -> [χ² = 8.6891e-08]
try =    156 -> [χ² = 8.7472e-08]
try =    157 -> [χ² = 8.7555e-08]
try =    158 -> [χ² = 8.7179e-08]
try =    159 -> [χ² = 9.2551e-08]
try =    160 -> [χ² = 8.8860e-08]
try =    161 -> [χ² = 8.8166e-08]
try =    162 -> [χ² = 8.7069e-08]
try =    163 -> [χ² = 8.7670e-08]
try =    164 -> [χ² = 8.9519e-08]
try =    165 -> [χ² = 8.8399e-08]
try =    166 -> [χ² = 8.7774e-08]
try =    167 -> [χ² = 8.8532e-08]
try =    168 -> [χ² = 8.7533e-08]
try =    169 -> [χ² = 9.0365e-08]
try =    170 -> [χ² = 8.6424e-08]
try =    171 -> [χ² = 8.8221e-08]
try =    172 -> [χ² = 8.7809e-08]
try =    173 -> [χ² = 8.7630e-08]
try =    174 -> [χ² = 8.9451e-08]
try =    175 -> [χ² = 8.8382e-08]
try =    176 -> [χ² = 8.8160e-08]
try =    177 -> [χ² = 9.0786e-08]
try =    178 -> [χ² = 8.8043e-08]
try =    179 -> [χ² = 8.7635e-08]
try =    180 -> [χ² = 8.7788e-08]
try =    181 -> [χ² = 8.9498e-08]
try =    182 -> [χ² = 8.8854e-08]
try =    183 -> [χ² = 9.0888e-08]
try =    184 -> [χ² = 9.0663e-08]
try =    185 -> [χ² = 9.1448e-08]
try =    186 -> [χ² = 8.9053e-08]
try =    187 -> [χ² = 8.6916e-08]
try =    188 -> [χ² = 9.0323e-08]
try =    189 -> [χ² = 8.9716e-08]
try =    190 -> [χ² = 9.1318e-08]
try =    191 -> [χ² = 8.9175e-08]
try =    192 -> [χ² = 8.9384e-08]
try =    193 -> [χ² = 8.8599e-08]
try =    194 -> [χ² = 8.8760e-08]
try =    195 -> [χ² = 8.7782e-08]
try =    196 -> [χ² = 8.9937e-08]
try =    197 -> [χ² = 8.9862e-08]
try =    198 -> [χ² = 9.0407e-08]
try =    199 -> [χ² = 8.6378e-08]
try =    200 -> [χ² = 8.6321e-08]
Mean value of χ²: 8.890662479537334e-8
Median value of χ²: 8.877020136159497e-8
Accumulate 100 solutions to get the spectral density
The analytical continuation problem is solved successfully.
