[0;31;49m╔═╗╔═╗╔═╗[0m[0;35;49m┬  ┌─┐┬ ┬[0m
[0;32;49m╠═╣║  ╠╣ [0m[0;35;49m│  │ ││││[0m
[0;34;49m╩ ╩╚═╝╚  [0m[0;35;49m┴─┘└─┘└┴┘[0m
[0;30;49mA Modern Toolkit for Analytical Continuation Problems
[0m[0;30;49mPackage: [0m[0;35;49mACFlow
[0m[0;30;49mVersion: [0m[0;35;49m1.3.6-devel.230129
[0m[0;30;49mRelease: [0m[0;35;49m2023/01
[0m
[ Overview ]
Time : 2023-01-29 / 17:30:52
Para : Using 1 processor (myid = 1)
Dirs : /Users/lihuang/Working/devel/acflow/test/Y09/t05
Task : ac.toml

[ StochPX ]
Create infrastructure for Monte Carlo sampling
Randomize Monte Carlo configurations
Postprocess input data: 10 points
Build grid for input data: 10 points
Build mesh for spectrum: 501 points
Start thermalization...
Start stochastic sampling...
try =      1 -> [χ² = 1.9805e-07]
try =      2 -> [χ² = 2.0731e-07]
try =      3 -> [χ² = 1.7980e-07]
try =      4 -> [χ² = 1.6098e-07]
try =      5 -> [χ² = 1.6151e-07]
try =      6 -> [χ² = 1.9338e-07]
try =      7 -> [χ² = 1.9891e-07]
try =      8 -> [χ² = 1.6249e-07]
try =      9 -> [χ² = 1.8699e-07]
try =     10 -> [χ² = 1.7015e-07]
try =     11 -> [χ² = 3.4088e-07]
try =     12 -> [χ² = 1.7751e-07]
try =     13 -> [χ² = 1.5531e-07]
try =     14 -> [χ² = 1.1028e-07]
try =     15 -> [χ² = 1.1069e-07]
try =     16 -> [χ² = 1.8205e-07]
try =     17 -> [χ² = 1.7773e-07]
try =     18 -> [χ² = 2.6663e-07]
try =     19 -> [χ² = 2.1964e-07]
try =     20 -> [χ² = 2.1975e-07]
try =     21 -> [χ² = 1.8466e-07]
try =     22 -> [χ² = 2.7101e-07]
try =     23 -> [χ² = 2.9753e-07]
try =     24 -> [χ² = 2.3745e-07]
try =     25 -> [χ² = 4.0187e-07]
try =     26 -> [χ² = 2.5381e-07]
try =     27 -> [χ² = 1.5814e-07]
try =     28 -> [χ² = 2.4682e-07]
try =     29 -> [χ² = 3.2412e-07]
try =     30 -> [χ² = 2.9835e-07]
try =     31 -> [χ² = 2.2806e-07]
try =     32 -> [χ² = 3.2101e-07]
try =     33 -> [χ² = 1.8508e-07]
try =     34 -> [χ² = 2.1857e-07]
try =     35 -> [χ² = 2.5756e-07]
try =     36 -> [χ² = 1.2664e-07]
try =     37 -> [χ² = 1.6924e-07]
try =     38 -> [χ² = 3.4264e-07]
try =     39 -> [χ² = 2.2319e-07]
try =     40 -> [χ² = 2.6791e-07]
try =     41 -> [χ² = 2.6177e-07]
try =     42 -> [χ² = 1.8087e-07]
try =     43 -> [χ² = 1.9028e-07]
try =     44 -> [χ² = 2.0729e-07]
try =     45 -> [χ² = 1.6427e-07]
try =     46 -> [χ² = 1.3672e-07]
try =     47 -> [χ² = 1.6097e-07]
try =     48 -> [χ² = 1.9579e-07]
try =     49 -> [χ² = 1.3936e-07]
try =     50 -> [χ² = 1.5699e-07]
try =     51 -> [χ² = 2.0067e-07]
try =     52 -> [χ² = 1.6928e-07]
try =     53 -> [χ² = 1.6025e-07]
try =     54 -> [χ² = 1.9268e-07]
try =     55 -> [χ² = 1.7936e-07]
try =     56 -> [χ² = 1.5667e-07]
try =     57 -> [χ² = 1.7522e-07]
try =     58 -> [χ² = 1.5487e-07]
try =     59 -> [χ² = 1.6008e-07]
try =     60 -> [χ² = 3.4002e-07]
try =     61 -> [χ² = 2.7765e-07]
try =     62 -> [χ² = 2.0157e-07]
try =     63 -> [χ² = 1.9673e-07]
try =     64 -> [χ² = 1.4732e-07]
try =     65 -> [χ² = 1.8591e-07]
try =     66 -> [χ² = 1.8045e-07]
try =     67 -> [χ² = 2.3138e-07]
try =     68 -> [χ² = 2.5397e-07]
try =     69 -> [χ² = 2.9623e-07]
try =     70 -> [χ² = 2.1465e-07]
try =     71 -> [χ² = 1.9807e-07]
try =     72 -> [χ² = 2.8230e-07]
try =     73 -> [χ² = 2.3486e-07]
try =     74 -> [χ² = 2.3197e-07]
try =     75 -> [χ² = 1.4664e-07]
try =     76 -> [χ² = 1.8200e-07]
try =     77 -> [χ² = 1.6149e-07]
try =     78 -> [χ² = 2.0501e-07]
try =     79 -> [χ² = 2.5016e-07]
try =     80 -> [χ² = 2.9970e-07]
try =     81 -> [χ² = 2.2498e-07]
try =     82 -> [χ² = 2.4592e-07]
try =     83 -> [χ² = 1.0839e-07]
try =     84 -> [χ² = 2.3905e-07]
try =     85 -> [χ² = 2.1644e-07]
try =     86 -> [χ² = 2.2917e-07]
try =     87 -> [χ² = 1.7974e-07]
try =     88 -> [χ² = 1.9306e-07]
try =     89 -> [χ² = 3.5752e-07]
try =     90 -> [χ² = 1.8011e-07]
try =     91 -> [χ² = 1.9647e-07]
try =     92 -> [χ² = 2.6272e-07]
try =     93 -> [χ² = 2.0583e-07]
try =     94 -> [χ² = 2.8441e-07]
try =     95 -> [χ² = 2.1644e-07]
try =     96 -> [χ² = 2.7000e-07]
try =     97 -> [χ² = 2.1170e-07]
try =     98 -> [χ² = 1.4453e-07]
try =     99 -> [χ² = 1.3844e-07]
try =    100 -> [χ² = 4.3888e-07]
try =    101 -> [χ² = 2.2767e-07]
try =    102 -> [χ² = 2.0391e-07]
try =    103 -> [χ² = 1.4153e-07]
try =    104 -> [χ² = 1.8519e-07]
try =    105 -> [χ² = 1.9904e-07]
try =    106 -> [χ² = 2.6498e-07]
try =    107 -> [χ² = 1.8719e-07]
try =    108 -> [χ² = 1.6766e-07]
try =    109 -> [χ² = 1.1838e-07]
try =    110 -> [χ² = 1.2808e-07]
try =    111 -> [χ² = 1.6946e-07]
try =    112 -> [χ² = 2.2431e-07]
try =    113 -> [χ² = 1.4476e-07]
try =    114 -> [χ² = 2.1364e-07]
try =    115 -> [χ² = 2.3776e-07]
try =    116 -> [χ² = 2.8788e-07]
try =    117 -> [χ² = 2.2935e-07]
try =    118 -> [χ² = 1.4380e-07]
try =    119 -> [χ² = 1.7593e-07]
try =    120 -> [χ² = 1.6334e-07]
try =    121 -> [χ² = 1.9098e-07]
try =    122 -> [χ² = 2.7561e-07]
try =    123 -> [χ² = 1.9206e-07]
try =    124 -> [χ² = 1.2080e-07]
try =    125 -> [χ² = 1.5574e-07]
try =    126 -> [χ² = 1.4143e-07]
try =    127 -> [χ² = 2.1480e-07]
try =    128 -> [χ² = 1.6900e-07]
try =    129 -> [χ² = 1.5992e-07]
try =    130 -> [χ² = 1.4741e-07]
try =    131 -> [χ² = 2.1313e-07]
try =    132 -> [χ² = 2.1200e-07]
try =    133 -> [χ² = 2.2436e-07]
try =    134 -> [χ² = 1.4979e-07]
try =    135 -> [χ² = 1.0356e-07]
try =    136 -> [χ² = 1.9776e-07]
try =    137 -> [χ² = 2.8455e-07]
try =    138 -> [χ² = 1.5994e-07]
try =    139 -> [χ² = 1.1944e-07]
try =    140 -> [χ² = 1.8295e-07]
try =    141 -> [χ² = 1.7767e-07]
try =    142 -> [χ² = 1.8679e-07]
try =    143 -> [χ² = 1.5264e-07]
try =    144 -> [χ² = 1.8120e-07]
try =    145 -> [χ² = 3.0782e-07]
try =    146 -> [χ² = 4.3949e-07]
try =    147 -> [χ² = 2.2196e-07]
try =    148 -> [χ² = 1.7374e-07]
try =    149 -> [χ² = 1.1203e-07]
try =    150 -> [χ² = 1.8337e-07]
try =    151 -> [χ² = 1.0926e-07]
try =    152 -> [χ² = 1.4209e-07]
try =    153 -> [χ² = 1.0825e-07]
try =    154 -> [χ² = 2.4529e-07]
try =    155 -> [χ² = 1.9705e-07]
try =    156 -> [χ² = 2.6358e-07]
try =    157 -> [χ² = 1.9645e-07]
try =    158 -> [χ² = 1.8396e-07]
try =    159 -> [χ² = 1.7407e-07]
try =    160 -> [χ² = 2.6869e-07]
try =    161 -> [χ² = 2.1506e-07]
try =    162 -> [χ² = 2.2221e-07]
try =    163 -> [χ² = 2.0496e-07]
try =    164 -> [χ² = 1.3544e-07]
try =    165 -> [χ² = 2.5018e-07]
try =    166 -> [χ² = 1.4916e-07]
try =    167 -> [χ² = 2.0233e-07]
try =    168 -> [χ² = 1.1520e-07]
try =    169 -> [χ² = 1.8589e-07]
try =    170 -> [χ² = 1.9245e-07]
try =    171 -> [χ² = 1.0716e-07]
try =    172 -> [χ² = 1.9514e-07]
try =    173 -> [χ² = 1.5491e-07]
try =    174 -> [χ² = 9.4277e-08]
try =    175 -> [χ² = 1.6127e-07]
try =    176 -> [χ² = 1.2130e-07]
try =    177 -> [χ² = 1.4367e-07]
try =    178 -> [χ² = 2.0477e-07]
try =    179 -> [χ² = 2.2738e-07]
try =    180 -> [χ² = 1.3969e-07]
try =    181 -> [χ² = 2.4071e-07]
try =    182 -> [χ² = 2.0153e-07]
try =    183 -> [χ² = 2.2720e-07]
try =    184 -> [χ² = 1.3041e-07]
try =    185 -> [χ² = 2.2057e-07]
try =    186 -> [χ² = 2.7477e-07]
try =    187 -> [χ² = 1.7691e-07]
try =    188 -> [χ² = 1.9171e-07]
try =    189 -> [χ² = 2.1024e-07]
try =    190 -> [χ² = 1.3937e-07]
try =    191 -> [χ² = 2.1646e-07]
try =    192 -> [χ² = 2.3178e-07]
try =    193 -> [χ² = 1.7295e-07]
try =    194 -> [χ² = 1.2211e-07]
try =    195 -> [χ² = 2.0636e-07]
try =    196 -> [χ² = 2.0359e-07]
try =    197 -> [χ² = 1.9418e-07]
try =    198 -> [χ² = 1.2892e-07]
try =    199 -> [χ² = 1.5551e-07]
try =    200 -> [χ² = 1.6369e-07]
Mean value of χ²: 2.0042432557202796e-7
Median value of χ²: 1.9286824029909416e-7
Accumulate 50 solutions to get the spectral density
The analytical continuation problem is solved successfully.
