[0;31;49m╔═╗╔═╗╔═╗[0m[0;35;49m┬  ┌─┐┬ ┬[0m
[0;32;49m╠═╣║  ╠╣ [0m[0;35;49m│  │ ││││[0m
[0;34;49m╩ ╩╚═╝╚  [0m[0;35;49m┴─┘└─┘└┴┘[0m
[0;30;49mA Modern Toolkit for Analytical Continuation Problems
[0m[0;30;49mPackage: [0m[0;35;49mACFlow
[0m[0;30;49mVersion: [0m[0;35;49m1.3.6-devel.230129
[0m[0;30;49mRelease: [0m[0;35;49m2023/01
[0m
[ Overview ]
Time : 2023-01-29 / 17:30:46
Para : Using 1 processor (myid = 1)
Dirs : /Users/lihuang/Working/devel/acflow/test/Y09/t04
Task : ac.toml

[ StochPX ]
Create infrastructure for Monte Carlo sampling
Randomize Monte Carlo configurations
Postprocess input data: 10 points
Build grid for input data: 10 points
Build mesh for spectrum: 501 points
Start thermalization...
Start stochastic sampling...
try =      1 -> [χ² = 2.8433e-07]
try =      2 -> [χ² = 3.2808e-07]
try =      3 -> [χ² = 3.2134e-07]
try =      4 -> [χ² = 3.0465e-07]
try =      5 -> [χ² = 2.2273e-07]
try =      6 -> [χ² = 2.5466e-07]
try =      7 -> [χ² = 2.8276e-07]
try =      8 -> [χ² = 2.9903e-07]
try =      9 -> [χ² = 1.8255e-07]
try =     10 -> [χ² = 2.3855e-07]
try =     11 -> [χ² = 1.8818e-07]
try =     12 -> [χ² = 2.9902e-07]
try =     13 -> [χ² = 2.4290e-07]
try =     14 -> [χ² = 2.2431e-07]
try =     15 -> [χ² = 2.0955e-07]
try =     16 -> [χ² = 2.0983e-07]
try =     17 -> [χ² = 2.1904e-07]
try =     18 -> [χ² = 2.3391e-07]
try =     19 -> [χ² = 5.1522e-07]
try =     20 -> [χ² = 2.6301e-07]
try =     21 -> [χ² = 2.3478e-07]
try =     22 -> [χ² = 2.3361e-07]
try =     23 -> [χ² = 2.1077e-07]
try =     24 -> [χ² = 3.3003e-07]
try =     25 -> [χ² = 2.9063e-07]
try =     26 -> [χ² = 3.0591e-07]
try =     27 -> [χ² = 2.2245e-07]
try =     28 -> [χ² = 2.2466e-07]
try =     29 -> [χ² = 1.8850e-07]
try =     30 -> [χ² = 3.5364e-07]
try =     31 -> [χ² = 3.7443e-07]
try =     32 -> [χ² = 3.9859e-07]
try =     33 -> [χ² = 2.8368e-07]
try =     34 -> [χ² = 4.0287e-07]
try =     35 -> [χ² = 2.9761e-07]
try =     36 -> [χ² = 3.2213e-07]
try =     37 -> [χ² = 2.2660e-07]
try =     38 -> [χ² = 2.0377e-07]
try =     39 -> [χ² = 3.1019e-07]
try =     40 -> [χ² = 2.9009e-07]
try =     41 -> [χ² = 4.4658e-07]
try =     42 -> [χ² = 2.4217e-07]
try =     43 -> [χ² = 3.1756e-07]
try =     44 -> [χ² = 2.6387e-07]
try =     45 -> [χ² = 2.2038e-07]
try =     46 -> [χ² = 2.3305e-07]
try =     47 -> [χ² = 3.3267e-07]
try =     48 -> [χ² = 3.4695e-07]
try =     49 -> [χ² = 3.9235e-07]
try =     50 -> [χ² = 3.1082e-07]
try =     51 -> [χ² = 2.9327e-07]
try =     52 -> [χ² = 2.0379e-07]
try =     53 -> [χ² = 2.7488e-07]
try =     54 -> [χ² = 2.9159e-07]
try =     55 -> [χ² = 3.0432e-07]
try =     56 -> [χ² = 3.1494e-07]
try =     57 -> [χ² = 2.2259e-07]
try =     58 -> [χ² = 2.2935e-07]
try =     59 -> [χ² = 2.6954e-07]
try =     60 -> [χ² = 2.7631e-07]
try =     61 -> [χ² = 4.0910e-07]
try =     62 -> [χ² = 2.7802e-07]
try =     63 -> [χ² = 2.4310e-07]
try =     64 -> [χ² = 2.4992e-07]
try =     65 -> [χ² = 2.6297e-07]
try =     66 -> [χ² = 4.1600e-07]
try =     67 -> [χ² = 3.4576e-07]
try =     68 -> [χ² = 3.5730e-07]
try =     69 -> [χ² = 3.4861e-07]
try =     70 -> [χ² = 2.3670e-07]
try =     71 -> [χ² = 2.7214e-07]
try =     72 -> [χ² = 3.3476e-07]
try =     73 -> [χ² = 4.9367e-07]
try =     74 -> [χ² = 4.2223e-07]
try =     75 -> [χ² = 3.4643e-07]
try =     76 -> [χ² = 1.9440e-07]
try =     77 -> [χ² = 3.2833e-07]
try =     78 -> [χ² = 2.3947e-07]
try =     79 -> [χ² = 2.7929e-07]
try =     80 -> [χ² = 1.6722e-07]
try =     81 -> [χ² = 2.4118e-07]
try =     82 -> [χ² = 2.4367e-07]
try =     83 -> [χ² = 3.9039e-07]
try =     84 -> [χ² = 3.8561e-07]
try =     85 -> [χ² = 3.1755e-07]
try =     86 -> [χ² = 2.2644e-07]
try =     87 -> [χ² = 2.4425e-07]
try =     88 -> [χ² = 3.0646e-07]
try =     89 -> [χ² = 2.4040e-07]
try =     90 -> [χ² = 2.2678e-07]
try =     91 -> [χ² = 2.2297e-07]
try =     92 -> [χ² = 2.6439e-07]
try =     93 -> [χ² = 2.3315e-07]
try =     94 -> [χ² = 2.8561e-07]
try =     95 -> [χ² = 4.4262e-07]
try =     96 -> [χ² = 2.6705e-07]
try =     97 -> [χ² = 2.6959e-07]
try =     98 -> [χ² = 2.4315e-07]
try =     99 -> [χ² = 3.4385e-07]
try =    100 -> [χ² = 2.7782e-07]
try =    101 -> [χ² = 2.9322e-07]
try =    102 -> [χ² = 2.0132e-07]
try =    103 -> [χ² = 3.0619e-07]
try =    104 -> [χ² = 2.5936e-07]
try =    105 -> [χ² = 2.9015e-07]
try =    106 -> [χ² = 2.6394e-07]
try =    107 -> [χ² = 3.4702e-07]
try =    108 -> [χ² = 3.4610e-07]
try =    109 -> [χ² = 1.9938e-07]
try =    110 -> [χ² = 3.3199e-07]
try =    111 -> [χ² = 3.1472e-07]
try =    112 -> [χ² = 3.5750e-07]
try =    113 -> [χ² = 2.0630e-07]
try =    114 -> [χ² = 1.5286e-07]
try =    115 -> [χ² = 2.5238e-07]
try =    116 -> [χ² = 1.6605e-07]
try =    117 -> [χ² = 2.3421e-07]
try =    118 -> [χ² = 3.3350e-07]
try =    119 -> [χ² = 2.0472e-07]
try =    120 -> [χ² = 3.7738e-07]
try =    121 -> [χ² = 2.6379e-07]
try =    122 -> [χ² = 2.2515e-07]
try =    123 -> [χ² = 3.0728e-07]
try =    124 -> [χ² = 3.1144e-07]
try =    125 -> [χ² = 2.2214e-07]
try =    126 -> [χ² = 2.8274e-07]
try =    127 -> [χ² = 3.1474e-07]
try =    128 -> [χ² = 2.9251e-07]
try =    129 -> [χ² = 3.7187e-07]
try =    130 -> [χ² = 2.2667e-07]
try =    131 -> [χ² = 3.1018e-07]
try =    132 -> [χ² = 2.5455e-07]
try =    133 -> [χ² = 3.7452e-07]
try =    134 -> [χ² = 3.7100e-07]
try =    135 -> [χ² = 2.6200e-07]
try =    136 -> [χ² = 1.1053e-07]
try =    137 -> [χ² = 2.8769e-07]
try =    138 -> [χ² = 3.3727e-07]
try =    139 -> [χ² = 2.1501e-07]
try =    140 -> [χ² = 2.0100e-07]
try =    141 -> [χ² = 2.9500e-07]
try =    142 -> [χ² = 2.8909e-07]
try =    143 -> [χ² = 3.0997e-07]
try =    144 -> [χ² = 2.5864e-07]
try =    145 -> [χ² = 2.5886e-07]
try =    146 -> [χ² = 3.1965e-07]
try =    147 -> [χ² = 2.6335e-07]
try =    148 -> [χ² = 3.1832e-07]
try =    149 -> [χ² = 2.7600e-07]
try =    150 -> [χ² = 2.8726e-07]
try =    151 -> [χ² = 3.5008e-07]
try =    152 -> [χ² = 2.8489e-07]
try =    153 -> [χ² = 2.2745e-07]
try =    154 -> [χ² = 2.5460e-07]
try =    155 -> [χ² = 2.6533e-07]
try =    156 -> [χ² = 2.3033e-07]
try =    157 -> [χ² = 2.5556e-07]
try =    158 -> [χ² = 2.2166e-07]
try =    159 -> [χ² = 2.1196e-07]
try =    160 -> [χ² = 3.1272e-07]
try =    161 -> [χ² = 2.5939e-07]
try =    162 -> [χ² = 2.4622e-07]
try =    163 -> [χ² = 4.3185e-07]
try =    164 -> [χ² = 3.0305e-07]
try =    165 -> [χ² = 2.9172e-07]
try =    166 -> [χ² = 2.7246e-07]
try =    167 -> [χ² = 2.6539e-07]
try =    168 -> [χ² = 2.7966e-07]
try =    169 -> [χ² = 2.9640e-07]
try =    170 -> [χ² = 2.5479e-07]
try =    171 -> [χ² = 2.2661e-07]
try =    172 -> [χ² = 2.3724e-07]
try =    173 -> [χ² = 2.5489e-07]
try =    174 -> [χ² = 3.0676e-07]
try =    175 -> [χ² = 4.7054e-07]
try =    176 -> [χ² = 2.5611e-07]
try =    177 -> [χ² = 3.0367e-07]
try =    178 -> [χ² = 2.3111e-07]
try =    179 -> [χ² = 3.3327e-07]
try =    180 -> [χ² = 2.5676e-07]
try =    181 -> [χ² = 1.5675e-07]
try =    182 -> [χ² = 2.3512e-07]
try =    183 -> [χ² = 2.9665e-07]
try =    184 -> [χ² = 2.3605e-07]
try =    185 -> [χ² = 2.7741e-07]
try =    186 -> [χ² = 2.2967e-07]
try =    187 -> [χ² = 3.4366e-07]
try =    188 -> [χ² = 4.2053e-07]
try =    189 -> [χ² = 3.9663e-07]
try =    190 -> [χ² = 3.1263e-07]
try =    191 -> [χ² = 3.3621e-07]
try =    192 -> [χ² = 1.8633e-07]
try =    193 -> [χ² = 4.1159e-07]
try =    194 -> [χ² = 2.9212e-07]
try =    195 -> [χ² = 2.5441e-07]
try =    196 -> [χ² = 2.3303e-07]
try =    197 -> [χ² = 2.7456e-07]
try =    198 -> [χ² = 2.0403e-07]
try =    199 -> [χ² = 4.5532e-07]
try =    200 -> [χ² = 3.9344e-07]
Mean value of χ²: 2.845452297810865e-7
Median value of χ²: 2.7686303676996084e-7
Accumulate 43 solutions to get the spectral density
The analytical continuation problem is solved successfully.
