[0;31;49m╔═╗╔═╗╔═╗[0m[0;35;49m┬  ┌─┐┬ ┬[0m
[0;32;49m╠═╣║  ╠╣ [0m[0;35;49m│  │ ││││[0m
[0;34;49m╩ ╩╚═╝╚  [0m[0;35;49m┴─┘└─┘└┴┘[0m
[0;30;49mA Modern Toolkit for Analytical Continuation Problems
[0m[0;30;49mPackage: [0m[0;35;49mACFlow
[0m[0;30;49mVersion: [0m[0;35;49m1.3.6-devel.230129
[0m[0;30;49mRelease: [0m[0;35;49m2023/01
[0m
[ Overview ]
Time : 2023-01-29 / 17:30:37
Para : Using 1 processor (myid = 1)
Dirs : /Users/lihuang/Working/devel/acflow/test/Y09/t02
Task : ac.toml

[ StochPX ]
Create infrastructure for Monte Carlo sampling
Randomize Monte Carlo configurations
Postprocess input data: 10 points
Build grid for input data: 10 points
Build mesh for spectrum: 501 points
Start thermalization...
Start stochastic sampling...
try =      1 -> [χ² = 5.4511e-07]
try =      2 -> [χ² = 2.9665e-07]
try =      3 -> [χ² = 3.2293e-07]
try =      4 -> [χ² = 3.5035e-07]
try =      5 -> [χ² = 3.0222e-07]
try =      6 -> [χ² = 2.6788e-07]
try =      7 -> [χ² = 3.1171e-07]
try =      8 -> [χ² = 3.0936e-07]
try =      9 -> [χ² = 3.1348e-07]
try =     10 -> [χ² = 3.7492e-07]
try =     11 -> [χ² = 3.8674e-07]
try =     12 -> [χ² = 2.9062e-07]
try =     13 -> [χ² = 3.7056e-07]
try =     14 -> [χ² = 5.3602e-07]
try =     15 -> [χ² = 2.8313e-07]
try =     16 -> [χ² = 2.4684e-07]
try =     17 -> [χ² = 5.0452e-07]
try =     18 -> [χ² = 3.0070e-07]
try =     19 -> [χ² = 4.6786e-07]
try =     20 -> [χ² = 4.5188e-07]
try =     21 -> [χ² = 2.2329e-07]
try =     22 -> [χ² = 3.8161e-07]
try =     23 -> [χ² = 4.3460e-07]
try =     24 -> [χ² = 3.7029e-07]
try =     25 -> [χ² = 2.9099e-07]
try =     26 -> [χ² = 2.8653e-07]
try =     27 -> [χ² = 4.2796e-07]
try =     28 -> [χ² = 5.5206e-07]
try =     29 -> [χ² = 3.3785e-07]
try =     30 -> [χ² = 4.8657e-07]
try =     31 -> [χ² = 3.0313e-07]
try =     32 -> [χ² = 2.5223e-07]
try =     33 -> [χ² = 4.5908e-07]
try =     34 -> [χ² = 3.3879e-07]
try =     35 -> [χ² = 2.8832e-07]
try =     36 -> [χ² = 5.1001e-07]
try =     37 -> [χ² = 3.6919e-07]
try =     38 -> [χ² = 5.8417e-07]
try =     39 -> [χ² = 4.2018e-07]
try =     40 -> [χ² = 3.2348e-07]
try =     41 -> [χ² = 2.6760e-07]
try =     42 -> [χ² = 3.4588e-07]
try =     43 -> [χ² = 2.8909e-07]
try =     44 -> [χ² = 3.9281e-07]
try =     45 -> [χ² = 3.0363e-07]
try =     46 -> [χ² = 4.7371e-07]
try =     47 -> [χ² = 3.3920e-07]
try =     48 -> [χ² = 3.7154e-07]
try =     49 -> [χ² = 3.0631e-07]
try =     50 -> [χ² = 3.4018e-07]
try =     51 -> [χ² = 3.6855e-07]
try =     52 -> [χ² = 2.9091e-07]
try =     53 -> [χ² = 4.8520e-07]
try =     54 -> [χ² = 2.2828e-07]
try =     55 -> [χ² = 3.1158e-07]
try =     56 -> [χ² = 2.5927e-07]
try =     57 -> [χ² = 2.6200e-07]
try =     58 -> [χ² = 3.3574e-07]
try =     59 -> [χ² = 4.7665e-07]
try =     60 -> [χ² = 3.5949e-07]
try =     61 -> [χ² = 3.3156e-07]
try =     62 -> [χ² = 3.5653e-07]
try =     63 -> [χ² = 1.9018e-07]
try =     64 -> [χ² = 2.5748e-07]
try =     65 -> [χ² = 4.0051e-07]
try =     66 -> [χ² = 2.6304e-07]
try =     67 -> [χ² = 3.7172e-07]
try =     68 -> [χ² = 5.2092e-07]
try =     69 -> [χ² = 4.9322e-07]
try =     70 -> [χ² = 3.5464e-07]
try =     71 -> [χ² = 3.6766e-07]
try =     72 -> [χ² = 3.9796e-07]
try =     73 -> [χ² = 4.8117e-07]
try =     74 -> [χ² = 3.2535e-07]
try =     75 -> [χ² = 4.4448e-07]
try =     76 -> [χ² = 4.7872e-07]
try =     77 -> [χ² = 4.3840e-07]
try =     78 -> [χ² = 3.5794e-07]
try =     79 -> [χ² = 3.6849e-07]
try =     80 -> [χ² = 3.1902e-07]
try =     81 -> [χ² = 4.6390e-07]
try =     82 -> [χ² = 4.6487e-07]
try =     83 -> [χ² = 2.9217e-07]
try =     84 -> [χ² = 3.1805e-07]
try =     85 -> [χ² = 3.5851e-07]
try =     86 -> [χ² = 3.7560e-07]
try =     87 -> [χ² = 2.3490e-07]
try =     88 -> [χ² = 3.5868e-07]
try =     89 -> [χ² = 4.0510e-07]
try =     90 -> [χ² = 3.0624e-07]
try =     91 -> [χ² = 4.0557e-07]
try =     92 -> [χ² = 5.0872e-07]
try =     93 -> [χ² = 4.8682e-07]
try =     94 -> [χ² = 3.1960e-07]
try =     95 -> [χ² = 3.3472e-07]
try =     96 -> [χ² = 4.4821e-07]
try =     97 -> [χ² = 4.1710e-07]
try =     98 -> [χ² = 4.1986e-07]
try =     99 -> [χ² = 4.4447e-07]
try =    100 -> [χ² = 4.7090e-07]
try =    101 -> [χ² = 5.8634e-07]
try =    102 -> [χ² = 3.8415e-07]
try =    103 -> [χ² = 2.9376e-07]
try =    104 -> [χ² = 4.1506e-07]
try =    105 -> [χ² = 4.6984e-07]
try =    106 -> [χ² = 3.6489e-07]
try =    107 -> [χ² = 3.5879e-07]
try =    108 -> [χ² = 3.9512e-07]
try =    109 -> [χ² = 4.0441e-07]
try =    110 -> [χ² = 3.1208e-07]
try =    111 -> [χ² = 4.1041e-07]
try =    112 -> [χ² = 3.3917e-07]
try =    113 -> [χ² = 4.6599e-07]
try =    114 -> [χ² = 3.8877e-07]
try =    115 -> [χ² = 3.7945e-07]
try =    116 -> [χ² = 4.2506e-07]
try =    117 -> [χ² = 4.4792e-07]
try =    118 -> [χ² = 4.1308e-07]
try =    119 -> [χ² = 3.1819e-07]
try =    120 -> [χ² = 3.1090e-07]
try =    121 -> [χ² = 3.5936e-07]
try =    122 -> [χ² = 4.4441e-07]
try =    123 -> [χ² = 4.5086e-07]
try =    124 -> [χ² = 3.3620e-07]
try =    125 -> [χ² = 3.5568e-07]
try =    126 -> [χ² = 2.8559e-07]
try =    127 -> [χ² = 3.7632e-07]
try =    128 -> [χ² = 3.8557e-07]
try =    129 -> [χ² = 3.7674e-07]
try =    130 -> [χ² = 5.1739e-07]
try =    131 -> [χ² = 3.6899e-07]
try =    132 -> [χ² = 2.7312e-07]
try =    133 -> [χ² = 3.6423e-07]
try =    134 -> [χ² = 3.3744e-07]
try =    135 -> [χ² = 6.2533e-07]
try =    136 -> [χ² = 3.3673e-07]
try =    137 -> [χ² = 4.5648e-07]
try =    138 -> [χ² = 3.7666e-07]
try =    139 -> [χ² = 4.0472e-07]
try =    140 -> [χ² = 3.7560e-07]
try =    141 -> [χ² = 3.9859e-07]
try =    142 -> [χ² = 3.3489e-07]
try =    143 -> [χ² = 3.5903e-07]
try =    144 -> [χ² = 4.0619e-07]
try =    145 -> [χ² = 3.7509e-07]
try =    146 -> [χ² = 3.7380e-07]
try =    147 -> [χ² = 4.2562e-07]
try =    148 -> [χ² = 4.0023e-07]
try =    149 -> [χ² = 4.1319e-07]
try =    150 -> [χ² = 4.4192e-07]
try =    151 -> [χ² = 4.8636e-07]
try =    152 -> [χ² = 3.2678e-07]
try =    153 -> [χ² = 3.1727e-07]
try =    154 -> [χ² = 4.8230e-07]
try =    155 -> [χ² = 3.8331e-07]
try =    156 -> [χ² = 3.4456e-07]
try =    157 -> [χ² = 3.3857e-07]
try =    158 -> [χ² = 4.3217e-07]
try =    159 -> [χ² = 3.7064e-07]
try =    160 -> [χ² = 2.5252e-07]
try =    161 -> [χ² = 4.0018e-07]
try =    162 -> [χ² = 4.5598e-07]
try =    163 -> [χ² = 4.4166e-07]
try =    164 -> [χ² = 3.9161e-07]
try =    165 -> [χ² = 3.2241e-07]
try =    166 -> [χ² = 3.2548e-07]
try =    167 -> [χ² = 5.8563e-07]
try =    168 -> [χ² = 2.6149e-07]
try =    169 -> [χ² = 3.2739e-07]
try =    170 -> [χ² = 3.8999e-07]
try =    171 -> [χ² = 4.3957e-07]
try =    172 -> [χ² = 3.7149e-07]
try =    173 -> [χ² = 3.3383e-07]
try =    174 -> [χ² = 3.2877e-07]
try =    175 -> [χ² = 3.3596e-07]
try =    176 -> [χ² = 3.1784e-07]
try =    177 -> [χ² = 4.0511e-07]
try =    178 -> [χ² = 5.2237e-07]
try =    179 -> [χ² = 3.1835e-07]
try =    180 -> [χ² = 3.1793e-07]
try =    181 -> [χ² = 4.0257e-07]
try =    182 -> [χ² = 3.1609e-07]
try =    183 -> [χ² = 3.7098e-07]
try =    184 -> [χ² = 3.9047e-07]
try =    185 -> [χ² = 3.0719e-07]
try =    186 -> [χ² = 3.4937e-07]
try =    187 -> [χ² = 3.3223e-07]
try =    188 -> [χ² = 4.2061e-07]
try =    189 -> [χ² = 4.8821e-07]
try =    190 -> [χ² = 5.1429e-07]
try =    191 -> [χ² = 3.7124e-07]
try =    192 -> [χ² = 3.5748e-07]
try =    193 -> [χ² = 3.3260e-07]
try =    194 -> [χ² = 2.3661e-07]
try =    195 -> [χ² = 5.6773e-07]
try =    196 -> [χ² = 6.4002e-07]
try =    197 -> [χ² = 4.4883e-07]
try =    198 -> [χ² = 4.0440e-07]
try =    199 -> [χ² = 3.6912e-07]
try =    200 -> [χ² = 4.8435e-07]
Mean value of χ²: 3.8042838959878814e-7
Median value of χ²: 3.708142811827678e-7
Accumulate 34 solutions to get the spectral density
The analytical continuation problem is solved successfully.
