[0;31;49m╔═╗╔═╗╔═╗[0m[0;35;49m┬  ┌─┐┬ ┬[0m
[0;32;49m╠═╣║  ╠╣ [0m[0;35;49m│  │ ││││[0m
[0;34;49m╩ ╩╚═╝╚  [0m[0;35;49m┴─┘└─┘└┴┘[0m
[0;30;49mA Modern Toolkit for Analytical Continuation Problems
[0m[0;30;49mPackage: [0m[0;35;49mACFlow
[0m[0;30;49mVersion: [0m[0;35;49m1.3.5-devel.230127
[0m[0;30;49mRelease: [0m[0;35;49m2023/01
[0m
[ Overview ]
Time : 2023-01-29 / 13:42:13
Para : Using 1 processor (myid = 1)
Dirs : /Users/lihuang/Working/devel/acflow/test/Y09/t30
Task : ac.toml

[ StochPX ]
Create infrastructure for Monte Carlo sampling
Randomize Monte Carlo configurations
Postprocess input data: 10 points
Build grid for input data: 10 points
Build mesh for spectrum: 501 points
Start thermalization...
Start stochastic sampling...
try =      1 -> [χ² = 9.6250e-08]
try =      2 -> [χ² = 9.4994e-08]
try =      3 -> [χ² = 9.4729e-08]
try =      4 -> [χ² = 9.4779e-08]
try =      5 -> [χ² = 9.2857e-08]
try =      6 -> [χ² = 9.5276e-08]
try =      7 -> [χ² = 9.2280e-08]
try =      8 -> [χ² = 9.9902e-08]
try =      9 -> [χ² = 9.5853e-08]
try =     10 -> [χ² = 9.7468e-08]
try =     11 -> [χ² = 9.5339e-08]
try =     12 -> [χ² = 9.8190e-08]
try =     13 -> [χ² = 9.2798e-08]
try =     14 -> [χ² = 9.3933e-08]
try =     15 -> [χ² = 9.6436e-08]
try =     16 -> [χ² = 9.2695e-08]
try =     17 -> [χ² = 9.4979e-08]
try =     18 -> [χ² = 9.3956e-08]
try =     19 -> [χ² = 9.3312e-08]
try =     20 -> [χ² = 9.4875e-08]
try =     21 -> [χ² = 9.7273e-08]
try =     22 -> [χ² = 9.5191e-08]
try =     23 -> [χ² = 9.4533e-08]
try =     24 -> [χ² = 9.4696e-08]
try =     25 -> [χ² = 9.4998e-08]
try =     26 -> [χ² = 9.2513e-08]
try =     27 -> [χ² = 1.0163e-07]
try =     28 -> [χ² = 9.2569e-08]
try =     29 -> [χ² = 9.3008e-08]
try =     30 -> [χ² = 9.3979e-08]
try =     31 -> [χ² = 9.7084e-08]
try =     32 -> [χ² = 9.8569e-08]
try =     33 -> [χ² = 9.7003e-08]
try =     34 -> [χ² = 9.9843e-08]
try =     35 -> [χ² = 9.3118e-08]
try =     36 -> [χ² = 9.4087e-08]
try =     37 -> [χ² = 1.0283e-07]
try =     38 -> [χ² = 9.2605e-08]
try =     39 -> [χ² = 9.6996e-08]
try =     40 -> [χ² = 9.6386e-08]
try =     41 -> [χ² = 9.4982e-08]
try =     42 -> [χ² = 9.6323e-08]
try =     43 -> [χ² = 9.5731e-08]
try =     44 -> [χ² = 1.0064e-07]
try =     45 -> [χ² = 9.3042e-08]
try =     46 -> [χ² = 9.6669e-08]
try =     47 -> [χ² = 9.2641e-08]
try =     48 -> [χ² = 9.4393e-08]
try =     49 -> [χ² = 9.8234e-08]
try =     50 -> [χ² = 9.7500e-08]
try =     51 -> [χ² = 9.3952e-08]
try =     52 -> [χ² = 9.5191e-08]
try =     53 -> [χ² = 9.4160e-08]
try =     54 -> [χ² = 9.5014e-08]
try =     55 -> [χ² = 9.5435e-08]
try =     56 -> [χ² = 9.3170e-08]
try =     57 -> [χ² = 9.3368e-08]
try =     58 -> [χ² = 9.5510e-08]
try =     59 -> [χ² = 9.7971e-08]
try =     60 -> [χ² = 9.5777e-08]
try =     61 -> [χ² = 9.6926e-08]
try =     62 -> [χ² = 9.3223e-08]
try =     63 -> [χ² = 9.5492e-08]
try =     64 -> [χ² = 9.3963e-08]
try =     65 -> [χ² = 9.8401e-08]
try =     66 -> [χ² = 9.4120e-08]
try =     67 -> [χ² = 9.7046e-08]
try =     68 -> [χ² = 9.4519e-08]
try =     69 -> [χ² = 9.3836e-08]
try =     70 -> [χ² = 9.8997e-08]
try =     71 -> [χ² = 1.1449e-07]
try =     72 -> [χ² = 9.5178e-08]
try =     73 -> [χ² = 9.1892e-08]
try =     74 -> [χ² = 9.2492e-08]
try =     75 -> [χ² = 9.4588e-08]
try =     76 -> [χ² = 9.6995e-08]
try =     77 -> [χ² = 9.6412e-08]
try =     78 -> [χ² = 9.7467e-08]
try =     79 -> [χ² = 9.5333e-08]
try =     80 -> [χ² = 9.4308e-08]
try =     81 -> [χ² = 9.3422e-08]
try =     82 -> [χ² = 9.5106e-08]
try =     83 -> [χ² = 9.5272e-08]
try =     84 -> [χ² = 9.5900e-08]
try =     85 -> [χ² = 9.6401e-08]
try =     86 -> [χ² = 9.6408e-08]
try =     87 -> [χ² = 9.4618e-08]
try =     88 -> [χ² = 9.2441e-08]
try =     89 -> [χ² = 9.5346e-08]
try =     90 -> [χ² = 9.5242e-08]
try =     91 -> [χ² = 9.7263e-08]
try =     92 -> [χ² = 9.5689e-08]
try =     93 -> [χ² = 9.5186e-08]
try =     94 -> [χ² = 9.7905e-08]
try =     95 -> [χ² = 9.4488e-08]
try =     96 -> [χ² = 9.9490e-08]
try =     97 -> [χ² = 9.3908e-08]
try =     98 -> [χ² = 9.6428e-08]
try =     99 -> [χ² = 9.7125e-08]
try =    100 -> [χ² = 9.4554e-08]
try =    101 -> [χ² = 9.5151e-08]
try =    102 -> [χ² = 1.0495e-07]
try =    103 -> [χ² = 9.4358e-08]
try =    104 -> [χ² = 9.4752e-08]
try =    105 -> [χ² = 9.3190e-08]
try =    106 -> [χ² = 9.6571e-08]
try =    107 -> [χ² = 9.5010e-08]
try =    108 -> [χ² = 9.2794e-08]
try =    109 -> [χ² = 9.7776e-08]
try =    110 -> [χ² = 9.4436e-08]
try =    111 -> [χ² = 9.4459e-08]
try =    112 -> [χ² = 9.3846e-08]
try =    113 -> [χ² = 9.6260e-08]
try =    114 -> [χ² = 9.5410e-08]
try =    115 -> [χ² = 9.3094e-08]
try =    116 -> [χ² = 9.4216e-08]
try =    117 -> [χ² = 9.4800e-08]
try =    118 -> [χ² = 9.5774e-08]
try =    119 -> [χ² = 9.2958e-08]
try =    120 -> [χ² = 9.3956e-08]
try =    121 -> [χ² = 9.2538e-08]
try =    122 -> [χ² = 9.4229e-08]
try =    123 -> [χ² = 9.5732e-08]
try =    124 -> [χ² = 9.5186e-08]
try =    125 -> [χ² = 9.4145e-08]
try =    126 -> [χ² = 9.7229e-08]
try =    127 -> [χ² = 9.3286e-08]
try =    128 -> [χ² = 9.4873e-08]
try =    129 -> [χ² = 9.0778e-08]
try =    130 -> [χ² = 9.3874e-08]
try =    131 -> [χ² = 9.5574e-08]
try =    132 -> [χ² = 9.4315e-08]
try =    133 -> [χ² = 9.6043e-08]
try =    134 -> [χ² = 1.0242e-07]
try =    135 -> [χ² = 9.3117e-08]
try =    136 -> [χ² = 9.2134e-08]
try =    137 -> [χ² = 9.5074e-08]
try =    138 -> [χ² = 9.4470e-08]
try =    139 -> [χ² = 9.4070e-08]
try =    140 -> [χ² = 9.5345e-08]
try =    141 -> [χ² = 9.6374e-08]
try =    142 -> [χ² = 9.6019e-08]
try =    143 -> [χ² = 9.2680e-08]
try =    144 -> [χ² = 9.6131e-08]
try =    145 -> [χ² = 9.5825e-08]
try =    146 -> [χ² = 9.2472e-08]
try =    147 -> [χ² = 9.5327e-08]
try =    148 -> [χ² = 9.4324e-08]
try =    149 -> [χ² = 9.3740e-08]
try =    150 -> [χ² = 9.8751e-08]
try =    151 -> [χ² = 9.4707e-08]
try =    152 -> [χ² = 9.2307e-08]
try =    153 -> [χ² = 9.9017e-08]
try =    154 -> [χ² = 1.0813e-07]
try =    155 -> [χ² = 9.3654e-08]
try =    156 -> [χ² = 9.5584e-08]
try =    157 -> [χ² = 9.7305e-08]
try =    158 -> [χ² = 9.7047e-08]
try =    159 -> [χ² = 9.4562e-08]
try =    160 -> [χ² = 9.3978e-08]
try =    161 -> [χ² = 9.9630e-08]
try =    162 -> [χ² = 9.6151e-08]
try =    163 -> [χ² = 9.3315e-08]
try =    164 -> [χ² = 9.3639e-08]
try =    165 -> [χ² = 9.4132e-08]
try =    166 -> [χ² = 9.5113e-08]
try =    167 -> [χ² = 9.3453e-08]
try =    168 -> [χ² = 9.6842e-08]
try =    169 -> [χ² = 9.4483e-08]
try =    170 -> [χ² = 9.2632e-08]
try =    171 -> [χ² = 9.2702e-08]
try =    172 -> [χ² = 9.6604e-08]
try =    173 -> [χ² = 9.4099e-08]
try =    174 -> [χ² = 9.2398e-08]
try =    175 -> [χ² = 9.3128e-08]
try =    176 -> [χ² = 1.0297e-07]
try =    177 -> [χ² = 9.1290e-08]
try =    178 -> [χ² = 9.3211e-08]
try =    179 -> [χ² = 9.5203e-08]
try =    180 -> [χ² = 9.2548e-08]
try =    181 -> [χ² = 9.3113e-08]
try =    182 -> [χ² = 9.3776e-08]
try =    183 -> [χ² = 9.2336e-08]
try =    184 -> [χ² = 9.4275e-08]
try =    185 -> [χ² = 9.4099e-08]
try =    186 -> [χ² = 9.4756e-08]
try =    187 -> [χ² = 9.6494e-08]
try =    188 -> [χ² = 9.5598e-08]
try =    189 -> [χ² = 9.6271e-08]
try =    190 -> [χ² = 9.6291e-08]
try =    191 -> [χ² = 9.2889e-08]
try =    192 -> [χ² = 9.6227e-08]
try =    193 -> [χ² = 9.2689e-08]
try =    194 -> [χ² = 9.4877e-08]
try =    195 -> [χ² = 9.7241e-08]
try =    196 -> [χ² = 9.4005e-08]
try =    197 -> [χ² = 9.4827e-08]
try =    198 -> [χ² = 9.5121e-08]
try =    199 -> [χ² = 9.4788e-08]
try =    200 -> [χ² = 9.3016e-08]
Mean value of χ²: 9.534877865625082e-8
Median value of χ²: 9.492794833719442e-8
Accumulate 100 solutions to get the spectral density
The analytical continuation problem is solved successfully.
