[0;31;49m╔═╗╔═╗╔═╗[0m[0;35;49m┬  ┌─┐┬ ┬[0m
[0;32;49m╠═╣║  ╠╣ [0m[0;35;49m│  │ ││││[0m
[0;34;49m╩ ╩╚═╝╚  [0m[0;35;49m┴─┘└─┘└┴┘[0m
[0;30;49mA Modern Toolkit for Analytical Continuation Problems
[0m[0;30;49mPackage: [0m[0;35;49mACFlow
[0m[0;30;49mVersion: [0m[0;35;49m1.3.5-devel.230127
[0m[0;30;49mRelease: [0m[0;35;49m2023/01
[0m
[ Overview ]
Time : 2023-01-29 / 13:42:00
Para : Using 1 processor (myid = 1)
Dirs : /Users/lihuang/Working/devel/acflow/test/Y09/t28
Task : ac.toml

[ StochPX ]
Create infrastructure for Monte Carlo sampling
Randomize Monte Carlo configurations
Postprocess input data: 10 points
Build grid for input data: 10 points
Build mesh for spectrum: 501 points
Start thermalization...
Start stochastic sampling...
try =      1 -> [χ² = 1.3669e-07]
try =      2 -> [χ² = 1.1184e-07]
try =      3 -> [χ² = 1.1448e-07]
try =      4 -> [χ² = 1.1487e-07]
try =      5 -> [χ² = 1.0625e-07]
try =      6 -> [χ² = 1.2186e-07]
try =      7 -> [χ² = 1.1294e-07]
try =      8 -> [χ² = 1.1788e-07]
try =      9 -> [χ² = 1.2509e-07]
try =     10 -> [χ² = 1.2988e-07]
try =     11 -> [χ² = 1.2552e-07]
try =     12 -> [χ² = 1.2056e-07]
try =     13 -> [χ² = 1.2396e-07]
try =     14 -> [χ² = 1.4619e-07]
try =     15 -> [χ² = 1.4351e-07]
try =     16 -> [χ² = 1.0762e-07]
try =     17 -> [χ² = 1.2232e-07]
try =     18 -> [χ² = 1.1659e-07]
try =     19 -> [χ² = 1.4402e-07]
try =     20 -> [χ² = 1.2649e-07]
try =     21 -> [χ² = 1.1717e-07]
try =     22 -> [χ² = 1.1702e-07]
try =     23 -> [χ² = 1.2895e-07]
try =     24 -> [χ² = 1.2445e-07]
try =     25 -> [χ² = 1.3201e-07]
try =     26 -> [χ² = 1.2299e-07]
try =     27 -> [χ² = 1.3902e-07]
try =     28 -> [χ² = 1.3294e-07]
try =     29 -> [χ² = 1.3415e-07]
try =     30 -> [χ² = 1.2704e-07]
try =     31 -> [χ² = 1.2713e-07]
try =     32 -> [χ² = 1.2663e-07]
try =     33 -> [χ² = 1.5149e-07]
try =     34 -> [χ² = 1.3539e-07]
try =     35 -> [χ² = 1.2350e-07]
try =     36 -> [χ² = 1.4571e-07]
try =     37 -> [χ² = 1.1588e-07]
try =     38 -> [χ² = 1.2425e-07]
try =     39 -> [χ² = 1.2602e-07]
try =     40 -> [χ² = 1.1477e-07]
try =     41 -> [χ² = 1.1290e-07]
try =     42 -> [χ² = 1.3770e-07]
try =     43 -> [χ² = 1.4573e-07]
try =     44 -> [χ² = 1.3631e-07]
try =     45 -> [χ² = 1.3984e-07]
try =     46 -> [χ² = 1.7939e-07]
try =     47 -> [χ² = 1.1981e-07]
try =     48 -> [χ² = 1.2154e-07]
try =     49 -> [χ² = 1.3597e-07]
try =     50 -> [χ² = 1.2869e-07]
try =     51 -> [χ² = 1.2888e-07]
try =     52 -> [χ² = 1.3700e-07]
try =     53 -> [χ² = 1.3485e-07]
try =     54 -> [χ² = 1.1586e-07]
try =     55 -> [χ² = 1.2139e-07]
try =     56 -> [χ² = 1.1211e-07]
try =     57 -> [χ² = 1.1801e-07]
try =     58 -> [χ² = 1.3722e-07]
try =     59 -> [χ² = 1.1723e-07]
try =     60 -> [χ² = 1.2690e-07]
try =     61 -> [χ² = 1.2524e-07]
try =     62 -> [χ² = 1.0760e-07]
try =     63 -> [χ² = 1.3366e-07]
try =     64 -> [χ² = 1.3544e-07]
try =     65 -> [χ² = 1.6714e-07]
try =     66 -> [χ² = 1.0389e-07]
try =     67 -> [χ² = 1.1862e-07]
try =     68 -> [χ² = 1.2359e-07]
try =     69 -> [χ² = 1.2491e-07]
try =     70 -> [χ² = 1.2187e-07]
try =     71 -> [χ² = 1.2787e-07]
try =     72 -> [χ² = 1.2347e-07]
try =     73 -> [χ² = 1.3014e-07]
try =     74 -> [χ² = 1.1531e-07]
try =     75 -> [χ² = 1.2873e-07]
try =     76 -> [χ² = 1.1843e-07]
try =     77 -> [χ² = 1.2275e-07]
try =     78 -> [χ² = 1.1979e-07]
try =     79 -> [χ² = 1.2416e-07]
try =     80 -> [χ² = 1.0735e-07]
try =     81 -> [χ² = 1.1319e-07]
try =     82 -> [χ² = 1.1890e-07]
try =     83 -> [χ² = 1.3354e-07]
try =     84 -> [χ² = 1.4648e-07]
try =     85 -> [χ² = 1.5177e-07]
try =     86 -> [χ² = 1.3290e-07]
try =     87 -> [χ² = 1.3145e-07]
try =     88 -> [χ² = 1.1570e-07]
try =     89 -> [χ² = 1.1498e-07]
try =     90 -> [χ² = 1.2912e-07]
try =     91 -> [χ² = 1.3606e-07]
try =     92 -> [χ² = 1.4037e-07]
try =     93 -> [χ² = 1.3108e-07]
try =     94 -> [χ² = 1.4186e-07]
try =     95 -> [χ² = 1.1099e-07]
try =     96 -> [χ² = 1.2280e-07]
try =     97 -> [χ² = 1.3510e-07]
try =     98 -> [χ² = 1.2887e-07]
try =     99 -> [χ² = 1.1796e-07]
try =    100 -> [χ² = 1.4747e-07]
try =    101 -> [χ² = 1.3178e-07]
try =    102 -> [χ² = 1.2358e-07]
try =    103 -> [χ² = 1.2751e-07]
try =    104 -> [χ² = 1.2161e-07]
try =    105 -> [χ² = 1.2185e-07]
try =    106 -> [χ² = 1.2782e-07]
try =    107 -> [χ² = 1.1856e-07]
try =    108 -> [χ² = 1.2406e-07]
try =    109 -> [χ² = 1.2306e-07]
try =    110 -> [χ² = 1.5929e-07]
try =    111 -> [χ² = 1.5382e-07]
try =    112 -> [χ² = 1.2215e-07]
try =    113 -> [χ² = 1.5852e-07]
try =    114 -> [χ² = 1.0756e-07]
try =    115 -> [χ² = 1.1229e-07]
try =    116 -> [χ² = 1.4713e-07]
try =    117 -> [χ² = 1.1141e-07]
try =    118 -> [χ² = 1.0946e-07]
try =    119 -> [χ² = 1.2395e-07]
try =    120 -> [χ² = 1.1363e-07]
try =    121 -> [χ² = 1.1865e-07]
try =    122 -> [χ² = 1.3067e-07]
try =    123 -> [χ² = 1.1342e-07]
try =    124 -> [χ² = 1.1751e-07]
try =    125 -> [χ² = 1.0802e-07]
try =    126 -> [χ² = 1.3542e-07]
try =    127 -> [χ² = 1.3138e-07]
try =    128 -> [χ² = 1.3109e-07]
try =    129 -> [χ² = 1.3806e-07]
try =    130 -> [χ² = 1.3160e-07]
try =    131 -> [χ² = 1.3339e-07]
try =    132 -> [χ² = 1.1796e-07]
try =    133 -> [χ² = 1.3644e-07]
try =    134 -> [χ² = 1.4415e-07]
try =    135 -> [χ² = 1.2464e-07]
try =    136 -> [χ² = 1.3193e-07]
try =    137 -> [χ² = 1.1120e-07]
try =    138 -> [χ² = 1.1116e-07]
try =    139 -> [χ² = 1.3164e-07]
try =    140 -> [χ² = 1.3126e-07]
try =    141 -> [χ² = 1.1918e-07]
try =    142 -> [χ² = 1.1748e-07]
try =    143 -> [χ² = 1.1464e-07]
try =    144 -> [χ² = 1.1957e-07]
try =    145 -> [χ² = 1.1814e-07]
try =    146 -> [χ² = 1.1986e-07]
try =    147 -> [χ² = 1.3742e-07]
try =    148 -> [χ² = 1.1987e-07]
try =    149 -> [χ² = 1.2575e-07]
try =    150 -> [χ² = 1.2925e-07]
try =    151 -> [χ² = 1.1918e-07]
try =    152 -> [χ² = 1.2054e-07]
try =    153 -> [χ² = 1.2793e-07]
try =    154 -> [χ² = 1.1660e-07]
try =    155 -> [χ² = 1.1488e-07]
try =    156 -> [χ² = 1.2394e-07]
try =    157 -> [χ² = 1.2608e-07]
try =    158 -> [χ² = 1.1471e-07]
try =    159 -> [χ² = 1.1715e-07]
try =    160 -> [χ² = 1.2320e-07]
try =    161 -> [χ² = 1.2751e-07]
try =    162 -> [χ² = 1.1727e-07]
try =    163 -> [χ² = 1.3127e-07]
try =    164 -> [χ² = 1.2449e-07]
try =    165 -> [χ² = 1.2138e-07]
try =    166 -> [χ² = 1.0323e-07]
try =    167 -> [χ² = 1.4226e-07]
try =    168 -> [χ² = 1.2679e-07]
try =    169 -> [χ² = 1.1958e-07]
try =    170 -> [χ² = 1.1698e-07]
try =    171 -> [χ² = 1.2293e-07]
try =    172 -> [χ² = 1.4586e-07]
try =    173 -> [χ² = 1.3719e-07]
try =    174 -> [χ² = 1.4035e-07]
try =    175 -> [χ² = 1.3545e-07]
try =    176 -> [χ² = 1.5625e-07]
try =    177 -> [χ² = 1.2448e-07]
try =    178 -> [χ² = 1.1854e-07]
try =    179 -> [χ² = 1.2190e-07]
try =    180 -> [χ² = 1.0715e-07]
try =    181 -> [χ² = 1.4443e-07]
try =    182 -> [χ² = 1.5104e-07]
try =    183 -> [χ² = 1.2274e-07]
try =    184 -> [χ² = 1.2308e-07]
try =    185 -> [χ² = 1.1179e-07]
try =    186 -> [χ² = 1.1751e-07]
try =    187 -> [χ² = 1.2871e-07]
try =    188 -> [χ² = 1.0953e-07]
try =    189 -> [χ² = 1.6615e-07]
try =    190 -> [χ² = 1.2442e-07]
try =    191 -> [χ² = 1.2587e-07]
try =    192 -> [χ² = 1.1222e-07]
try =    193 -> [χ² = 1.1481e-07]
try =    194 -> [χ² = 1.3143e-07]
try =    195 -> [χ² = 1.0506e-07]
try =    196 -> [χ² = 1.3659e-07]
try =    197 -> [χ² = 1.1390e-07]
try =    198 -> [χ² = 1.1821e-07]
try =    199 -> [χ² = 1.1909e-07]
try =    200 -> [χ² = 1.1386e-07]
Mean value of χ²: 1.2624148539760826e-7
Median value of χ²: 1.2410851515786791e-7
Accumulate 100 solutions to get the spectral density
The analytical continuation problem is solved successfully.
