[0;31;49m╔═╗╔═╗╔═╗[0m[0;35;49m┬  ┌─┐┬ ┬[0m
[0;32;49m╠═╣║  ╠╣ [0m[0;35;49m│  │ ││││[0m
[0;34;49m╩ ╩╚═╝╚  [0m[0;35;49m┴─┘└─┘└┴┘[0m
[0;30;49mA Modern Toolkit for Analytical Continuation Problems
[0m[0;30;49mPackage: [0m[0;35;49mACFlow
[0m[0;30;49mVersion: [0m[0;35;49m1.3.6-devel.230129
[0m[0;30;49mRelease: [0m[0;35;49m2023/01
[0m
[ Overview ]
Time : 2023-01-29 / 17:31:08
Para : Using 1 processor (myid = 1)
Dirs : /Users/lihuang/Working/devel/acflow/test/Y09/t08
Task : ac.toml

[ StochPX ]
Create infrastructure for Monte Carlo sampling
Randomize Monte Carlo configurations
Postprocess input data: 10 points
Build grid for input data: 10 points
Build mesh for spectrum: 501 points
Start thermalization...
Start stochastic sampling...
try =      1 -> [χ² = 7.0151e-04]
try =      2 -> [χ² = 6.9804e-04]
try =      3 -> [χ² = 6.9737e-04]
try =      4 -> [χ² = 6.9734e-04]
try =      5 -> [χ² = 6.9647e-04]
try =      6 -> [χ² = 6.9839e-04]
try =      7 -> [χ² = 6.9696e-04]
try =      8 -> [χ² = 6.9634e-04]
try =      9 -> [χ² = 6.9603e-04]
try =     10 -> [χ² = 6.9573e-04]
try =     11 -> [χ² = 6.9564e-04]
try =     12 -> [χ² = 6.9547e-04]
try =     13 -> [χ² = 6.9611e-04]
try =     14 -> [χ² = 6.9513e-04]
try =     15 -> [χ² = 6.9630e-04]
try =     16 -> [χ² = 6.9650e-04]
try =     17 -> [χ² = 6.9560e-04]
try =     18 -> [χ² = 6.9863e-04]
try =     19 -> [χ² = 6.9827e-04]
try =     20 -> [χ² = 6.9737e-04]
try =     21 -> [χ² = 6.9551e-04]
try =     22 -> [χ² = 6.9619e-04]
try =     23 -> [χ² = 6.9684e-04]
try =     24 -> [χ² = 6.9684e-04]
try =     25 -> [χ² = 6.9683e-04]
try =     26 -> [χ² = 6.9545e-04]
try =     27 -> [χ² = 6.9580e-04]
try =     28 -> [χ² = 6.9825e-04]
try =     29 -> [χ² = 6.9638e-04]
try =     30 -> [χ² = 6.9649e-04]
try =     31 -> [χ² = 6.9623e-04]
try =     32 -> [χ² = 6.9691e-04]
try =     33 -> [χ² = 6.9947e-04]
try =     34 -> [χ² = 6.9837e-04]
try =     35 -> [χ² = 6.9689e-04]
try =     36 -> [χ² = 6.9584e-04]
try =     37 -> [χ² = 7.2821e-04]
try =     38 -> [χ² = 6.9890e-04]
try =     39 -> [χ² = 6.9720e-04]
try =     40 -> [χ² = 6.9830e-04]
try =     41 -> [χ² = 6.9721e-04]
try =     42 -> [χ² = 6.9645e-04]
try =     43 -> [χ² = 6.9735e-04]
try =     44 -> [χ² = 6.9655e-04]
try =     45 -> [χ² = 6.9667e-04]
try =     46 -> [χ² = 6.9687e-04]
try =     47 -> [χ² = 6.9666e-04]
try =     48 -> [χ² = 6.9626e-04]
try =     49 -> [χ² = 6.9564e-04]
try =     50 -> [χ² = 6.9813e-04]
try =     51 -> [χ² = 6.9762e-04]
try =     52 -> [χ² = 6.9724e-04]
try =     53 -> [χ² = 6.9623e-04]
try =     54 -> [χ² = 6.9618e-04]
try =     55 -> [χ² = 6.9654e-04]
try =     56 -> [χ² = 6.9673e-04]
try =     57 -> [χ² = 6.9783e-04]
try =     58 -> [χ² = 6.9589e-04]
try =     59 -> [χ² = 6.9651e-04]
try =     60 -> [χ² = 6.9741e-04]
try =     61 -> [χ² = 6.9644e-04]
try =     62 -> [χ² = 6.9545e-04]
try =     63 -> [χ² = 6.9520e-04]
try =     64 -> [χ² = 6.9728e-04]
try =     65 -> [χ² = 6.9668e-04]
try =     66 -> [χ² = 6.9668e-04]
try =     67 -> [χ² = 6.9634e-04]
try =     68 -> [χ² = 6.9608e-04]
try =     69 -> [χ² = 6.9707e-04]
try =     70 -> [χ² = 6.9724e-04]
try =     71 -> [χ² = 6.9636e-04]
try =     72 -> [χ² = 6.9682e-04]
try =     73 -> [χ² = 6.9694e-04]
try =     74 -> [χ² = 6.9656e-04]
try =     75 -> [χ² = 6.9721e-04]
try =     76 -> [χ² = 6.9693e-04]
try =     77 -> [χ² = 6.9876e-04]
try =     78 -> [χ² = 6.9728e-04]
try =     79 -> [χ² = 6.9795e-04]
try =     80 -> [χ² = 6.9850e-04]
try =     81 -> [χ² = 6.9748e-04]
try =     82 -> [χ² = 6.9690e-04]
try =     83 -> [χ² = 6.9652e-04]
try =     84 -> [χ² = 6.9613e-04]
try =     85 -> [χ² = 6.9565e-04]
try =     86 -> [χ² = 6.9542e-04]
try =     87 -> [χ² = 6.9692e-04]
try =     88 -> [χ² = 6.9678e-04]
try =     89 -> [χ² = 6.9729e-04]
try =     90 -> [χ² = 6.9805e-04]
try =     91 -> [χ² = 6.9685e-04]
try =     92 -> [χ² = 6.9641e-04]
try =     93 -> [χ² = 6.9723e-04]
try =     94 -> [χ² = 6.9671e-04]
try =     95 -> [χ² = 6.9690e-04]
try =     96 -> [χ² = 6.9763e-04]
try =     97 -> [χ² = 6.9704e-04]
try =     98 -> [χ² = 6.9760e-04]
try =     99 -> [χ² = 6.9725e-04]
try =    100 -> [χ² = 6.9814e-04]
try =    101 -> [χ² = 6.9816e-04]
try =    102 -> [χ² = 6.9660e-04]
try =    103 -> [χ² = 6.9681e-04]
try =    104 -> [χ² = 6.9637e-04]
try =    105 -> [χ² = 6.9825e-04]
try =    106 -> [χ² = 6.9587e-04]
try =    107 -> [χ² = 6.9592e-04]
try =    108 -> [χ² = 6.9638e-04]
try =    109 -> [χ² = 6.9597e-04]
try =    110 -> [χ² = 6.9701e-04]
try =    111 -> [χ² = 6.9576e-04]
try =    112 -> [χ² = 6.9776e-04]
try =    113 -> [χ² = 6.9680e-04]
try =    114 -> [χ² = 6.9678e-04]
try =    115 -> [χ² = 6.9598e-04]
try =    116 -> [χ² = 6.9575e-04]
try =    117 -> [χ² = 6.9610e-04]
try =    118 -> [χ² = 6.9574e-04]
try =    119 -> [χ² = 6.9580e-04]
try =    120 -> [χ² = 6.9583e-04]
try =    121 -> [χ² = 6.9769e-04]
try =    122 -> [χ² = 6.9733e-04]
try =    123 -> [χ² = 6.9739e-04]
try =    124 -> [χ² = 6.9774e-04]
try =    125 -> [χ² = 6.9723e-04]
try =    126 -> [χ² = 6.9669e-04]
try =    127 -> [χ² = 6.9675e-04]
try =    128 -> [χ² = 6.9609e-04]
try =    129 -> [χ² = 6.9741e-04]
try =    130 -> [χ² = 6.9786e-04]
try =    131 -> [χ² = 6.9709e-04]
try =    132 -> [χ² = 6.9687e-04]
try =    133 -> [χ² = 6.9596e-04]
try =    134 -> [χ² = 6.9749e-04]
try =    135 -> [χ² = 6.9669e-04]
try =    136 -> [χ² = 6.9693e-04]
try =    137 -> [χ² = 6.9762e-04]
try =    138 -> [χ² = 6.9820e-04]
try =    139 -> [χ² = 6.9725e-04]
try =    140 -> [χ² = 6.9695e-04]
try =    141 -> [χ² = 6.9651e-04]
try =    142 -> [χ² = 6.9617e-04]
try =    143 -> [χ² = 6.9764e-04]
try =    144 -> [χ² = 6.9609e-04]
try =    145 -> [χ² = 6.9542e-04]
try =    146 -> [χ² = 6.9647e-04]
try =    147 -> [χ² = 6.9691e-04]
try =    148 -> [χ² = 6.9626e-04]
try =    149 -> [χ² = 6.9739e-04]
try =    150 -> [χ² = 6.9754e-04]
try =    151 -> [χ² = 6.9702e-04]
try =    152 -> [χ² = 6.9750e-04]
try =    153 -> [χ² = 6.9651e-04]
try =    154 -> [χ² = 6.9799e-04]
try =    155 -> [χ² = 6.9669e-04]
try =    156 -> [χ² = 6.9624e-04]
try =    157 -> [χ² = 6.9696e-04]
try =    158 -> [χ² = 6.9584e-04]
try =    159 -> [χ² = 6.9624e-04]
try =    160 -> [χ² = 6.9734e-04]
try =    161 -> [χ² = 6.9688e-04]
try =    162 -> [χ² = 6.9724e-04]
try =    163 -> [χ² = 6.9715e-04]
try =    164 -> [χ² = 6.9616e-04]
try =    165 -> [χ² = 6.9609e-04]
try =    166 -> [χ² = 6.9630e-04]
try =    167 -> [χ² = 6.9625e-04]
try =    168 -> [χ² = 6.9567e-04]
try =    169 -> [χ² = 6.9650e-04]
try =    170 -> [χ² = 6.9670e-04]
try =    171 -> [χ² = 6.9655e-04]
try =    172 -> [χ² = 6.9579e-04]
try =    173 -> [χ² = 6.9999e-04]
try =    174 -> [χ² = 6.9709e-04]
try =    175 -> [χ² = 6.9733e-04]
try =    176 -> [χ² = 6.9686e-04]
try =    177 -> [χ² = 6.9703e-04]
try =    178 -> [χ² = 6.9554e-04]
try =    179 -> [χ² = 6.9760e-04]
try =    180 -> [χ² = 6.9638e-04]
try =    181 -> [χ² = 6.9658e-04]
try =    182 -> [χ² = 6.9881e-04]
try =    183 -> [χ² = 6.9694e-04]
try =    184 -> [χ² = 6.9624e-04]
try =    185 -> [χ² = 6.9643e-04]
try =    186 -> [χ² = 6.9660e-04]
try =    187 -> [χ² = 6.9883e-04]
try =    188 -> [χ² = 6.9762e-04]
try =    189 -> [χ² = 6.9834e-04]
try =    190 -> [χ² = 6.9718e-04]
try =    191 -> [χ² = 6.9580e-04]
try =    192 -> [χ² = 6.9699e-04]
try =    193 -> [χ² = 6.9794e-04]
try =    194 -> [χ² = 6.9850e-04]
try =    195 -> [χ² = 6.9759e-04]
try =    196 -> [χ² = 6.9649e-04]
try =    197 -> [χ² = 6.9660e-04]
try =    198 -> [χ² = 6.9765e-04]
try =    199 -> [χ² = 6.9809e-04]
try =    200 -> [χ² = 6.9675e-04]
Mean value of χ²: 0.0006970570567673135
Median value of χ²: 0.0006968320744581299
Accumulate 100 solutions to get the spectral density
The analytical continuation problem is solved successfully.
