[0;31;49m╔═╗╔═╗╔═╗[0m[0;35;49m┬  ┌─┐┬ ┬[0m
[0;32;49m╠═╣║  ╠╣ [0m[0;35;49m│  │ ││││[0m
[0;34;49m╩ ╩╚═╝╚  [0m[0;35;49m┴─┘└─┘└┴┘[0m
[0;30;49mA Modern Toolkit for Analytical Continuation Problems
[0m[0;30;49mPackage: [0m[0;35;49mACFlow
[0m[0;30;49mVersion: [0m[0;35;49m1.3.6-devel.230129
[0m[0;30;49mRelease: [0m[0;35;49m2023/01
[0m
[ Overview ]
Time : 2023-01-29 / 17:30:58
Para : Using 1 processor (myid = 1)
Dirs : /Users/lihuang/Working/devel/acflow/test/Y09/t06
Task : ac.toml

[ StochPX ]
Create infrastructure for Monte Carlo sampling
Randomize Monte Carlo configurations
Postprocess input data: 10 points
Build grid for input data: 10 points
Build mesh for spectrum: 501 points
Start thermalization...
Start stochastic sampling...
try =      1 -> [χ² = 1.6659e-07]
try =      2 -> [χ² = 1.6967e-07]
try =      3 -> [χ² = 1.7586e-07]
try =      4 -> [χ² = 1.7985e-07]
try =      5 -> [χ² = 1.7630e-07]
try =      6 -> [χ² = 1.7007e-07]
try =      7 -> [χ² = 1.8051e-07]
try =      8 -> [χ² = 1.6813e-07]
try =      9 -> [χ² = 2.0562e-07]
try =     10 -> [χ² = 1.7871e-07]
try =     11 -> [χ² = 1.7699e-07]
try =     12 -> [χ² = 1.5288e-07]
try =     13 -> [χ² = 1.5212e-07]
try =     14 -> [χ² = 1.9615e-07]
try =     15 -> [χ² = 1.6631e-07]
try =     16 -> [χ² = 1.6573e-07]
try =     17 -> [χ² = 1.8524e-07]
try =     18 -> [χ² = 1.8366e-07]
try =     19 -> [χ² = 1.9067e-07]
try =     20 -> [χ² = 1.6718e-07]
try =     21 -> [χ² = 1.5687e-07]
try =     22 -> [χ² = 1.6983e-07]
try =     23 -> [χ² = 1.8027e-07]
try =     24 -> [χ² = 1.6312e-07]
try =     25 -> [χ² = 1.8309e-07]
try =     26 -> [χ² = 1.8870e-07]
try =     27 -> [χ² = 1.9015e-07]
try =     28 -> [χ² = 1.6593e-07]
try =     29 -> [χ² = 1.4974e-07]
try =     30 -> [χ² = 1.7443e-07]
try =     31 -> [χ² = 2.0772e-07]
try =     32 -> [χ² = 1.6280e-07]
try =     33 -> [χ² = 1.7870e-07]
try =     34 -> [χ² = 1.6861e-07]
try =     35 -> [χ² = 1.7207e-07]
try =     36 -> [χ² = 1.8357e-07]
try =     37 -> [χ² = 2.1646e-07]
try =     38 -> [χ² = 1.5782e-07]
try =     39 -> [χ² = 1.6826e-07]
try =     40 -> [χ² = 1.6783e-07]
try =     41 -> [χ² = 1.5213e-07]
try =     42 -> [χ² = 1.7981e-07]
try =     43 -> [χ² = 1.5801e-07]
try =     44 -> [χ² = 1.8896e-07]
try =     45 -> [χ² = 1.6962e-07]
try =     46 -> [χ² = 1.7519e-07]
try =     47 -> [χ² = 1.9134e-07]
try =     48 -> [χ² = 1.7987e-07]
try =     49 -> [χ² = 1.7824e-07]
try =     50 -> [χ² = 1.7658e-07]
try =     51 -> [χ² = 1.5284e-07]
try =     52 -> [χ² = 1.5922e-07]
try =     53 -> [χ² = 1.8851e-07]
try =     54 -> [χ² = 1.9027e-07]
try =     55 -> [χ² = 1.5563e-07]
try =     56 -> [χ² = 1.7877e-07]
try =     57 -> [χ² = 1.4719e-07]
try =     58 -> [χ² = 1.8112e-07]
try =     59 -> [χ² = 1.5883e-07]
try =     60 -> [χ² = 1.5469e-07]
try =     61 -> [χ² = 1.9099e-07]
try =     62 -> [χ² = 1.8015e-07]
try =     63 -> [χ² = 1.8067e-07]
try =     64 -> [χ² = 1.9572e-07]
try =     65 -> [χ² = 1.6226e-07]
try =     66 -> [χ² = 2.0629e-07]
try =     67 -> [χ² = 1.8552e-07]
try =     68 -> [χ² = 2.0427e-07]
try =     69 -> [χ² = 1.7578e-07]
try =     70 -> [χ² = 1.7728e-07]
try =     71 -> [χ² = 1.5413e-07]
try =     72 -> [χ² = 1.5241e-07]
try =     73 -> [χ² = 1.5656e-07]
try =     74 -> [χ² = 1.7034e-07]
try =     75 -> [χ² = 1.8829e-07]
try =     76 -> [χ² = 1.7542e-07]
try =     77 -> [χ² = 1.6282e-07]
try =     78 -> [χ² = 1.7682e-07]
try =     79 -> [χ² = 1.6585e-07]
try =     80 -> [χ² = 1.8728e-07]
try =     81 -> [χ² = 1.7282e-07]
try =     82 -> [χ² = 1.8557e-07]
try =     83 -> [χ² = 1.6092e-07]
try =     84 -> [χ² = 1.8809e-07]
try =     85 -> [χ² = 2.0017e-07]
try =     86 -> [χ² = 1.7527e-07]
try =     87 -> [χ² = 1.8188e-07]
try =     88 -> [χ² = 1.9103e-07]
try =     89 -> [χ² = 1.8511e-07]
try =     90 -> [χ² = 2.0695e-07]
try =     91 -> [χ² = 1.5293e-07]
try =     92 -> [χ² = 1.4642e-07]
try =     93 -> [χ² = 1.5022e-07]
try =     94 -> [χ² = 1.5933e-07]
try =     95 -> [χ² = 1.7232e-07]
try =     96 -> [χ² = 1.7688e-07]
try =     97 -> [χ² = 1.5931e-07]
try =     98 -> [χ² = 1.6726e-07]
try =     99 -> [χ² = 1.6281e-07]
try =    100 -> [χ² = 1.7766e-07]
try =    101 -> [χ² = 1.5937e-07]
try =    102 -> [χ² = 1.6726e-07]
try =    103 -> [χ² = 1.7253e-07]
try =    104 -> [χ² = 1.6569e-07]
try =    105 -> [χ² = 1.6104e-07]
try =    106 -> [χ² = 1.8406e-07]
try =    107 -> [χ² = 1.7518e-07]
try =    108 -> [χ² = 1.8309e-07]
try =    109 -> [χ² = 1.7553e-07]
try =    110 -> [χ² = 1.7268e-07]
try =    111 -> [χ² = 1.5965e-07]
try =    112 -> [χ² = 1.4671e-07]
try =    113 -> [χ² = 1.8620e-07]
try =    114 -> [χ² = 1.6205e-07]
try =    115 -> [χ² = 1.6217e-07]
try =    116 -> [χ² = 1.9364e-07]
try =    117 -> [χ² = 1.8224e-07]
try =    118 -> [χ² = 1.6720e-07]
try =    119 -> [χ² = 1.6940e-07]
try =    120 -> [χ² = 1.7642e-07]
try =    121 -> [χ² = 1.6448e-07]
try =    122 -> [χ² = 1.8820e-07]
try =    123 -> [χ² = 1.7538e-07]
try =    124 -> [χ² = 1.6105e-07]
try =    125 -> [χ² = 1.7680e-07]
try =    126 -> [χ² = 1.7335e-07]
try =    127 -> [χ² = 1.5828e-07]
try =    128 -> [χ² = 1.6536e-07]
try =    129 -> [χ² = 1.8531e-07]
try =    130 -> [χ² = 2.0453e-07]
try =    131 -> [χ² = 2.0665e-07]
try =    132 -> [χ² = 1.7754e-07]
try =    133 -> [χ² = 1.9433e-07]
try =    134 -> [χ² = 1.6305e-07]
try =    135 -> [χ² = 1.7978e-07]
try =    136 -> [χ² = 1.6720e-07]
try =    137 -> [χ² = 1.8796e-07]
try =    138 -> [χ² = 1.9441e-07]
try =    139 -> [χ² = 1.7491e-07]
try =    140 -> [χ² = 1.8234e-07]
try =    141 -> [χ² = 1.7400e-07]
try =    142 -> [χ² = 1.5140e-07]
try =    143 -> [χ² = 1.6772e-07]
try =    144 -> [χ² = 1.8738e-07]
try =    145 -> [χ² = 1.6232e-07]
try =    146 -> [χ² = 1.7431e-07]
try =    147 -> [χ² = 1.7520e-07]
try =    148 -> [χ² = 1.6051e-07]
try =    149 -> [χ² = 1.6780e-07]
try =    150 -> [χ² = 1.7063e-07]
try =    151 -> [χ² = 1.6982e-07]
try =    152 -> [χ² = 1.6142e-07]
try =    153 -> [χ² = 1.8383e-07]
try =    154 -> [χ² = 1.7368e-07]
try =    155 -> [χ² = 1.6371e-07]
try =    156 -> [χ² = 2.2118e-07]
try =    157 -> [χ² = 1.5616e-07]
try =    158 -> [χ² = 1.5056e-07]
try =    159 -> [χ² = 1.8517e-07]
try =    160 -> [χ² = 1.7940e-07]
try =    161 -> [χ² = 1.8026e-07]
try =    162 -> [χ² = 1.8333e-07]
try =    163 -> [χ² = 1.6290e-07]
try =    164 -> [χ² = 1.8409e-07]
try =    165 -> [χ² = 1.6120e-07]
try =    166 -> [χ² = 1.9648e-07]
try =    167 -> [χ² = 1.7930e-07]
try =    168 -> [χ² = 1.6996e-07]
try =    169 -> [χ² = 2.5469e-07]
try =    170 -> [χ² = 1.7546e-07]
try =    171 -> [χ² = 1.6337e-07]
try =    172 -> [χ² = 1.8424e-07]
try =    173 -> [χ² = 1.8467e-07]
try =    174 -> [χ² = 1.8004e-07]
try =    175 -> [χ² = 1.7218e-07]
try =    176 -> [χ² = 1.6646e-07]
try =    177 -> [χ² = 1.9158e-07]
try =    178 -> [χ² = 1.9430e-07]
try =    179 -> [χ² = 1.9743e-07]
try =    180 -> [χ² = 1.9988e-07]
try =    181 -> [χ² = 1.7255e-07]
try =    182 -> [χ² = 1.7834e-07]
try =    183 -> [χ² = 1.8505e-07]
try =    184 -> [χ² = 1.6396e-07]
try =    185 -> [χ² = 1.6373e-07]
try =    186 -> [χ² = 1.3725e-07]
try =    187 -> [χ² = 1.7997e-07]
try =    188 -> [χ² = 1.7404e-07]
try =    189 -> [χ² = 2.0336e-07]
try =    190 -> [χ² = 1.8081e-07]
try =    191 -> [χ² = 1.5222e-07]
try =    192 -> [χ² = 1.8411e-07]
try =    193 -> [χ² = 1.7024e-07]
try =    194 -> [χ² = 1.7682e-07]
try =    195 -> [χ² = 1.6119e-07]
try =    196 -> [χ² = 1.9867e-07]
try =    197 -> [χ² = 1.9957e-07]
try =    198 -> [χ² = 1.7195e-07]
try =    199 -> [χ² = 1.8024e-07]
try =    200 -> [χ² = 1.7419e-07]
Mean value of χ²: 1.7541072918545054e-7
Median value of χ²: 1.7523561075645488e-7
Accumulate 100 solutions to get the spectral density
The analytical continuation problem is solved successfully.
